stm32f7xx_hal_msp.c:67:6:HAL_MspInit	8	static
stm32f7xx_hal_msp.c:89:6:HAL_DCMI_MspInit	72	static
stm32f7xx_hal_msp.c:191:6:HAL_DCMI_MspDeInit	8	static
stm32f7xx_hal_msp.c:242:6:HAL_I2C_MspInit	40	static
stm32f7xx_hal_msp.c:278:6:HAL_I2C_MspDeInit	0	static
stm32f7xx_hal_msp.c:307:6:HAL_TIM_Base_MspInit	16	static
stm32f7xx_hal_msp.c:337:6:HAL_TIM_MspPostInit	32	static
stm32f7xx_hal_msp.c:369:6:HAL_TIM_Base_MspDeInit	0	static
stm32f7xx_hal_msp.c:405:6:HAL_UART_MspInit	40	static
stm32f7xx_hal_msp.c:441:6:HAL_UART_MspDeInit	0	static
