Archive member included to satisfy reference by file (symbol)

/opt/Atollic_TrueSTUDIO_for_STM32_x86_64_9.3.0/ARMTools/bin/../lib/gcc/arm-atollic-eabi/6.3.1/../../../../arm-atollic-eabi/lib/armv7e-m/fpu/fpv5-d16/libc_nano.a(lib_a-init.o)
                              startup/startup_stm32f767xx.o (__libc_init_array)
/opt/Atollic_TrueSTUDIO_for_STM32_x86_64_9.3.0/ARMTools/bin/../lib/gcc/arm-atollic-eabi/6.3.1/../../../../arm-atollic-eabi/lib/armv7e-m/fpu/fpv5-d16/libc_nano.a(lib_a-malloc.o)
                              Src/funciones.o (malloc)
/opt/Atollic_TrueSTUDIO_for_STM32_x86_64_9.3.0/ARMTools/bin/../lib/gcc/arm-atollic-eabi/6.3.1/../../../../arm-atollic-eabi/lib/armv7e-m/fpu/fpv5-d16/libc_nano.a(lib_a-memcmp.o)
                              Middlewares/Third_Party/LwIP/src/netif/ethernet.o (memcmp)
/opt/Atollic_TrueSTUDIO_for_STM32_x86_64_9.3.0/ARMTools/bin/../lib/gcc/arm-atollic-eabi/6.3.1/../../../../arm-atollic-eabi/lib/armv7e-m/fpu/fpv5-d16/libc_nano.a(lib_a-memcpy-stub.o)
                              Middlewares/Third_Party/LwIP/src/core/ipv4/icmp.o (memcpy)
/opt/Atollic_TrueSTUDIO_for_STM32_x86_64_9.3.0/ARMTools/bin/../lib/gcc/arm-atollic-eabi/6.3.1/../../../../arm-atollic-eabi/lib/armv7e-m/fpu/fpv5-d16/libc_nano.a(lib_a-memset.o)
                              Middlewares/Third_Party/LwIP/src/apps/mqtt/mqtt.o (memset)
/opt/Atollic_TrueSTUDIO_for_STM32_x86_64_9.3.0/ARMTools/bin/../lib/gcc/arm-atollic-eabi/6.3.1/../../../../arm-atollic-eabi/lib/armv7e-m/fpu/fpv5-d16/libc_nano.a(lib_a-nano-freer.o)
                              /opt/Atollic_TrueSTUDIO_for_STM32_x86_64_9.3.0/ARMTools/bin/../lib/gcc/arm-atollic-eabi/6.3.1/../../../../arm-atollic-eabi/lib/armv7e-m/fpu/fpv5-d16/libc_nano.a(lib_a-malloc.o) (_free_r)
/opt/Atollic_TrueSTUDIO_for_STM32_x86_64_9.3.0/ARMTools/bin/../lib/gcc/arm-atollic-eabi/6.3.1/../../../../arm-atollic-eabi/lib/armv7e-m/fpu/fpv5-d16/libc_nano.a(lib_a-nano-mallocr.o)
                              /opt/Atollic_TrueSTUDIO_for_STM32_x86_64_9.3.0/ARMTools/bin/../lib/gcc/arm-atollic-eabi/6.3.1/../../../../arm-atollic-eabi/lib/armv7e-m/fpu/fpv5-d16/libc_nano.a(lib_a-malloc.o) (_malloc_r)
/opt/Atollic_TrueSTUDIO_for_STM32_x86_64_9.3.0/ARMTools/bin/../lib/gcc/arm-atollic-eabi/6.3.1/../../../../arm-atollic-eabi/lib/armv7e-m/fpu/fpv5-d16/libc_nano.a(lib_a-printf.o)
                              Middlewares/Third_Party/LwIP/src/apps/mqtt/mqtt.o (printf)
/opt/Atollic_TrueSTUDIO_for_STM32_x86_64_9.3.0/ARMTools/bin/../lib/gcc/arm-atollic-eabi/6.3.1/../../../../arm-atollic-eabi/lib/armv7e-m/fpu/fpv5-d16/libc_nano.a(lib_a-puts.o)
                              Src/main.o (puts)
/opt/Atollic_TrueSTUDIO_for_STM32_x86_64_9.3.0/ARMTools/bin/../lib/gcc/arm-atollic-eabi/6.3.1/../../../../arm-atollic-eabi/lib/armv7e-m/fpu/fpv5-d16/libc_nano.a(lib_a-reent.o)
                              Src/syscalls.o (errno)
/opt/Atollic_TrueSTUDIO_for_STM32_x86_64_9.3.0/ARMTools/bin/../lib/gcc/arm-atollic-eabi/6.3.1/../../../../arm-atollic-eabi/lib/armv7e-m/fpu/fpv5-d16/libc_nano.a(lib_a-sbrkr.o)
                              /opt/Atollic_TrueSTUDIO_for_STM32_x86_64_9.3.0/ARMTools/bin/../lib/gcc/arm-atollic-eabi/6.3.1/../../../../arm-atollic-eabi/lib/armv7e-m/fpu/fpv5-d16/libc_nano.a(lib_a-nano-mallocr.o) (_sbrk_r)
/opt/Atollic_TrueSTUDIO_for_STM32_x86_64_9.3.0/ARMTools/bin/../lib/gcc/arm-atollic-eabi/6.3.1/../../../../arm-atollic-eabi/lib/armv7e-m/fpu/fpv5-d16/libc_nano.a(lib_a-strlen.o)
                              Middlewares/Third_Party/LwIP/src/apps/mqtt/mqtt.o (strlen)
/opt/Atollic_TrueSTUDIO_for_STM32_x86_64_9.3.0/ARMTools/bin/../lib/gcc/arm-atollic-eabi/6.3.1/../../../../arm-atollic-eabi/lib/armv7e-m/fpu/fpv5-d16/libc_nano.a(lib_a-strncmp.o)
                              Middlewares/Third_Party/LwIP/src/core/def.o (strncmp)
/opt/Atollic_TrueSTUDIO_for_STM32_x86_64_9.3.0/ARMTools/bin/../lib/gcc/arm-atollic-eabi/6.3.1/../../../../arm-atollic-eabi/lib/armv7e-m/fpu/fpv5-d16/libc_nano.a(lib_a-wbuf.o)
                              /opt/Atollic_TrueSTUDIO_for_STM32_x86_64_9.3.0/ARMTools/bin/../lib/gcc/arm-atollic-eabi/6.3.1/../../../../arm-atollic-eabi/lib/armv7e-m/fpu/fpv5-d16/libc_nano.a(lib_a-puts.o) (__swbuf_r)
/opt/Atollic_TrueSTUDIO_for_STM32_x86_64_9.3.0/ARMTools/bin/../lib/gcc/arm-atollic-eabi/6.3.1/../../../../arm-atollic-eabi/lib/armv7e-m/fpu/fpv5-d16/libc_nano.a(lib_a-wsetup.o)
                              /opt/Atollic_TrueSTUDIO_for_STM32_x86_64_9.3.0/ARMTools/bin/../lib/gcc/arm-atollic-eabi/6.3.1/../../../../arm-atollic-eabi/lib/armv7e-m/fpu/fpv5-d16/libc_nano.a(lib_a-puts.o) (__swsetup_r)
/opt/Atollic_TrueSTUDIO_for_STM32_x86_64_9.3.0/ARMTools/bin/../lib/gcc/arm-atollic-eabi/6.3.1/../../../../arm-atollic-eabi/lib/armv7e-m/fpu/fpv5-d16/libc_nano.a(lib_a-fflush.o)
                              /opt/Atollic_TrueSTUDIO_for_STM32_x86_64_9.3.0/ARMTools/bin/../lib/gcc/arm-atollic-eabi/6.3.1/../../../../arm-atollic-eabi/lib/armv7e-m/fpu/fpv5-d16/libc_nano.a(lib_a-wbuf.o) (_fflush_r)
[...]
Memory Configuration

Name             Origin             Length             Attributes
RAM              0x0000000020000000 0x0000000000080000 xrw
FLASH            0x0000000008000000 0x0000000000200000 xr
*default*        0x0000000000000000 0xffffffffffffffff

Linker script and memory map

LOAD /opt/Atollic_TrueSTUDIO_for_STM32_x86_64_9.3.0/ARMTools/bin/../lib/gcc/arm-atollic-eabi/6.3.1/armv7e-m/fpu/fpv5-d16/crti.o
LOAD /opt/Atollic_TrueSTUDIO_for_STM32_x86_64_9.3.0/ARMTools/bin/../lib/gcc/arm-atollic-eabi/6.3.1/armv7e-m/fpu/fpv5-d16/crtbegin.o
LOAD Drivers/STM32F7xx_HAL_Driver/Src/stm32f7xx_hal.o
LOAD Drivers/STM32F7xx_HAL_Driver/Src/stm32f7xx_hal_cortex.o
LOAD Drivers/STM32F7xx_HAL_Driver/Src/stm32f7xx_hal_dcmi.o
LOAD Drivers/STM32F7xx_HAL_Driver/Src/stm32f7xx_hal_dcmi_ex.o
LOAD Drivers/STM32F7xx_HAL_Driver/Src/stm32f7xx_hal_dma.o
LOAD Drivers/STM32F7xx_HAL_Driver/Src/stm32f7xx_hal_dma_ex.o
LOAD Drivers/STM32F7xx_HAL_Driver/Src/stm32f7xx_hal_eth.o
LOAD Drivers/STM32F7xx_HAL_Driver/Src/stm32f7xx_hal_exti.o
LOAD Drivers/STM32F7xx_HAL_Driver/Src/stm32f7xx_hal_flash.o
LOAD Drivers/STM32F7xx_HAL_Driver/Src/stm32f7xx_hal_flash_ex.o
LOAD Drivers/STM32F7xx_HAL_Driver/Src/stm32f7xx_hal_gpio.o
LOAD Drivers/STM32F7xx_HAL_Driver/Src/stm32f7xx_hal_i2c.o
LOAD Drivers/STM32F7xx_HAL_Driver/Src/stm32f7xx_hal_i2c_ex.o
LOAD Drivers/STM32F7xx_HAL_Driver/Src/stm32f7xx_hal_pwr.o
LOAD Drivers/STM32F7xx_HAL_Driver/Src/stm32f7xx_hal_pwr_ex.o
LOAD Drivers/STM32F7xx_HAL_Driver/Src/stm32f7xx_hal_rcc.o
LOAD Drivers/STM32F7xx_HAL_Driver/Src/stm32f7xx_hal_rcc_ex.o
LOAD Drivers/STM32F7xx_HAL_Driver/Src/stm32f7xx_hal_tim.o
LOAD Drivers/STM32F7xx_HAL_Driver/Src/stm32f7xx_hal_tim_ex.o
LOAD Drivers/STM32F7xx_HAL_Driver/Src/stm32f7xx_hal_uart.o
LOAD Middlewares/Third_Party/LwIP/src/api/api_lib.o
LOAD Middlewares/Third_Party/LwIP/src/api/api_msg.o
LOAD Middlewares/Third_Party/LwIP/src/api/err.o
LOAD Middlewares/Third_Party/LwIP/src/api/netbuf.o
LOAD Middlewares/Third_Party/LwIP/src/api/netdb.o
LOAD Middlewares/Third_Party/LwIP/src/api/netifapi.o
LOAD Middlewares/Third_Party/LwIP/src/api/sockets.o
LOAD Middlewares/Third_Party/LwIP/src/api/tcpip.o
LOAD Middlewares/Third_Party/LwIP/src/apps/mqtt/mqtt.o
LOAD Middlewares/Third_Party/LwIP/src/core/def.o
LOAD Middlewares/Third_Party/LwIP/src/core/dns.o
LOAD Middlewares/Third_Party/LwIP/src/core/inet_chksum.o
LOAD Middlewares/Third_Party/LwIP/src/core/init.o
LOAD Middlewares/Third_Party/LwIP/src/core/ip.o
LOAD Middlewares/Third_Party/LwIP/src/core/ipv4/autoip.o
LOAD Middlewares/Third_Party/LwIP/src/core/ipv4/dhcp.o
LOAD Middlewares/Third_Party/LwIP/src/core/ipv4/etharp.o
LOAD Middlewares/Third_Party/LwIP/src/core/ipv4/icmp.o
LOAD Middlewares/Third_Party/LwIP/src/core/ipv4/igmp.o
LOAD Middlewares/Third_Party/LwIP/src/core/ipv4/ip4.o
LOAD Middlewares/Third_Party/LwIP/src/core/ipv4/ip4_addr.o
LOAD Middlewares/Third_Party/LwIP/src/core/ipv4/ip4_frag.o
LOAD Middlewares/Third_Party/LwIP/src/core/ipv6/dhcp6.o
LOAD Middlewares/Third_Party/LwIP/src/core/ipv6/ethip6.o
LOAD Middlewares/Third_Party/LwIP/src/core/ipv6/icmp6.o
LOAD Middlewares/Third_Party/LwIP/src/core/ipv6/inet6.o
LOAD Middlewares/Third_Party/LwIP/src/core/ipv6/ip6.o
LOAD Middlewares/Third_Party/LwIP/src/core/ipv6/ip6_addr.o
LOAD Middlewares/Third_Party/LwIP/src/core/ipv6/ip6_frag.o
LOAD Middlewares/Third_Party/LwIP/src/core/ipv6/mld6.o
LOAD Middlewares/Third_Party/LwIP/src/core/ipv6/nd6.o
LOAD Middlewares/Third_Party/LwIP/src/core/mem.o
LOAD Middlewares/Third_Party/LwIP/src/core/memp.o
LOAD Middlewares/Third_Party/LwIP/src/core/netif.o
LOAD Middlewares/Third_Party/LwIP/src/core/pbuf.o
LOAD Middlewares/Third_Party/LwIP/src/core/raw.o
LOAD Middlewares/Third_Party/LwIP/src/core/stats.o
LOAD Middlewares/Third_Party/LwIP/src/core/sys.o
LOAD Middlewares/Third_Party/LwIP/src/core/tcp.o
LOAD Middlewares/Third_Party/LwIP/src/core/tcp_in.o
LOAD Middlewares/Third_Party/LwIP/src/core/tcp_out.o
LOAD Middlewares/Third_Party/LwIP/src/core/timeouts.o
LOAD Middlewares/Third_Party/LwIP/src/core/udp.o
LOAD Middlewares/Third_Party/LwIP/src/netif/ethernet.o
LOAD Middlewares/Third_Party/LwIP/src/netif/lowpan6.o
LOAD Middlewares/Third_Party/LwIP/src/netif/ppp/auth.o
LOAD Middlewares/Third_Party/LwIP/src/netif/ppp/ccp.o
LOAD Middlewares/Third_Party/LwIP/src/netif/ppp/chap-md5.o
LOAD Middlewares/Third_Party/LwIP/src/netif/ppp/chap-new.o
LOAD Middlewares/Third_Party/LwIP/src/netif/ppp/chap_ms.o
LOAD Middlewares/Third_Party/LwIP/src/netif/ppp/demand.o
LOAD Middlewares/Third_Party/LwIP/src/netif/ppp/eap.o
LOAD Middlewares/Third_Party/LwIP/src/netif/ppp/ecp.o
LOAD Middlewares/Third_Party/LwIP/src/netif/ppp/eui64.o
LOAD Middlewares/Third_Party/LwIP/src/netif/ppp/fsm.o
LOAD Middlewares/Third_Party/LwIP/src/netif/ppp/ipcp.o
LOAD Middlewares/Third_Party/LwIP/src/netif/ppp/ipv6cp.o
LOAD Middlewares/Third_Party/LwIP/src/netif/ppp/lcp.o
LOAD Middlewares/Third_Party/LwIP/src/netif/ppp/magic.o
LOAD Middlewares/Third_Party/LwIP/src/netif/ppp/mppe.o
LOAD Middlewares/Third_Party/LwIP/src/netif/ppp/multilink.o
LOAD Middlewares/Third_Party/LwIP/src/netif/ppp/ppp.o
LOAD Middlewares/Third_Party/LwIP/src/netif/ppp/pppapi.o
LOAD Middlewares/Third_Party/LwIP/src/netif/ppp/pppcrypt.o
LOAD Middlewares/Third_Party/LwIP/src/netif/ppp/pppoe.o
LOAD Middlewares/Third_Party/LwIP/src/netif/ppp/pppol2tp.o
LOAD Middlewares/Third_Party/LwIP/src/netif/ppp/pppos.o
LOAD Middlewares/Third_Party/LwIP/src/netif/ppp/upap.o
LOAD Middlewares/Third_Party/LwIP/src/netif/ppp/utils.o
LOAD Middlewares/Third_Party/LwIP/src/netif/ppp/vj.o
LOAD Middlewares/Third_Party/LwIP/src/netif/slipif.o
LOAD Src/SCCB.o
LOAD Src/dwt_delay.o
LOAD Src/ethernetif.o
LOAD Src/funciones.o
LOAD Src/lwip.o
LOAD Src/main.o
LOAD Src/ov7670.o
LOAD Src/stm32f7xx_hal_msp.o
LOAD Src/stm32f7xx_it.o
LOAD Src/syscalls.o
LOAD Src/system_stm32f7xx.o
LOAD startup/startup_stm32f767xx.o
                0x0000000000000080                malloc_getpagesize_P = 0x80
START GROUP
LOAD /opt/Atollic_TrueSTUDIO_for_STM32_x86_64_9.3.0/ARMTools/bin/../lib/gcc/arm-atollic-eabi/6.3.1/../../../../arm-atollic-eabi/lib/armv7e-m/fpu/fpv5-d16/libc_nano.a
LOAD /opt/Atollic_TrueSTUDIO_for_STM32_x86_64_9.3.0/ARMTools/bin/../lib/gcc/arm-atollic-eabi/6.3.1/../../../../arm-atollic-eabi/lib/armv7e-m/fpu/fpv5-d16/libm.a
END GROUP
START GROUP
LOAD /opt/Atollic_TrueSTUDIO_for_STM32_x86_64_9.3.0/ARMTools/bin/../lib/gcc/arm-atollic-eabi/6.3.1/armv7e-m/fpu/fpv5-d16/libgcc.a
LOAD /opt/Atollic_TrueSTUDIO_for_STM32_x86_64_9.3.0/ARMTools/bin/../lib/gcc/arm-atollic-eabi/6.3.1/../../../../arm-atollic-eabi/lib/armv7e-m/fpu/fpv5-d16/libc_nano.a
END GROUP
START GROUP
LOAD /opt/Atollic_TrueSTUDIO_for_STM32_x86_64_9.3.0/ARMTools/bin/../lib/gcc/arm-atollic-eabi/6.3.1/armv7e-m/fpu/fpv5-d16/libgcc.a
LOAD /opt/Atollic_TrueSTUDIO_for_STM32_x86_64_9.3.0/ARMTools/bin/../lib/gcc/arm-atollic-eabi/6.3.1/../../../../arm-atollic-eabi/lib/armv7e-m/fpu/fpv5-d16/libc_nano.a
LOAD /opt/Atollic_TrueSTUDIO_for_STM32_x86_64_9.3.0/ARMTools/bin/../lib/gcc/arm-atollic-eabi/6.3.1/../../../../arm-atollic-eabi/lib/armv7e-m/fpu/fpv5-d16/libnosys.a
END GROUP
START GROUP
LOAD /opt/Atollic_TrueSTUDIO_for_STM32_x86_64_9.3.0/ARMTools/bin/../lib/gcc/arm-atollic-eabi/6.3.1/armv7e-m/fpu/fpv5-d16/libgcc.a
LOAD /opt/Atollic_TrueSTUDIO_for_STM32_x86_64_9.3.0/ARMTools/bin/../lib/gcc/arm-atollic-eabi/6.3.1/../../../../arm-atollic-eabi/lib/armv7e-m/fpu/fpv5-d16/libc_nano.a
LOAD /opt/Atollic_TrueSTUDIO_for_STM32_x86_64_9.3.0/ARMTools/bin/../lib/gcc/arm-atollic-eabi/6.3.1/../../../../arm-atollic-eabi/lib/armv7e-m/fpu/fpv5-d16/libnosys.a
END GROUP
LOAD /opt/Atollic_TrueSTUDIO_for_STM32_x86_64_9.3.0/ARMTools/bin/../lib/gcc/arm-atollic-eabi/6.3.1/armv7e-m/fpu/fpv5-d16/crtend.o
LOAD /opt/Atollic_TrueSTUDIO_for_STM32_x86_64_9.3.0/ARMTools/bin/../lib/gcc/arm-atollic-eabi/6.3.1/armv7e-m/fpu/fpv5-d16/crtn.o
                0x0000000020080000                _estack = 0x20080000
                0x0000000000000200                _Min_Heap_Size = 0x200
                0x0000000000000400                _Min_Stack_Size = 0x400

.isr_vector     0x0000000008000000      0x1f8
                0x0000000008000000                . = ALIGN (0x4)
 *(.isr_vector)
 .isr_vector    0x0000000008000000      0x1f8 startup/startup_stm32f767xx.o
                0x0000000008000000                g_pfnVectors
                0x00000000080001f8                . = ALIGN (0x4)

.text           0x0000000008000200     0x4b3c
                0x0000000008000200                . = ALIGN (0x4)
 *(.text)
 .text          0x0000000008000200       0x40 /opt/Atollic_TrueSTUDIO_for_STM32_x86_64_9.3.0/ARMTools/bin/../lib/gcc/arm-atollic-eabi/6.3.1/armv7e-m/fpu/fpv5-d16/crtbegin.o
 .text          0x0000000008000240       0xa0 /opt/Atollic_TrueSTUDIO_for_STM32_x86_64_9.3.0/ARMTools/bin/../lib/gcc/arm-atollic-eabi/6.3.1/../../../../arm-atollic-eabi/lib/armv7e-m/fpu/fpv5-d16/libc_nano.a(lib_a-memchr.o)
                0x0000000008000240                memchr
 .text          0x00000000080002e0       0x30 /opt/Atollic_TrueSTUDIO_for_STM32_x86_64_9.3.0/ARMTools/bin/../lib/gcc/arm-atollic-eabi/6.3.1/armv7e-m/fpu/fpv5-d16/libgcc.a(_aeabi_uldivmod.o)
                0x00000000080002e0                __aeabi_uldivmod
 .text          0x0000000008000310      0x2dc /opt/Atollic_TrueSTUDIO_for_STM32_x86_64_9.3.0/ARMTools/bin/../lib/gcc/arm-atollic-eabi/6.3.1/armv7e-m/fpu/fpv5-d16/libgcc.a(_udivmoddi4.o)
                0x0000000008000310                __udivmoddi4
 .text          0x00000000080005ec        0x4 /opt/Atollic_TrueSTUDIO_for_STM32_x86_64_9.3.0/ARMTools/bin/../lib/gcc/arm-atollic-eabi/6.3.1/armv7e-m/fpu/fpv5-d16/libgcc.a(_dvmd_tls.o)
                0x00000000080005ec                __aeabi_ldiv0
                0x00000000080005ec                __aeabi_idiv0
 *(.text*)
 .text.HAL_InitTick
                0x00000000080005f0       0x48 Drivers/STM32F7xx_HAL_Driver/Src/stm32f7xx_hal.o
                0x00000000080005f0                HAL_InitTick
 .text.HAL_Init
                0x0000000008000638       0x16 Drivers/STM32F7xx_HAL_Driver/Src/stm32f7xx_hal.o
                0x0000000008000638                HAL_Init
 *fill*         0x000000000800064e        0x2 
 .text.HAL_IncTick
                0x0000000008000650       0x18 Drivers/STM32F7xx_HAL_Driver/Src/stm32f7xx_hal.o
                0x0000000008000650                HAL_IncTick
 .text.HAL_GetTick
                0x0000000008000668        0xc Drivers/STM32F7xx_HAL_Driver/Src/stm32f7xx_hal.o
                0x0000000008000668                HAL_GetTick
 .text.HAL_Delay
                0x0000000008000674       0x24 Drivers/STM32F7xx_HAL_Driver/Src/stm32f7xx_hal.o
                0x0000000008000674                HAL_Delay
 .text.HAL_NVIC_SetPriorityGrouping
                0x0000000008000698       0x24 Drivers/STM32F7xx_HAL_Driver/Src/stm32f7xx_hal_cortex.o
                0x0000000008000698                HAL_NVIC_SetPriorityGrouping
 .text.HAL_NVIC_SetPriority
                0x00000000080006bc       0x70 Drivers/STM32F7xx_HAL_Driver/Src/stm32f7xx_hal_cortex.o
                0x00000000080006bc                HAL_NVIC_SetPriority
 .text.HAL_NVIC_EnableIRQ
                0x000000000800072c       0x1c Drivers/STM32F7xx_HAL_Driver/Src/stm32f7xx_hal_cortex.o
                0x000000000800072c                HAL_NVIC_EnableIRQ
 .text.HAL_SYSTICK_Config
                0x0000000008000748       0x2c Drivers/STM32F7xx_HAL_Driver/Src/stm32f7xx_hal_cortex.o
                0x0000000008000748                HAL_SYSTICK_Config
 .text.DCMI_DMAXferCplt
                0x0000000008000774       0x7c Drivers/STM32F7xx_HAL_Driver/Src/stm32f7xx_hal_dcmi.o
 .text.HAL_DCMI_Init
                0x00000000080007f0       0x8c Drivers/STM32F7xx_HAL_Driver/Src/stm32f7xx_hal_dcmi.o
                0x00000000080007f0                HAL_DCMI_Init
 .text.HAL_DCMI_Start_DMA
                0x000000000800087c       0xbc Drivers/STM32F7xx_HAL_Driver/Src/stm32f7xx_hal_dcmi.o
                0x000000000800087c                HAL_DCMI_Start_DMA
 .text.HAL_DCMI_Suspend
                0x0000000008000938       0x6c Drivers/STM32F7xx_HAL_Driver/Src/stm32f7xx_hal_dcmi.o
                0x0000000008000938                HAL_DCMI_Suspend
 .text.HAL_DCMI_Resume
                0x00000000080009a4       0x34 Drivers/STM32F7xx_HAL_Driver/Src/stm32f7xx_hal_dcmi.o
                0x00000000080009a4                HAL_DCMI_Resume
 .text.HAL_DCMI_ErrorCallback
                0x00000000080009d8        0x2 Drivers/STM32F7xx_HAL_Driver/Src/stm32f7xx_hal_dcmi.o
                0x00000000080009d8                HAL_DCMI_ErrorCallback
 .text.DCMI_DMAError
                0x00000000080009da       0x20 Drivers/STM32F7xx_HAL_Driver/Src/stm32f7xx_hal_dcmi.o
 .text.HAL_DCMI_LineEventCallback
                0x00000000080009fa        0x2 Drivers/STM32F7xx_HAL_Driver/Src/stm32f7xx_hal_dcmi.o
                0x00000000080009fa                HAL_DCMI_LineEventCallback
 .text.HAL_DCMI_VsyncEventCallback
                0x00000000080009fc        0x2 Drivers/STM32F7xx_HAL_Driver/Src/stm32f7xx_hal_dcmi.o
                0x00000000080009fc                HAL_DCMI_VsyncEventCallback
 *fill*         0x00000000080009fe        0x2 
 .text.HAL_DCMI_IRQHandler
                0x0000000008000a00       0x94 Drivers/STM32F7xx_HAL_Driver/Src/stm32f7xx_hal_dcmi.o
                0x0000000008000a00                HAL_DCMI_IRQHandler
 .text.HAL_DCMI_GetState
                0x0000000008000a94        0x6 Drivers/STM32F7xx_HAL_Driver/Src/stm32f7xx_hal_dcmi.o
                0x0000000008000a94                HAL_DCMI_GetState
 *fill*         0x0000000008000a9a        0x2 
 .text.DMA_CalcBaseAndBitshift
                0x0000000008000a9c       0x2c Drivers/STM32F7xx_HAL_Driver/Src/stm32f7xx_hal_dma.o
 .text.HAL_DMA_Init
                0x0000000008000ac8       0xfc Drivers/STM32F7xx_HAL_Driver/Src/stm32f7xx_hal_dma.o
                0x0000000008000ac8                HAL_DMA_Init
 .text.HAL_DMA_Start_IT
                0x0000000008000bc4       0x7a Drivers/STM32F7xx_HAL_Driver/Src/stm32f7xx_hal_dma.o
                0x0000000008000bc4                HAL_DMA_Start_IT
 .text.HAL_DMA_Abort_IT
                0x0000000008000c3e       0x24 Drivers/STM32F7xx_HAL_Driver/Src/stm32f7xx_hal_dma.o
                0x0000000008000c3e                HAL_DMA_Abort_IT
 *fill*         0x0000000008000c62        0x2 
 .text.HAL_DMA_IRQHandler
                0x0000000008000c64      0x174 Drivers/STM32F7xx_HAL_Driver/Src/stm32f7xx_hal_dma.o
                0x0000000008000c64                HAL_DMA_IRQHandler
 .text.HAL_DMAEx_MultiBufferStart_IT
                0x0000000008000dd8      0x3d8 Drivers/STM32F7xx_HAL_Driver/Src/stm32f7xx_hal_dma_ex.o
                0x0000000008000dd8                HAL_DMAEx_MultiBufferStart_IT
 .text.HAL_DMAEx_ChangeMemory
                0x00000000080011b0        0xe Drivers/STM32F7xx_HAL_Driver/Src/stm32f7xx_hal_dma_ex.o
                0x00000000080011b0                HAL_DMAEx_ChangeMemory
 *fill*         0x00000000080011be        0x2 
 .text.HAL_GPIO_Init
                0x00000000080011c0      0x1d4 Drivers/STM32F7xx_HAL_Driver/Src/stm32f7xx_hal_gpio.o
                0x00000000080011c0                HAL_GPIO_Init
 .text.HAL_GPIO_ReadPin
                0x0000000008001394        0xc Drivers/STM32F7xx_HAL_Driver/Src/stm32f7xx_hal_gpio.o
                0x0000000008001394                HAL_GPIO_ReadPin
 .text.HAL_GPIO_WritePin
                0x00000000080013a0        0xa Drivers/STM32F7xx_HAL_Driver/Src/stm32f7xx_hal_gpio.o
                0x00000000080013a0                HAL_GPIO_WritePin
 .text.HAL_GPIO_TogglePin
                0x00000000080013aa        0xe Drivers/STM32F7xx_HAL_Driver/Src/stm32f7xx_hal_gpio.o
                0x00000000080013aa                HAL_GPIO_TogglePin
 .text.HAL_I2C_Init
                0x00000000080013b8       0xa2 Drivers/STM32F7xx_HAL_Driver/Src/stm32f7xx_hal_i2c.o
                0x00000000080013b8                HAL_I2C_Init
 .text.HAL_I2CEx_ConfigAnalogFilter
                0x000000000800145a       0x4c Drivers/STM32F7xx_HAL_Driver/Src/stm32f7xx_hal_i2c_ex.o
                0x000000000800145a                HAL_I2CEx_ConfigAnalogFilter
 .text.HAL_I2CEx_ConfigDigitalFilter
                0x00000000080014a6       0x4a Drivers/STM32F7xx_HAL_Driver/Src/stm32f7xx_hal_i2c_ex.o
                0x00000000080014a6                HAL_I2CEx_ConfigDigitalFilter
 .text.HAL_PWREx_EnableOverDrive
                0x00000000080014f0       0x70 Drivers/STM32F7xx_HAL_Driver/Src/stm32f7xx_hal_pwr_ex.o
                0x00000000080014f0                HAL_PWREx_EnableOverDrive
 .text.HAL_RCC_OscConfig
                0x0000000008001560      0x328 Drivers/STM32F7xx_HAL_Driver/Src/stm32f7xx_hal_rcc.o
                0x0000000008001560                HAL_RCC_OscConfig
 .text.HAL_RCC_GetSysClockFreq
                0x0000000008001888       0x4c Drivers/STM32F7xx_HAL_Driver/Src/stm32f7xx_hal_rcc.o
                0x0000000008001888                HAL_RCC_GetSysClockFreq
 .text.HAL_RCC_ClockConfig
                0x00000000080018d4      0x13c Drivers/STM32F7xx_HAL_Driver/Src/stm32f7xx_hal_rcc.o
                0x00000000080018d4                HAL_RCC_ClockConfig
 .text.HAL_RCC_GetPCLK1Freq
                0x0000000008001a10       0x20 Drivers/STM32F7xx_HAL_Driver/Src/stm32f7xx_hal_rcc.o
                0x0000000008001a10                HAL_RCC_GetPCLK1Freq
 .text.HAL_RCC_GetPCLK2Freq
                0x0000000008001a30       0x20 Drivers/STM32F7xx_HAL_Driver/Src/stm32f7xx_hal_rcc.o
                0x0000000008001a30                HAL_RCC_GetPCLK2Freq
 .text.HAL_RCCEx_PeriphCLKConfig
                0x0000000008001a50      0x55c Drivers/STM32F7xx_HAL_Driver/Src/stm32f7xx_hal_rcc_ex.o
                0x0000000008001a50                HAL_RCCEx_PeriphCLKConfig
 .text.TIM_OC1_SetConfig
                0x0000000008001fac       0x68 Drivers/STM32F7xx_HAL_Driver/Src/stm32f7xx_hal_tim.o
 .text.TIM_OC3_SetConfig
                0x0000000008002014       0x70 Drivers/STM32F7xx_HAL_Driver/Src/stm32f7xx_hal_tim.o
 .text.TIM_OC4_SetConfig
                0x0000000008002084       0x50 Drivers/STM32F7xx_HAL_Driver/Src/stm32f7xx_hal_tim.o
 .text.TIM_OC5_SetConfig
                0x00000000080020d4       0x50 Drivers/STM32F7xx_HAL_Driver/Src/stm32f7xx_hal_tim.o
 .text.TIM_OC6_SetConfig
                0x0000000008002124       0x50 Drivers/STM32F7xx_HAL_Driver/Src/stm32f7xx_hal_tim.o
 .text.HAL_TIM_Base_Start_IT
                0x0000000008002174       0x2c Drivers/STM32F7xx_HAL_Driver/Src/stm32f7xx_hal_tim.o
                0x0000000008002174                HAL_TIM_Base_Start_IT
 .text.HAL_TIM_PWM_MspInit
                0x00000000080021a0        0x2 Drivers/STM32F7xx_HAL_Driver/Src/stm32f7xx_hal_tim.o
                0x00000000080021a0                HAL_TIM_PWM_MspInit
 .text.HAL_TIM_OC_DelayElapsedCallback
                0x00000000080021a2        0x2 Drivers/STM32F7xx_HAL_Driver/Src/stm32f7xx_hal_tim.o
                0x00000000080021a2                HAL_TIM_OC_DelayElapsedCallback
 .text.HAL_TIM_IC_CaptureCallback
                0x00000000080021a4        0x2 Drivers/STM32F7xx_HAL_Driver/Src/stm32f7xx_hal_tim.o
                0x00000000080021a4                HAL_TIM_IC_CaptureCallback
 .text.HAL_TIM_PWM_PulseFinishedCallback
                0x00000000080021a6        0x2 Drivers/STM32F7xx_HAL_Driver/Src/stm32f7xx_hal_tim.o
                0x00000000080021a6                HAL_TIM_PWM_PulseFinishedCallback
 .text.HAL_TIM_TriggerCallback
                0x00000000080021a8        0x2 Drivers/STM32F7xx_HAL_Driver/Src/stm32f7xx_hal_tim.o
                0x00000000080021a8                HAL_TIM_TriggerCallback
 .text.HAL_TIM_IRQHandler
                0x00000000080021aa      0x160 Drivers/STM32F7xx_HAL_Driver/Src/stm32f7xx_hal_tim.o
                0x00000000080021aa                HAL_TIM_IRQHandler
 *fill*         0x000000000800230a        0x2 
 .text.TIM_Base_SetConfig
                0x000000000800230c       0xcc Drivers/STM32F7xx_HAL_Driver/Src/stm32f7xx_hal_tim.o
                0x000000000800230c                TIM_Base_SetConfig
 .text.HAL_TIM_Base_Init
                0x00000000080023d8       0x34 Drivers/STM32F7xx_HAL_Driver/Src/stm32f7xx_hal_tim.o
                0x00000000080023d8                HAL_TIM_Base_Init
 .text.HAL_TIM_PWM_Init
                0x000000000800240c       0x34 Drivers/STM32F7xx_HAL_Driver/Src/stm32f7xx_hal_tim.o
                0x000000000800240c                HAL_TIM_PWM_Init
 .text.TIM_OC2_SetConfig
                0x0000000008002440       0x70 Drivers/STM32F7xx_HAL_Driver/Src/stm32f7xx_hal_tim.o
                0x0000000008002440                TIM_OC2_SetConfig
 .text.HAL_TIM_PWM_ConfigChannel
                0x00000000080024b0      0x10a Drivers/STM32F7xx_HAL_Driver/Src/stm32f7xx_hal_tim.o
                0x00000000080024b0                HAL_TIM_PWM_ConfigChannel
 .text.TIM_ETR_SetConfig
                0x00000000080025ba       0x14 Drivers/STM32F7xx_HAL_Driver/Src/stm32f7xx_hal_tim.o
                0x00000000080025ba                TIM_ETR_SetConfig
 *fill*         0x00000000080025ce        0x2 
 .text.HAL_TIM_ConfigClockSource
                0x00000000080025d0      0x128 Drivers/STM32F7xx_HAL_Driver/Src/stm32f7xx_hal_tim.o
                0x00000000080025d0                HAL_TIM_ConfigClockSource
 .text.TIM_CCxChannelCmd
                0x00000000080026f8       0x1c Drivers/STM32F7xx_HAL_Driver/Src/stm32f7xx_hal_tim.o
                0x00000000080026f8                TIM_CCxChannelCmd
 .text.HAL_TIM_PWM_Start
                0x0000000008002714       0x4c Drivers/STM32F7xx_HAL_Driver/Src/stm32f7xx_hal_tim.o
                0x0000000008002714                HAL_TIM_PWM_Start
 .text.HAL_TIMEx_MasterConfigSynchronization
                0x0000000008002760       0x58 Drivers/STM32F7xx_HAL_Driver/Src/stm32f7xx_hal_tim_ex.o
                0x0000000008002760                HAL_TIMEx_MasterConfigSynchronization
 .text.HAL_TIMEx_CommutCallback
                0x00000000080027b8        0x2 Drivers/STM32F7xx_HAL_Driver/Src/stm32f7xx_hal_tim_ex.o
                0x00000000080027b8                HAL_TIMEx_CommutCallback
 .text.HAL_TIMEx_BreakCallback
                0x00000000080027ba        0x2 Drivers/STM32F7xx_HAL_Driver/Src/stm32f7xx_hal_tim_ex.o
                0x00000000080027ba                HAL_TIMEx_BreakCallback
 .text.HAL_TIMEx_Break2Callback
                0x00000000080027bc        0x2 Drivers/STM32F7xx_HAL_Driver/Src/stm32f7xx_hal_tim_ex.o
                0x00000000080027bc                HAL_TIMEx_Break2Callback
 *fill*         0x00000000080027be        0x2 
 .text.UART_SetConfig
                0x00000000080027c0      0x288 Drivers/STM32F7xx_HAL_Driver/Src/stm32f7xx_hal_uart.o
                0x00000000080027c0                UART_SetConfig
 .text.UART_AdvFeatureConfig
                0x0000000008002a48       0xaa Drivers/STM32F7xx_HAL_Driver/Src/stm32f7xx_hal_uart.o
                0x0000000008002a48                UART_AdvFeatureConfig
 .text.UART_WaitOnFlagUntilTimeout
                0x0000000008002af2       0x5e Drivers/STM32F7xx_HAL_Driver/Src/stm32f7xx_hal_uart.o
                0x0000000008002af2                UART_WaitOnFlagUntilTimeout
 .text.HAL_UART_Transmit
                0x0000000008002b50       0xae Drivers/STM32F7xx_HAL_Driver/Src/stm32f7xx_hal_uart.o
                0x0000000008002b50                HAL_UART_Transmit
 .text.UART_CheckIdleState
                0x0000000008002bfe       0x40 Drivers/STM32F7xx_HAL_Driver/Src/stm32f7xx_hal_uart.o
                0x0000000008002bfe                UART_CheckIdleState
 .text.HAL_UART_Init
                0x0000000008002c3e       0x5c Drivers/STM32F7xx_HAL_Driver/Src/stm32f7xx_hal_uart.o
                0x0000000008002c3e                HAL_UART_Init
 *fill*         0x0000000008002c9a        0x2 
 .text.SCCB_GPIO_Config
                0x0000000008002c9c       0x2c Src/SCCB.o
                0x0000000008002c9c                SCCB_GPIO_Config
 .text.SCCB_SID_GPIO_OUTPUT
                0x0000000008002cc8       0x2c Src/SCCB.o
                0x0000000008002cc8                SCCB_SID_GPIO_OUTPUT
 .text.SCCB_SID_GPIO_INPUT
                0x0000000008002cf4       0x24 Src/SCCB.o
                0x0000000008002cf4                SCCB_SID_GPIO_INPUT
 .text.startSCCB
                0x0000000008002d18       0x58 Src/SCCB.o
                0x0000000008002d18                startSCCB
 .text.stopSCCB
                0x0000000008002d70       0x48 Src/SCCB.o
                0x0000000008002d70                stopSCCB
 .text.SCCBwriteByte
                0x0000000008002db8       0x98 Src/SCCB.o
                0x0000000008002db8                SCCBwriteByte
 .text.DWT_Init
                0x0000000008002e50       0x34 Src/dwt_delay.o
                0x0000000008002e50                DWT_Init
 .text.DWT_Delay
                0x0000000008002e84       0x28 Src/dwt_delay.o
                0x0000000008002e84                DWT_Delay
 .text.diferencia
                0x0000000008002eac       0x2e Src/funciones.o
                0x0000000008002eac                diferencia
 .text.copy     0x0000000008002eda       0x1a Src/funciones.o
                0x0000000008002eda                copy
 .text.conteo   0x0000000008002ef4       0x1c Src/funciones.o
                0x0000000008002ef4                conteo
 .text.binarizar
                0x0000000008002f10       0x1e Src/funciones.o
                0x0000000008002f10                binarizar
 *fill*         0x0000000008002f2e        0x2 
 .text.erosion  0x0000000008002f30       0x7c Src/funciones.o
                0x0000000008002f30                erosion
 .text.bound_rectangulo
                0x0000000008002fac       0x50 Src/funciones.o
                0x0000000008002fac                bound_rectangulo
 .text.__io_putchar
                0x0000000008002ffc       0x20 Src/main.o
                0x0000000008002ffc                __io_putchar
 .text.HAL_DCMI_FrameEventCallback
                0x000000000800301c       0x28 Src/main.o
                0x000000000800301c                HAL_DCMI_FrameEventCallback
 .text.HAL_TIM_PeriodElapsedCallback
                0x0000000008003044      0x118 Src/main.o
                0x0000000008003044                HAL_TIM_PeriodElapsedCallback
 .text.getTiempoMS
                0x000000000800315c       0x1c Src/main.o
                0x000000000800315c                getTiempoMS
 .text.SystemClock_Config
                0x0000000008003178       0xb8 Src/main.o
                0x0000000008003178                SystemClock_Config
 .text.startup.main
                0x0000000008003230      0x69c Src/main.o
                0x0000000008003230                main
 .text.Error_Handler
                0x00000000080038cc        0x2 Src/main.o
                0x00000000080038cc                Error_Handler
 .text.wrOV7670Reg
                0x00000000080038ce       0x42 Src/ov7670.o
                0x00000000080038ce                wrOV7670Reg
 .text.OV7670_init
                0x0000000008003910       0x2c Src/ov7670.o
                0x0000000008003910                OV7670_init
 .text.OV7670_config
                0x000000000800393c       0x38 Src/ov7670.o
                0x000000000800393c                OV7670_config
 .text.HAL_MspInit
                0x0000000008003974       0x30 Src/stm32f7xx_hal_msp.o
                0x0000000008003974                HAL_MspInit
 .text.HAL_DCMI_MspInit
                0x00000000080039a4      0x174 Src/stm32f7xx_hal_msp.o
                0x00000000080039a4                HAL_DCMI_MspInit
 .text.HAL_I2C_MspInit
                0x0000000008003b18       0x6c Src/stm32f7xx_hal_msp.o
                0x0000000008003b18                HAL_I2C_MspInit
 .text.HAL_TIM_Base_MspInit
                0x0000000008003b84       0x5c Src/stm32f7xx_hal_msp.o
                0x0000000008003b84                HAL_TIM_Base_MspInit
 .text.HAL_TIM_MspPostInit
                0x0000000008003be0       0x4c Src/stm32f7xx_hal_msp.o
                0x0000000008003be0                HAL_TIM_MspPostInit
 .text.HAL_UART_MspInit
                0x0000000008003c2c       0x6c Src/stm32f7xx_hal_msp.o
                0x0000000008003c2c                HAL_UART_MspInit
 .text.NMI_Handler
                0x0000000008003c98        0x2 Src/stm32f7xx_it.o
                0x0000000008003c98                NMI_Handler
 .text.HardFault_Handler
                0x0000000008003c9a        0x2 Src/stm32f7xx_it.o
                0x0000000008003c9a                HardFault_Handler
 .text.MemManage_Handler
                0x0000000008003c9c        0x2 Src/stm32f7xx_it.o
                0x0000000008003c9c                MemManage_Handler
 .text.BusFault_Handler
                0x0000000008003c9e        0x2 Src/stm32f7xx_it.o
                0x0000000008003c9e                BusFault_Handler
 .text.UsageFault_Handler
                0x0000000008003ca0        0x2 Src/stm32f7xx_it.o
                0x0000000008003ca0                UsageFault_Handler
 .text.SVC_Handler
                0x0000000008003ca2        0x2 Src/stm32f7xx_it.o
                0x0000000008003ca2                SVC_Handler
 .text.DebugMon_Handler
                0x0000000008003ca4        0x2 Src/stm32f7xx_it.o
                0x0000000008003ca4                DebugMon_Handler
 .text.PendSV_Handler
                0x0000000008003ca6        0x2 Src/stm32f7xx_it.o
                0x0000000008003ca6                PendSV_Handler
 .text.SysTick_Handler
                0x0000000008003ca8        0x4 Src/stm32f7xx_it.o
                0x0000000008003ca8                SysTick_Handler
 .text.TIM2_IRQHandler
                0x0000000008003cac        0xc Src/stm32f7xx_it.o
                0x0000000008003cac                TIM2_IRQHandler
 .text.DMA2_Stream1_IRQHandler
                0x0000000008003cb8        0xc Src/stm32f7xx_it.o
                0x0000000008003cb8                DMA2_Stream1_IRQHandler
 .text.DCMI_IRQHandler
                0x0000000008003cc4        0xc Src/stm32f7xx_it.o
                0x0000000008003cc4                DCMI_IRQHandler
 .text._read    0x0000000008003cd0       0x1c Src/syscalls.o
                0x0000000008003cd0                _read
 .text._write   0x0000000008003cec       0x1c Src/syscalls.o
                0x0000000008003cec                _write
 .text._sbrk    0x0000000008003d08       0x34 Src/syscalls.o
                0x0000000008003d08                _sbrk
 .text._close   0x0000000008003d3c        0x6 Src/syscalls.o
                0x0000000008003d3c                _close
 .text._fstat   0x0000000008003d42        0xa Src/syscalls.o
                0x0000000008003d42                _fstat
 .text._isatty  0x0000000008003d4c        0x4 Src/syscalls.o
                0x0000000008003d4c                _isatty
 .text._lseek   0x0000000008003d50        0x4 Src/syscalls.o
                0x0000000008003d50                _lseek
 .text.SystemInit
                0x0000000008003d54       0x4c Src/system_stm32f7xx.o
                0x0000000008003d54                SystemInit
 .text.Reset_Handler
                0x0000000008003da0       0x50 startup/startup_stm32f767xx.o
                0x0000000008003da0                Reset_Handler
 .text.Default_Handler
                0x0000000008003df0        0x2 startup/startup_stm32f767xx.o
                0x0000000008003df0                RTC_Alarm_IRQHandler
                0x0000000008003df0                EXTI2_IRQHandler
                0x0000000008003df0                TIM8_CC_IRQHandler
                0x0000000008003df0                UART8_IRQHandler
                0x0000000008003df0                SPI4_IRQHandler
                0x0000000008003df0                TIM1_CC_IRQHandler
                0x0000000008003df0                DMA2_Stream5_IRQHandler
                0x0000000008003df0                JPEG_IRQHandler
                0x0000000008003df0                DMA1_Stream5_IRQHandler
                0x0000000008003df0                CAN3_RX1_IRQHandler
                0x0000000008003df0                PVD_IRQHandler
                0x0000000008003df0                TAMP_STAMP_IRQHandler
                0x0000000008003df0                CAN2_RX1_IRQHandler
                0x0000000008003df0                EXTI3_IRQHandler
                0x0000000008003df0                TIM8_TRG_COM_TIM14_IRQHandler
                0x0000000008003df0                DFSDM1_FLT1_IRQHandler
                0x0000000008003df0                TIM1_UP_TIM10_IRQHandler
                0x0000000008003df0                TIM8_UP_TIM13_IRQHandler
                0x0000000008003df0                I2C3_ER_IRQHandler
                0x0000000008003df0                DFSDM1_FLT2_IRQHandler
                0x0000000008003df0                EXTI0_IRQHandler
                0x0000000008003df0                I2C2_EV_IRQHandler
                0x0000000008003df0                DMA1_Stream2_IRQHandler
                0x0000000008003df0                CAN1_RX0_IRQHandler
                0x0000000008003df0                FPU_IRQHandler
                0x0000000008003df0                OTG_HS_WKUP_IRQHandler
                0x0000000008003df0                CAN3_SCE_IRQHandler
                0x0000000008003df0                LTDC_ER_IRQHandler
                0x0000000008003df0                CAN2_SCE_IRQHandler
                0x0000000008003df0                DMA2_Stream2_IRQHandler
                0x0000000008003df0                SPI1_IRQHandler
                0x0000000008003df0                TIM6_DAC_IRQHandler
                0x0000000008003df0                TIM1_BRK_TIM9_IRQHandler
                0x0000000008003df0                CAN2_RX0_IRQHandler
                0x0000000008003df0                DMA2_Stream3_IRQHandler
                0x0000000008003df0                SAI2_IRQHandler
                0x0000000008003df0                DFSDM1_FLT3_IRQHandler
                0x0000000008003df0                USART6_IRQHandler
                0x0000000008003df0                CAN3_RX0_IRQHandler
                0x0000000008003df0                USART3_IRQHandler
                0x0000000008003df0                CAN1_RX1_IRQHandler
                0x0000000008003df0                UART5_IRQHandler
                0x0000000008003df0                DMA2_Stream0_IRQHandler
                0x0000000008003df0                TIM4_IRQHandler
                0x0000000008003df0                QUADSPI_IRQHandler
                0x0000000008003df0                I2C1_EV_IRQHandler
                0x0000000008003df0                DMA1_Stream6_IRQHandler
                0x0000000008003df0                DMA1_Stream1_IRQHandler
                0x0000000008003df0                UART4_IRQHandler
                0x0000000008003df0                TIM3_IRQHandler
                0x0000000008003df0                RCC_IRQHandler
                0x0000000008003df0                TIM8_BRK_TIM12_IRQHandler
                0x0000000008003df0                Default_Handler
                0x0000000008003df0                CEC_IRQHandler
                0x0000000008003df0                EXTI15_10_IRQHandler
                0x0000000008003df0                ADC_IRQHandler
                0x0000000008003df0                DMA1_Stream7_IRQHandler
                0x0000000008003df0                SPI5_IRQHandler
                0x0000000008003df0                TIM7_IRQHandler
                0x0000000008003df0                SDMMC1_IRQHandler
                0x0000000008003df0                CAN2_TX_IRQHandler
                0x0000000008003df0                TIM5_IRQHandler
                0x0000000008003df0                DMA2_Stream7_IRQHandler
                0x0000000008003df0                I2C3_EV_IRQHandler
                0x0000000008003df0                EXTI9_5_IRQHandler
                0x0000000008003df0                RTC_WKUP_IRQHandler
                0x0000000008003df0                LTDC_IRQHandler
                0x0000000008003df0                ETH_WKUP_IRQHandler
                0x0000000008003df0                SPDIF_RX_IRQHandler
                0x0000000008003df0                SPI2_IRQHandler
                0x0000000008003df0                OTG_HS_EP1_IN_IRQHandler
                0x0000000008003df0                DMA1_Stream0_IRQHandler
                0x0000000008003df0                CAN1_TX_IRQHandler
                0x0000000008003df0                EXTI4_IRQHandler
                0x0000000008003df0                RNG_IRQHandler
                0x0000000008003df0                ETH_IRQHandler
                0x0000000008003df0                OTG_HS_EP1_OUT_IRQHandler
                0x0000000008003df0                WWDG_IRQHandler
                0x0000000008003df0                SPI6_IRQHandler
                0x0000000008003df0                MDIOS_IRQHandler
                0x0000000008003df0                I2C4_EV_IRQHandler
                0x0000000008003df0                CAN3_TX_IRQHandler
                0x0000000008003df0                OTG_FS_WKUP_IRQHandler
                0x0000000008003df0                TIM1_TRG_COM_TIM11_IRQHandler
                0x0000000008003df0                OTG_HS_IRQHandler
                0x0000000008003df0                DMA2D_IRQHandler
                0x0000000008003df0                EXTI1_IRQHandler
                0x0000000008003df0                SDMMC2_IRQHandler
                0x0000000008003df0                UART7_IRQHandler
                0x0000000008003df0                USART2_IRQHandler
                0x0000000008003df0                DFSDM1_FLT0_IRQHandler
                0x0000000008003df0                I2C2_ER_IRQHandler
                0x0000000008003df0                CAN1_SCE_IRQHandler
                0x0000000008003df0                FLASH_IRQHandler
                0x0000000008003df0                DMA2_Stream4_IRQHandler
                0x0000000008003df0                USART1_IRQHandler
                0x0000000008003df0                OTG_FS_IRQHandler
                0x0000000008003df0                SPI3_IRQHandler
                0x0000000008003df0                DMA1_Stream4_IRQHandler
                0x0000000008003df0                I2C1_ER_IRQHandler
                0x0000000008003df0                FMC_IRQHandler
                0x0000000008003df0                LPTIM1_IRQHandler
                0x0000000008003df0                I2C4_ER_IRQHandler
                0x0000000008003df0                DMA2_Stream6_IRQHandler
                0x0000000008003df0                SAI1_IRQHandler
                0x0000000008003df0                DMA1_Stream3_IRQHandler
 *fill*         0x0000000008003df2        0x2 
 .text.__libc_init_array
                0x0000000008003df4       0x48 /opt/Atollic_TrueSTUDIO_for_STM32_x86_64_9.3.0/ARMTools/bin/../lib/gcc/arm-atollic-eabi/6.3.1/../../../../arm-atollic-eabi/lib/armv7e-m/fpu/fpv5-d16/libc_nano.a(lib_a-init.o)
                0x0000000008003df4                __libc_init_array
 .text.malloc   0x0000000008003e3c       0x10 /opt/Atollic_TrueSTUDIO_for_STM32_x86_64_9.3.0/ARMTools/bin/../lib/gcc/arm-atollic-eabi/6.3.1/../../../../arm-atollic-eabi/lib/armv7e-m/fpu/fpv5-d16/libc_nano.a(lib_a-malloc.o)
                0x0000000008003e3c                malloc
 .text.free     0x0000000008003e4c       0x10 /opt/Atollic_TrueSTUDIO_for_STM32_x86_64_9.3.0/ARMTools/bin/../lib/gcc/arm-atollic-eabi/6.3.1/../../../../arm-atollic-eabi/lib/armv7e-m/fpu/fpv5-d16/libc_nano.a(lib_a-malloc.o)
                0x0000000008003e4c                free
 .text.memset   0x0000000008003e5c       0x10 /opt/Atollic_TrueSTUDIO_for_STM32_x86_64_9.3.0/ARMTools/bin/../lib/gcc/arm-atollic-eabi/6.3.1/../../../../arm-atollic-eabi/lib/armv7e-m/fpu/fpv5-d16/libc_nano.a(lib_a-memset.o)
                0x0000000008003e5c                memset
 .text._free_r  0x0000000008003e6c       0x9c /opt/Atollic_TrueSTUDIO_for_STM32_x86_64_9.3.0/ARMTools/bin/../lib/gcc/arm-atollic-eabi/6.3.1/../../../../arm-atollic-eabi/lib/armv7e-m/fpu/fpv5-d16/libc_nano.a(lib_a-nano-freer.o)
                0x0000000008003e6c                _free_r
 .text._malloc_r
                0x0000000008003f08       0xbc /opt/Atollic_TrueSTUDIO_for_STM32_x86_64_9.3.0/ARMTools/bin/../lib/gcc/arm-atollic-eabi/6.3.1/../../../../arm-atollic-eabi/lib/armv7e-m/fpu/fpv5-d16/libc_nano.a(lib_a-nano-mallocr.o)
                0x0000000008003f08                _malloc_r
 .text.printf   0x0000000008003fc4       0x30 /opt/Atollic_TrueSTUDIO_for_STM32_x86_64_9.3.0/ARMTools/bin/../lib/gcc/arm-atollic-eabi/6.3.1/../../../../arm-atollic-eabi/lib/armv7e-m/fpu/fpv5-d16/libc_nano.a(lib_a-printf.o)
                0x0000000008003fc4                printf
                0x0000000008003fc4                iprintf
 .text._puts_r  0x0000000008003ff4       0xb8 /opt/Atollic_TrueSTUDIO_for_STM32_x86_64_9.3.0/ARMTools/bin/../lib/gcc/arm-atollic-eabi/6.3.1/../../../../arm-atollic-eabi/lib/armv7e-m/fpu/fpv5-d16/libc_nano.a(lib_a-puts.o)
                0x0000000008003ff4                _puts_r
 .text.puts     0x00000000080040ac       0x10 /opt/Atollic_TrueSTUDIO_for_STM32_x86_64_9.3.0/ARMTools/bin/../lib/gcc/arm-atollic-eabi/6.3.1/../../../../arm-atollic-eabi/lib/armv7e-m/fpu/fpv5-d16/libc_nano.a(lib_a-puts.o)
                0x00000000080040ac                puts
 .text._sbrk_r  0x00000000080040bc       0x20 /opt/Atollic_TrueSTUDIO_for_STM32_x86_64_9.3.0/ARMTools/bin/../lib/gcc/arm-atollic-eabi/6.3.1/../../../../arm-atollic-eabi/lib/armv7e-m/fpu/fpv5-d16/libc_nano.a(lib_a-sbrkr.o)
                0x00000000080040bc                _sbrk_r
 .text.__swbuf_r
                0x00000000080040dc       0xa4 /opt/Atollic_TrueSTUDIO_for_STM32_x86_64_9.3.0/ARMTools/bin/../lib/gcc/arm-atollic-eabi/6.3.1/../../../../arm-atollic-eabi/lib/armv7e-m/fpu/fpv5-d16/libc_nano.a(lib_a-wbuf.o)
                0x00000000080040dc                __swbuf_r
 .text.__swsetup_r
                0x0000000008004180       0xdc /opt/Atollic_TrueSTUDIO_for_STM32_x86_64_9.3.0/ARMTools/bin/../lib/gcc/arm-atollic-eabi/6.3.1/../../../../arm-atollic-eabi/lib/armv7e-m/fpu/fpv5-d16/libc_nano.a(lib_a-wsetup.o)
                0x0000000008004180                __swsetup_r
 .text.__sflush_r
                0x000000000800425c      0x110 /opt/Atollic_TrueSTUDIO_for_STM32_x86_64_9.3.0/ARMTools/bin/../lib/gcc/arm-atollic-eabi/6.3.1/../../../../arm-atollic-eabi/lib/armv7e-m/fpu/fpv5-d16/libc_nano.a(lib_a-fflush.o)
                0x000000000800425c                __sflush_r
 .text._fflush_r
                0x000000000800436c       0x54 /opt/Atollic_TrueSTUDIO_for_STM32_x86_64_9.3.0/ARMTools/bin/../lib/gcc/arm-atollic-eabi/6.3.1/../../../../arm-atollic-eabi/lib/armv7e-m/fpu/fpv5-d16/libc_nano.a(lib_a-fflush.o)
                0x000000000800436c                _fflush_r
 .text._cleanup_r
                0x00000000080043c0        0xc /opt/Atollic_TrueSTUDIO_for_STM32_x86_64_9.3.0/ARMTools/bin/../lib/gcc/arm-atollic-eabi/6.3.1/../../../../arm-atollic-eabi/lib/armv7e-m/fpu/fpv5-d16/libc_nano.a(lib_a-findfp.o)
                0x00000000080043c0                _cleanup_r
 .text.std.isra.0
                0x00000000080043cc       0x48 /opt/Atollic_TrueSTUDIO_for_STM32_x86_64_9.3.0/ARMTools/bin/../lib/gcc/arm-atollic-eabi/6.3.1/../../../../arm-atollic-eabi/lib/armv7e-m/fpu/fpv5-d16/libc_nano.a(lib_a-findfp.o)
 .text.__sfmoreglue
                0x0000000008004414       0x2c /opt/Atollic_TrueSTUDIO_for_STM32_x86_64_9.3.0/ARMTools/bin/../lib/gcc/arm-atollic-eabi/6.3.1/../../../../arm-atollic-eabi/lib/armv7e-m/fpu/fpv5-d16/libc_nano.a(lib_a-findfp.o)
                0x0000000008004414                __sfmoreglue
 .text.__sinit  0x0000000008004440       0x60 /opt/Atollic_TrueSTUDIO_for_STM32_x86_64_9.3.0/ARMTools/bin/../lib/gcc/arm-atollic-eabi/6.3.1/../../../../arm-atollic-eabi/lib/armv7e-m/fpu/fpv5-d16/libc_nano.a(lib_a-findfp.o)
                0x0000000008004440                __sinit
 .text.__sfp    0x00000000080044a0       0x78 /opt/Atollic_TrueSTUDIO_for_STM32_x86_64_9.3.0/ARMTools/bin/../lib/gcc/arm-atollic-eabi/6.3.1/../../../../arm-atollic-eabi/lib/armv7e-m/fpu/fpv5-d16/libc_nano.a(lib_a-findfp.o)
                0x00000000080044a0                __sfp
 .text._fwalk_reent
                0x0000000008004518       0x3c /opt/Atollic_TrueSTUDIO_for_STM32_x86_64_9.3.0/ARMTools/bin/../lib/gcc/arm-atollic-eabi/6.3.1/../../../../arm-atollic-eabi/lib/armv7e-m/fpu/fpv5-d16/libc_nano.a(lib_a-fwalk.o)
                0x0000000008004518                _fwalk_reent
 .text.__swhatbuf_r
                0x0000000008004554       0x48 /opt/Atollic_TrueSTUDIO_for_STM32_x86_64_9.3.0/ARMTools/bin/../lib/gcc/arm-atollic-eabi/6.3.1/../../../../arm-atollic-eabi/lib/armv7e-m/fpu/fpv5-d16/libc_nano.a(lib_a-makebuf.o)
                0x0000000008004554                __swhatbuf_r
 .text.__smakebuf_r
                0x000000000800459c       0x80 /opt/Atollic_TrueSTUDIO_for_STM32_x86_64_9.3.0/ARMTools/bin/../lib/gcc/arm-atollic-eabi/6.3.1/../../../../arm-atollic-eabi/lib/armv7e-m/fpu/fpv5-d16/libc_nano.a(lib_a-makebuf.o)
                0x000000000800459c                __smakebuf_r
 .text.__malloc_lock
                0x000000000800461c        0x2 /opt/Atollic_TrueSTUDIO_for_STM32_x86_64_9.3.0/ARMTools/bin/../lib/gcc/arm-atollic-eabi/6.3.1/../../../../arm-atollic-eabi/lib/armv7e-m/fpu/fpv5-d16/libc_nano.a(lib_a-mlock.o)
                0x000000000800461c                __malloc_lock
 .text.__malloc_unlock
                0x000000000800461e        0x2 /opt/Atollic_TrueSTUDIO_for_STM32_x86_64_9.3.0/ARMTools/bin/../lib/gcc/arm-atollic-eabi/6.3.1/../../../../arm-atollic-eabi/lib/armv7e-m/fpu/fpv5-d16/libc_nano.a(lib_a-mlock.o)
                0x000000000800461e                __malloc_unlock
 .text.__sfputc_r
                0x0000000008004620       0x30 /opt/Atollic_TrueSTUDIO_for_STM32_x86_64_9.3.0/ARMTools/bin/../lib/gcc/arm-atollic-eabi/6.3.1/../../../../arm-atollic-eabi/lib/armv7e-m/fpu/fpv5-d16/libc_nano.a(lib_a-nano-vfprintf.o)
 .text.__sfputs_r
                0x0000000008004650       0x24 /opt/Atollic_TrueSTUDIO_for_STM32_x86_64_9.3.0/ARMTools/bin/../lib/gcc/arm-atollic-eabi/6.3.1/../../../../arm-atollic-eabi/lib/armv7e-m/fpu/fpv5-d16/libc_nano.a(lib_a-nano-vfprintf.o)
                0x0000000008004650                __sfputs_r
 .text._vfprintf_r
                0x0000000008004674      0x22c /opt/Atollic_TrueSTUDIO_for_STM32_x86_64_9.3.0/ARMTools/bin/../lib/gcc/arm-atollic-eabi/6.3.1/../../../../arm-atollic-eabi/lib/armv7e-m/fpu/fpv5-d16/libc_nano.a(lib_a-nano-vfprintf.o)
                0x0000000008004674                _vfiprintf_r
                0x0000000008004674                _vfprintf_r
 .text._printf_common
                0x00000000080048a0       0xec /opt/Atollic_TrueSTUDIO_for_STM32_x86_64_9.3.0/ARMTools/bin/../lib/gcc/arm-atollic-eabi/6.3.1/../../../../arm-atollic-eabi/lib/armv7e-m/fpu/fpv5-d16/libc_nano.a(lib_a-nano-vfprintf_i.o)
                0x00000000080048a0                _printf_common
 .text._printf_i
                0x000000000800498c      0x240 /opt/Atollic_TrueSTUDIO_for_STM32_x86_64_9.3.0/ARMTools/bin/../lib/gcc/arm-atollic-eabi/6.3.1/../../../../arm-atollic-eabi/lib/armv7e-m/fpu/fpv5-d16/libc_nano.a(lib_a-nano-vfprintf_i.o)
                0x000000000800498c                _printf_i
 .text.__sread  0x0000000008004bcc       0x22 /opt/Atollic_TrueSTUDIO_for_STM32_x86_64_9.3.0/ARMTools/bin/../lib/gcc/arm-atollic-eabi/6.3.1/../../../../arm-atollic-eabi/lib/armv7e-m/fpu/fpv5-d16/libc_nano.a(lib_a-stdio.o)
                0x0000000008004bcc                __sread
 .text.__swrite
                0x0000000008004bee       0x38 /opt/Atollic_TrueSTUDIO_for_STM32_x86_64_9.3.0/ARMTools/bin/../lib/gcc/arm-atollic-eabi/6.3.1/../../../../arm-atollic-eabi/lib/armv7e-m/fpu/fpv5-d16/libc_nano.a(lib_a-stdio.o)
                0x0000000008004bee                __swrite
 .text.__sseek  0x0000000008004c26       0x24 /opt/Atollic_TrueSTUDIO_for_STM32_x86_64_9.3.0/ARMTools/bin/../lib/gcc/arm-atollic-eabi/6.3.1/../../../../arm-atollic-eabi/lib/armv7e-m/fpu/fpv5-d16/libc_nano.a(lib_a-stdio.o)
                0x0000000008004c26                __sseek
 .text.__sclose
                0x0000000008004c4a        0x8 /opt/Atollic_TrueSTUDIO_for_STM32_x86_64_9.3.0/ARMTools/bin/../lib/gcc/arm-atollic-eabi/6.3.1/../../../../arm-atollic-eabi/lib/armv7e-m/fpu/fpv5-d16/libc_nano.a(lib_a-stdio.o)
                0x0000000008004c4a                __sclose
 *fill*         0x0000000008004c52        0x2 
 .text._write_r
                0x0000000008004c54       0x24 /opt/Atollic_TrueSTUDIO_for_STM32_x86_64_9.3.0/ARMTools/bin/../lib/gcc/arm-atollic-eabi/6.3.1/../../../../arm-atollic-eabi/lib/armv7e-m/fpu/fpv5-d16/libc_nano.a(lib_a-writer.o)
                0x0000000008004c54                _write_r
 .text._close_r
                0x0000000008004c78       0x20 /opt/Atollic_TrueSTUDIO_for_STM32_x86_64_9.3.0/ARMTools/bin/../lib/gcc/arm-atollic-eabi/6.3.1/../../../../arm-atollic-eabi/lib/armv7e-m/fpu/fpv5-d16/libc_nano.a(lib_a-closer.o)
                0x0000000008004c78                _close_r
 .text._fstat_r
                0x0000000008004c98       0x24 /opt/Atollic_TrueSTUDIO_for_STM32_x86_64_9.3.0/ARMTools/bin/../lib/gcc/arm-atollic-eabi/6.3.1/../../../../arm-atollic-eabi/lib/armv7e-m/fpu/fpv5-d16/libc_nano.a(lib_a-fstatr.o)
                0x0000000008004c98                _fstat_r
 .text._isatty_r
                0x0000000008004cbc       0x20 /opt/Atollic_TrueSTUDIO_for_STM32_x86_64_9.3.0/ARMTools/bin/../lib/gcc/arm-atollic-eabi/6.3.1/../../../../arm-atollic-eabi/lib/armv7e-m/fpu/fpv5-d16/libc_nano.a(lib_a-isattyr.o)
                0x0000000008004cbc                _isatty_r
 .text._lseek_r
                0x0000000008004cdc       0x24 /opt/Atollic_TrueSTUDIO_for_STM32_x86_64_9.3.0/ARMTools/bin/../lib/gcc/arm-atollic-eabi/6.3.1/../../../../arm-atollic-eabi/lib/armv7e-m/fpu/fpv5-d16/libc_nano.a(lib_a-lseekr.o)
                0x0000000008004cdc                _lseek_r
 .text._read_r  0x0000000008004d00       0x24 /opt/Atollic_TrueSTUDIO_for_STM32_x86_64_9.3.0/ARMTools/bin/../lib/gcc/arm-atollic-eabi/6.3.1/../../../../arm-atollic-eabi/lib/armv7e-m/fpu/fpv5-d16/libc_nano.a(lib_a-readr.o)
                0x0000000008004d00                _read_r
 *(.glue_7)
 .glue_7        0x0000000008004d24        0x0 linker stubs
 *(.glue_7t)
 .glue_7t       0x0000000008004d24        0x0 linker stubs
 *(.eh_frame)
 .eh_frame      0x0000000008004d24        0x0 /opt/Atollic_TrueSTUDIO_for_STM32_x86_64_9.3.0/ARMTools/bin/../lib/gcc/arm-atollic-eabi/6.3.1/armv7e-m/fpu/fpv5-d16/crtbegin.o
 *(.init)
 .init          0x0000000008004d24        0x4 /opt/Atollic_TrueSTUDIO_for_STM32_x86_64_9.3.0/ARMTools/bin/../lib/gcc/arm-atollic-eabi/6.3.1/armv7e-m/fpu/fpv5-d16/crti.o
                0x0000000008004d24                _init
 .init          0x0000000008004d28        0x8 /opt/Atollic_TrueSTUDIO_for_STM32_x86_64_9.3.0/ARMTools/bin/../lib/gcc/arm-atollic-eabi/6.3.1/armv7e-m/fpu/fpv5-d16/crtn.o
 *(.fini)
 .fini          0x0000000008004d30        0x4 /opt/Atollic_TrueSTUDIO_for_STM32_x86_64_9.3.0/ARMTools/bin/../lib/gcc/arm-atollic-eabi/6.3.1/armv7e-m/fpu/fpv5-d16/crti.o
                0x0000000008004d30                _fini
 .fini          0x0000000008004d34        0x8 /opt/Atollic_TrueSTUDIO_for_STM32_x86_64_9.3.0/ARMTools/bin/../lib/gcc/arm-atollic-eabi/6.3.1/armv7e-m/fpu/fpv5-d16/crtn.o
                0x0000000008004d3c                . = ALIGN (0x4)
                0x0000000008004d3c                _etext = .

.vfp11_veneer   0x0000000008004d3c        0x0
 .vfp11_veneer  0x0000000008004d3c        0x0 linker stubs

.v4_bx          0x0000000008004d3c        0x0
 .v4_bx         0x0000000008004d3c        0x0 linker stubs

.iplt           0x0000000008004d3c        0x0
 .iplt          0x0000000008004d3c        0x0 /opt/Atollic_TrueSTUDIO_for_STM32_x86_64_9.3.0/ARMTools/bin/../lib/gcc/arm-atollic-eabi/6.3.1/armv7e-m/fpu/fpv5-d16/crtbegin.o

.rodata         0x0000000008004d3c      0x260
                0x0000000008004d3c                . = ALIGN (0x4)
 *(.rodata)
 *(.rodata*)
 .rodata.flagBitshiftOffset.9016
                0x0000000008004d3c        0x8 Drivers/STM32F7xx_HAL_Driver/Src/stm32f7xx_hal_dma.o
 .rodata.CSWTCH.49
                0x0000000008004d44        0x4 Drivers/STM32F7xx_HAL_Driver/Src/stm32f7xx_hal_uart.o
 .rodata.CSWTCH.50
                0x0000000008004d48        0xd Drivers/STM32F7xx_HAL_Driver/Src/stm32f7xx_hal_uart.o
 .rodata.main.str1.1
                0x0000000008004d55       0x7c Src/main.o
 .rodata.OV7670_config.str1.1
                0x0000000008004dd1       0x1a Src/ov7670.o
 .rodata.OV7670_reg
                0x0000000008004deb       0xfe Src/ov7670.o
                0x0000000008004deb                OV7670_reg
 .rodata.AHBPrescTable
                0x0000000008004ee9       0x10 Src/system_stm32f7xx.o
                0x0000000008004ee9                AHBPrescTable
 .rodata.APBPrescTable
                0x0000000008004ef9        0x8 Src/system_stm32f7xx.o
                0x0000000008004ef9                APBPrescTable
 *fill*         0x0000000008004f01        0x3 
 .rodata.__sf_fake_stderr
                0x0000000008004f04       0x20 /opt/Atollic_TrueSTUDIO_for_STM32_x86_64_9.3.0/ARMTools/bin/../lib/gcc/arm-atollic-eabi/6.3.1/../../../../arm-atollic-eabi/lib/armv7e-m/fpu/fpv5-d16/libc_nano.a(lib_a-findfp.o)
                0x0000000008004f04                __sf_fake_stderr
 .rodata.__sf_fake_stdin
                0x0000000008004f24       0x20 /opt/Atollic_TrueSTUDIO_for_STM32_x86_64_9.3.0/ARMTools/bin/../lib/gcc/arm-atollic-eabi/6.3.1/../../../../arm-atollic-eabi/lib/armv7e-m/fpu/fpv5-d16/libc_nano.a(lib_a-findfp.o)
                0x0000000008004f24                __sf_fake_stdin
 .rodata.__sf_fake_stdout
                0x0000000008004f44       0x20 /opt/Atollic_TrueSTUDIO_for_STM32_x86_64_9.3.0/ARMTools/bin/../lib/gcc/arm-atollic-eabi/6.3.1/../../../../arm-atollic-eabi/lib/armv7e-m/fpu/fpv5-d16/libc_nano.a(lib_a-findfp.o)
                0x0000000008004f44                __sf_fake_stdout
 .rodata._global_impure_ptr
                0x0000000008004f64        0x4 /opt/Atollic_TrueSTUDIO_for_STM32_x86_64_9.3.0/ARMTools/bin/../lib/gcc/arm-atollic-eabi/6.3.1/../../../../arm-atollic-eabi/lib/armv7e-m/fpu/fpv5-d16/libc_nano.a(lib_a-impure.o)
                0x0000000008004f64                _global_impure_ptr
 .rodata._vfprintf_r.str1.1
                0x0000000008004f68       0x11 /opt/Atollic_TrueSTUDIO_for_STM32_x86_64_9.3.0/ARMTools/bin/../lib/gcc/arm-atollic-eabi/6.3.1/../../../../arm-atollic-eabi/lib/armv7e-m/fpu/fpv5-d16/libc_nano.a(lib_a-nano-vfprintf.o)
 .rodata._printf_i.str1.1
                0x0000000008004f79       0x22 /opt/Atollic_TrueSTUDIO_for_STM32_x86_64_9.3.0/ARMTools/bin/../lib/gcc/arm-atollic-eabi/6.3.1/../../../../arm-atollic-eabi/lib/armv7e-m/fpu/fpv5-d16/libc_nano.a(lib_a-nano-vfprintf_i.o)
                0x0000000008004f9c                . = ALIGN (0x4)
 *fill*         0x0000000008004f9b        0x1 

.ARM.extab
 *(.ARM.extab* .gnu.linkonce.armextab.*)

.ARM            0x0000000008004f9c        0x8
                0x0000000008004f9c                __exidx_start = .
 *(.ARM.exidx*)
 .ARM.exidx     0x0000000008004f9c        0x8 /opt/Atollic_TrueSTUDIO_for_STM32_x86_64_9.3.0/ARMTools/bin/../lib/gcc/arm-atollic-eabi/6.3.1/armv7e-m/fpu/fpv5-d16/libgcc.a(_udivmoddi4.o)
                0x0000000008004fa4                __exidx_end = .

.rel.dyn        0x0000000008004fa4        0x0
 .rel.iplt      0x0000000008004fa4        0x0 /opt/Atollic_TrueSTUDIO_for_STM32_x86_64_9.3.0/ARMTools/bin/../lib/gcc/arm-atollic-eabi/6.3.1/armv7e-m/fpu/fpv5-d16/crtbegin.o

.preinit_array  0x0000000008004fa4        0x0
                0x0000000008004fa4                PROVIDE (__preinit_array_start, .)
 *(.preinit_array*)
                0x0000000008004fa4                PROVIDE (__preinit_array_end, .)

.init_array     0x0000000008004fa4        0x4
                0x0000000008004fa4                PROVIDE (__init_array_start, .)
 *(SORT(.init_array.*))
 *(.init_array*)
 .init_array    0x0000000008004fa4        0x4 /opt/Atollic_TrueSTUDIO_for_STM32_x86_64_9.3.0/ARMTools/bin/../lib/gcc/arm-atollic-eabi/6.3.1/armv7e-m/fpu/fpv5-d16/crtbegin.o
                0x0000000008004fa8                PROVIDE (__init_array_end, .)

.fini_array     0x0000000008004fa8        0x4
                [!provide]                        PROVIDE (__fini_array_start, .)
 *(SORT(.fini_array.*))
 *(.fini_array*)
 .fini_array    0x0000000008004fa8        0x4 /opt/Atollic_TrueSTUDIO_for_STM32_x86_64_9.3.0/ARMTools/bin/../lib/gcc/arm-atollic-eabi/6.3.1/armv7e-m/fpu/fpv5-d16/crtbegin.o
                [!provide]                        PROVIDE (__fini_array_end, .)
                0x0000000008004fac                _sidata = LOADADDR (.data)

.data           0x0000000020000000       0x7c load address 0x0000000008004fac
                0x0000000020000000                . = ALIGN (0x4)
                0x0000000020000000                _sdata = .
 *(.data)
 *(.data*)
 .data.uwTickFreq
                0x0000000020000000        0x1 Drivers/STM32F7xx_HAL_Driver/Src/stm32f7xx_hal.o
                0x0000000020000000                uwTickFreq
 *fill*         0x0000000020000001        0x3 
 .data.uwTickPrio
                0x0000000020000004        0x4 Drivers/STM32F7xx_HAL_Driver/Src/stm32f7xx_hal.o
                0x0000000020000004                uwTickPrio
 .data.brillo   0x0000000020000008        0x1 Src/main.o
                0x0000000020000008                brillo
 .data.dig7seg  0x0000000020000009        0xa Src/main.o
                0x0000000020000009                dig7seg
 *fill*         0x0000000020000013        0x1 
 .data.SystemCoreClock
                0x0000000020000014        0x4 Src/system_stm32f7xx.o
                0x0000000020000014                SystemCoreClock
 .data._impure_ptr
                0x0000000020000018        0x4 /opt/Atollic_TrueSTUDIO_for_STM32_x86_64_9.3.0/ARMTools/bin/../lib/gcc/arm-atollic-eabi/6.3.1/../../../../arm-atollic-eabi/lib/armv7e-m/fpu/fpv5-d16/libc_nano.a(lib_a-impure.o)
                0x0000000020000018                _impure_ptr
 .data.impure_data
                0x000000002000001c       0x60 /opt/Atollic_TrueSTUDIO_for_STM32_x86_64_9.3.0/ARMTools/bin/../lib/gcc/arm-atollic-eabi/6.3.1/../../../../arm-atollic-eabi/lib/armv7e-m/fpu/fpv5-d16/libc_nano.a(lib_a-impure.o)
                0x000000002000007c                . = ALIGN (0x4)
                0x000000002000007c                _edata = .

.igot.plt       0x000000002000007c        0x0 load address 0x0000000008005028
 .igot.plt      0x000000002000007c        0x0 /opt/Atollic_TrueSTUDIO_for_STM32_x86_64_9.3.0/ARMTools/bin/../lib/gcc/arm-atollic-eabi/6.3.1/armv7e-m/fpu/fpv5-d16/crtbegin.o
                0x000000002000007c                . = ALIGN (0x4)

.bss            0x000000002000007c    0x5de54 load address 0x0000000008005028
                0x000000002000007c                _sbss = .
                0x000000002000007c                __bss_start__ = _sbss
 *(.bss)
 .bss           0x000000002000007c       0x1c /opt/Atollic_TrueSTUDIO_for_STM32_x86_64_9.3.0/ARMTools/bin/../lib/gcc/arm-atollic-eabi/6.3.1/armv7e-m/fpu/fpv5-d16/crtbegin.o
 *(.bss*)
 .bss.digTurno  0x0000000020000098        0x1 Src/main.o
                0x0000000020000098                digTurno
 .bss.flagEnviando
                0x0000000020000099        0x1 Src/main.o
                0x0000000020000099                flagEnviando
 .bss.flagFrame
                0x000000002000009a        0x1 Src/main.o
                0x000000002000009a                flagFrame
 .bss.numero    0x000000002000009b        0x1 Src/main.o
                0x000000002000009b                numero
 .bss.tiempo    0x000000002000009c        0x4 Src/main.o
                0x000000002000009c                tiempo
 .bss.heap_end.10665
                0x00000000200000a0        0x4 Src/syscalls.o
 .bss.__malloc_free_list
                0x00000000200000a4        0x4 /opt/Atollic_TrueSTUDIO_for_STM32_x86_64_9.3.0/ARMTools/bin/../lib/gcc/arm-atollic-eabi/6.3.1/../../../../arm-atollic-eabi/lib/armv7e-m/fpu/fpv5-d16/libc_nano.a(lib_a-nano-mallocr.o)
                0x00000000200000a4                __malloc_free_list
 .bss.__malloc_sbrk_start
                0x00000000200000a8        0x4 /opt/Atollic_TrueSTUDIO_for_STM32_x86_64_9.3.0/ARMTools/bin/../lib/gcc/arm-atollic-eabi/6.3.1/../../../../arm-atollic-eabi/lib/armv7e-m/fpu/fpv5-d16/libc_nano.a(lib_a-nano-mallocr.o)
                0x00000000200000a8                __malloc_sbrk_start
 *(COMMON)
 COMMON         0x00000000200000ac        0x4 Drivers/STM32F7xx_HAL_Driver/Src/stm32f7xx_hal.o
                0x00000000200000ac                uwTick
 COMMON         0x00000000200000b0    0x5de1a Src/main.o
                0x00000000200000b0                img2
                0x0000000020012cb0                huart3
                0x0000000020012d30                hi2c1
                0x0000000020012d7c                hdma_dcmi
                0x0000000020012ddc                img1
                0x00000000200259dc                htim3
                0x0000000020025a1c                hdcmi
                0x0000000020025a6c                img3
                0x000000002003866c                frame_buffer
                0x000000002005de6c                htim2
                0x000000002005deac                s_buff
 *fill*         0x000000002005deca        0x2 
 COMMON         0x000000002005decc        0x4 /opt/Atollic_TrueSTUDIO_for_STM32_x86_64_9.3.0/ARMTools/bin/../lib/gcc/arm-atollic-eabi/6.3.1/../../../../arm-atollic-eabi/lib/armv7e-m/fpu/fpv5-d16/libc_nano.a(lib_a-reent.o)
                0x000000002005decc                errno
                0x000000002005ded0                . = ALIGN (0x4)
                0x000000002005ded0                _ebss = .
                0x000000002005ded0                __bss_end__ = _ebss

._user_heap_stack
                0x000000002005ded0      0x600 load address 0x0000000008005028
                0x000000002005ded0                . = ALIGN (0x4)
                0x000000002005ded0                PROVIDE (end, .)
                [!provide]                        PROVIDE (_end, .)
                0x000000002005e0d0                . = (. + _Min_Heap_Size)
 *fill*         0x000000002005ded0      0x200 
                0x000000002005e4d0                . = (. + _Min_Stack_Size)
 *fill*         0x000000002005e0d0      0x400 
                0x000000002005e4d0                . = ALIGN (0x4)

/DISCARD/
 libc.a(*)
 libm.a(*)
 libgcc.a(*)

.ARM.attributes
                0x0000000000000000       0x2e
 *(.ARM.attributes)
 .ARM.attributes
                0x0000000000000000       0x20 /opt/Atollic_TrueSTUDIO_for_STM32_x86_64_9.3.0/ARMTools/bin/../lib/gcc/arm-atollic-eabi/6.3.1/armv7e-m/fpu/fpv5-d16/crti.o
 .ARM.attributes
                0x0000000000000020       0x32 /opt/Atollic_TrueSTUDIO_for_STM32_x86_64_9.3.0/ARMTools/bin/../lib/gcc/arm-atollic-eabi/6.3.1/armv7e-m/fpu/fpv5-d16/crtbegin.o
 .ARM.attributes
                0x0000000000000052       0x37 Drivers/STM32F7xx_HAL_Driver/Src/stm32f7xx_hal.o
 .ARM.attributes
                0x0000000000000089       0x37 Drivers/STM32F7xx_HAL_Driver/Src/stm32f7xx_hal_cortex.o
 .ARM.attributes
                0x00000000000000c0       0x37 Drivers/STM32F7xx_HAL_Driver/Src/stm32f7xx_hal_dcmi.o
 .ARM.attributes
                0x00000000000000f7       0x37 Drivers/STM32F7xx_HAL_Driver/Src/stm32f7xx_hal_dma.o
 .ARM.attributes
                0x000000000000012e       0x37 Drivers/STM32F7xx_HAL_Driver/Src/stm32f7xx_hal_dma_ex.o
 .ARM.attributes
                0x0000000000000165       0x37 Drivers/STM32F7xx_HAL_Driver/Src/stm32f7xx_hal_gpio.o
 .ARM.attributes
                0x000000000000019c       0x37 Drivers/STM32F7xx_HAL_Driver/Src/stm32f7xx_hal_i2c.o
 .ARM.attributes
                0x00000000000001d3       0x37 Drivers/STM32F7xx_HAL_Driver/Src/stm32f7xx_hal_i2c_ex.o
 .ARM.attributes
                0x000000000000020a       0x37 Drivers/STM32F7xx_HAL_Driver/Src/stm32f7xx_hal_pwr_ex.o
 .ARM.attributes
                0x0000000000000241       0x37 Drivers/STM32F7xx_HAL_Driver/Src/stm32f7xx_hal_rcc.o
 .ARM.attributes
                0x0000000000000278       0x37 Drivers/STM32F7xx_HAL_Driver/Src/stm32f7xx_hal_rcc_ex.o
 .ARM.attributes
                0x00000000000002af       0x37 Drivers/STM32F7xx_HAL_Driver/Src/stm32f7xx_hal_tim.o
 .ARM.attributes
                0x00000000000002e6       0x37 Drivers/STM32F7xx_HAL_Driver/Src/stm32f7xx_hal_tim_ex.o
 .ARM.attributes
                0x000000000000031d       0x37 Drivers/STM32F7xx_HAL_Driver/Src/stm32f7xx_hal_uart.o
 .ARM.attributes
                0x0000000000000354       0x37 Src/SCCB.o
 .ARM.attributes
                0x000000000000038b       0x37 Src/dwt_delay.o
 .ARM.attributes
                0x00000000000003c2       0x37 Src/funciones.o
 .ARM.attributes
                0x00000000000003f9       0x37 Src/main.o
 .ARM.attributes
                0x0000000000000430       0x37 Src/ov7670.o
 .ARM.attributes
                0x0000000000000467       0x37 Src/stm32f7xx_hal_msp.o
 .ARM.attributes
                0x000000000000049e       0x37 Src/stm32f7xx_it.o
 .ARM.attributes
                0x00000000000004d5       0x37 Src/syscalls.o
 .ARM.attributes
                0x000000000000050c       0x37 Src/system_stm32f7xx.o
 .ARM.attributes
                0x0000000000000543       0x21 startup/startup_stm32f767xx.o
 .ARM.attributes
                0x0000000000000564       0x32 /opt/Atollic_TrueSTUDIO_for_STM32_x86_64_9.3.0/ARMTools/bin/../lib/gcc/arm-atollic-eabi/6.3.1/../../../../arm-atollic-eabi/lib/armv7e-m/fpu/fpv5-d16/libc_nano.a(lib_a-init.o)
 .ARM.attributes
                0x0000000000000596       0x32 /opt/Atollic_TrueSTUDIO_for_STM32_x86_64_9.3.0/ARMTools/bin/../lib/gcc/arm-atollic-eabi/6.3.1/../../../../arm-atollic-eabi/lib/armv7e-m/fpu/fpv5-d16/libc_nano.a(lib_a-malloc.o)
 .ARM.attributes
                0x00000000000005c8       0x32 /opt/Atollic_TrueSTUDIO_for_STM32_x86_64_9.3.0/ARMTools/bin/../lib/gcc/arm-atollic-eabi/6.3.1/../../../../arm-atollic-eabi/lib/armv7e-m/fpu/fpv5-d16/libc_nano.a(lib_a-memset.o)
 .ARM.attributes
                0x00000000000005fa       0x32 /opt/Atollic_TrueSTUDIO_for_STM32_x86_64_9.3.0/ARMTools/bin/../lib/gcc/arm-atollic-eabi/6.3.1/../../../../arm-atollic-eabi/lib/armv7e-m/fpu/fpv5-d16/libc_nano.a(lib_a-nano-freer.o)
 .ARM.attributes
                0x000000000000062c       0x32 /opt/Atollic_TrueSTUDIO_for_STM32_x86_64_9.3.0/ARMTools/bin/../lib/gcc/arm-atollic-eabi/6.3.1/../../../../arm-atollic-eabi/lib/armv7e-m/fpu/fpv5-d16/libc_nano.a(lib_a-nano-mallocr.o)
 .ARM.attributes
                0x000000000000065e       0x32 /opt/Atollic_TrueSTUDIO_for_STM32_x86_64_9.3.0/ARMTools/bin/../lib/gcc/arm-atollic-eabi/6.3.1/../../../../arm-atollic-eabi/lib/armv7e-m/fpu/fpv5-d16/libc_nano.a(lib_a-printf.o)
 .ARM.attributes
                0x0000000000000690       0x32 /opt/Atollic_TrueSTUDIO_for_STM32_x86_64_9.3.0/ARMTools/bin/../lib/gcc/arm-atollic-eabi/6.3.1/../../../../arm-atollic-eabi/lib/armv7e-m/fpu/fpv5-d16/libc_nano.a(lib_a-puts.o)
 .ARM.attributes
                0x00000000000006c2       0x32 /opt/Atollic_TrueSTUDIO_for_STM32_x86_64_9.3.0/ARMTools/bin/../lib/gcc/arm-atollic-eabi/6.3.1/../../../../arm-atollic-eabi/lib/armv7e-m/fpu/fpv5-d16/libc_nano.a(lib_a-reent.o)
 .ARM.attributes
                0x00000000000006f4       0x32 /opt/Atollic_TrueSTUDIO_for_STM32_x86_64_9.3.0/ARMTools/bin/../lib/gcc/arm-atollic-eabi/6.3.1/../../../../arm-atollic-eabi/lib/armv7e-m/fpu/fpv5-d16/libc_nano.a(lib_a-sbrkr.o)
 .ARM.attributes
                0x0000000000000726       0x32 /opt/Atollic_TrueSTUDIO_for_STM32_x86_64_9.3.0/ARMTools/bin/../lib/gcc/arm-atollic-eabi/6.3.1/../../../../arm-atollic-eabi/lib/armv7e-m/fpu/fpv5-d16/libc_nano.a(lib_a-wbuf.o)
 .ARM.attributes
                0x0000000000000758       0x32 /opt/Atollic_TrueSTUDIO_for_STM32_x86_64_9.3.0/ARMTools/bin/../lib/gcc/arm-atollic-eabi/6.3.1/../../../../arm-atollic-eabi/lib/armv7e-m/fpu/fpv5-d16/libc_nano.a(lib_a-wsetup.o)
 .ARM.attributes
                0x000000000000078a       0x32 /opt/Atollic_TrueSTUDIO_for_STM32_x86_64_9.3.0/ARMTools/bin/../lib/gcc/arm-atollic-eabi/6.3.1/../../../../arm-atollic-eabi/lib/armv7e-m/fpu/fpv5-d16/libc_nano.a(lib_a-fflush.o)
 .ARM.attributes
                0x00000000000007bc       0x32 /opt/Atollic_TrueSTUDIO_for_STM32_x86_64_9.3.0/ARMTools/bin/../lib/gcc/arm-atollic-eabi/6.3.1/../../../../arm-atollic-eabi/lib/armv7e-m/fpu/fpv5-d16/libc_nano.a(lib_a-findfp.o)
 .ARM.attributes
                0x00000000000007ee       0x32 /opt/Atollic_TrueSTUDIO_for_STM32_x86_64_9.3.0/ARMTools/bin/../lib/gcc/arm-atollic-eabi/6.3.1/../../../../arm-atollic-eabi/lib/armv7e-m/fpu/fpv5-d16/libc_nano.a(lib_a-fwalk.o)
 .ARM.attributes
                0x0000000000000820       0x32 /opt/Atollic_TrueSTUDIO_for_STM32_x86_64_9.3.0/ARMTools/bin/../lib/gcc/arm-atollic-eabi/6.3.1/../../../../arm-atollic-eabi/lib/armv7e-m/fpu/fpv5-d16/libc_nano.a(lib_a-impure.o)
 .ARM.attributes
                0x0000000000000852       0x32 /opt/Atollic_TrueSTUDIO_for_STM32_x86_64_9.3.0/ARMTools/bin/../lib/gcc/arm-atollic-eabi/6.3.1/../../../../arm-atollic-eabi/lib/armv7e-m/fpu/fpv5-d16/libc_nano.a(lib_a-makebuf.o)
 .ARM.attributes
                0x0000000000000884       0x32 /opt/Atollic_TrueSTUDIO_for_STM32_x86_64_9.3.0/ARMTools/bin/../lib/gcc/arm-atollic-eabi/6.3.1/../../../../arm-atollic-eabi/lib/armv7e-m/fpu/fpv5-d16/libc_nano.a(lib_a-mlock.o)
 .ARM.attributes
                0x00000000000008b6       0x32 /opt/Atollic_TrueSTUDIO_for_STM32_x86_64_9.3.0/ARMTools/bin/../lib/gcc/arm-atollic-eabi/6.3.1/../../../../arm-atollic-eabi/lib/armv7e-m/fpu/fpv5-d16/libc_nano.a(lib_a-nano-vfprintf.o)
 .ARM.attributes
                0x00000000000008e8       0x32 /opt/Atollic_TrueSTUDIO_for_STM32_x86_64_9.3.0/ARMTools/bin/../lib/gcc/arm-atollic-eabi/6.3.1/../../../../arm-atollic-eabi/lib/armv7e-m/fpu/fpv5-d16/libc_nano.a(lib_a-nano-vfprintf_i.o)
 .ARM.attributes
                0x000000000000091a       0x32 /opt/Atollic_TrueSTUDIO_for_STM32_x86_64_9.3.0/ARMTools/bin/../lib/gcc/arm-atollic-eabi/6.3.1/../../../../arm-atollic-eabi/lib/armv7e-m/fpu/fpv5-d16/libc_nano.a(lib_a-stdio.o)
 .ARM.attributes
                0x000000000000094c       0x32 /opt/Atollic_TrueSTUDIO_for_STM32_x86_64_9.3.0/ARMTools/bin/../lib/gcc/arm-atollic-eabi/6.3.1/../../../../arm-atollic-eabi/lib/armv7e-m/fpu/fpv5-d16/libc_nano.a(lib_a-writer.o)
 .ARM.attributes
                0x000000000000097e       0x32 /opt/Atollic_TrueSTUDIO_for_STM32_x86_64_9.3.0/ARMTools/bin/../lib/gcc/arm-atollic-eabi/6.3.1/../../../../arm-atollic-eabi/lib/armv7e-m/fpu/fpv5-d16/libc_nano.a(lib_a-closer.o)
 .ARM.attributes
                0x00000000000009b0       0x32 /opt/Atollic_TrueSTUDIO_for_STM32_x86_64_9.3.0/ARMTools/bin/../lib/gcc/arm-atollic-eabi/6.3.1/../../../../arm-atollic-eabi/lib/armv7e-m/fpu/fpv5-d16/libc_nano.a(lib_a-fstatr.o)
 .ARM.attributes
                0x00000000000009e2       0x32 /opt/Atollic_TrueSTUDIO_for_STM32_x86_64_9.3.0/ARMTools/bin/../lib/gcc/arm-atollic-eabi/6.3.1/../../../../arm-atollic-eabi/lib/armv7e-m/fpu/fpv5-d16/libc_nano.a(lib_a-isattyr.o)
 .ARM.attributes
                0x0000000000000a14       0x32 /opt/Atollic_TrueSTUDIO_for_STM32_x86_64_9.3.0/ARMTools/bin/../lib/gcc/arm-atollic-eabi/6.3.1/../../../../arm-atollic-eabi/lib/armv7e-m/fpu/fpv5-d16/libc_nano.a(lib_a-lseekr.o)
 .ARM.attributes
                0x0000000000000a46       0x1e /opt/Atollic_TrueSTUDIO_for_STM32_x86_64_9.3.0/ARMTools/bin/../lib/gcc/arm-atollic-eabi/6.3.1/../../../../arm-atollic-eabi/lib/armv7e-m/fpu/fpv5-d16/libc_nano.a(lib_a-memchr.o)
 .ARM.attributes
                0x0000000000000a64       0x32 /opt/Atollic_TrueSTUDIO_for_STM32_x86_64_9.3.0/ARMTools/bin/../lib/gcc/arm-atollic-eabi/6.3.1/../../../../arm-atollic-eabi/lib/armv7e-m/fpu/fpv5-d16/libc_nano.a(lib_a-readr.o)
 .ARM.attributes
                0x0000000000000a96       0x20 /opt/Atollic_TrueSTUDIO_for_STM32_x86_64_9.3.0/ARMTools/bin/../lib/gcc/arm-atollic-eabi/6.3.1/armv7e-m/fpu/fpv5-d16/libgcc.a(_aeabi_uldivmod.o)
 .ARM.attributes
                0x0000000000000ab6       0x32 /opt/Atollic_TrueSTUDIO_for_STM32_x86_64_9.3.0/ARMTools/bin/../lib/gcc/arm-atollic-eabi/6.3.1/armv7e-m/fpu/fpv5-d16/libgcc.a(_udivmoddi4.o)
 .ARM.attributes
                0x0000000000000ae8       0x20 /opt/Atollic_TrueSTUDIO_for_STM32_x86_64_9.3.0/ARMTools/bin/../lib/gcc/arm-atollic-eabi/6.3.1/armv7e-m/fpu/fpv5-d16/libgcc.a(_dvmd_tls.o)
 .ARM.attributes
                0x0000000000000b08       0x20 /opt/Atollic_TrueSTUDIO_for_STM32_x86_64_9.3.0/ARMTools/bin/../lib/gcc/arm-atollic-eabi/6.3.1/armv7e-m/fpu/fpv5-d16/crtn.o
OUTPUT(ContadorPersonas.elf elf32-littlearm)

.debug_info     0x0000000000000000    0x1bfea
 .debug_info    0x0000000000000000      0xb06 Drivers/STM32F7xx_HAL_Driver/Src/stm32f7xx_hal.o
 .debug_info    0x0000000000000b06     0x11ee Drivers/STM32F7xx_HAL_Driver/Src/stm32f7xx_hal_cortex.o
 .debug_info    0x0000000000001cf4      0xb62 Drivers/STM32F7xx_HAL_Driver/Src/stm32f7xx_hal_dcmi.o
 .debug_info    0x0000000000002856      0xa9d Drivers/STM32F7xx_HAL_Driver/Src/stm32f7xx_hal_dma.o
 .debug_info    0x00000000000032f3      0x62b Drivers/STM32F7xx_HAL_Driver/Src/stm32f7xx_hal_dma_ex.o
 .debug_info    0x000000000000391e      0x7fa Drivers/STM32F7xx_HAL_Driver/Src/stm32f7xx_hal_gpio.o
 .debug_info    0x0000000000004118     0x386d Drivers/STM32F7xx_HAL_Driver/Src/stm32f7xx_hal_i2c.o
 .debug_info    0x0000000000007985      0x9f7 Drivers/STM32F7xx_HAL_Driver/Src/stm32f7xx_hal_i2c_ex.o
 .debug_info    0x000000000000837c      0xa38 Drivers/STM32F7xx_HAL_Driver/Src/stm32f7xx_hal_pwr_ex.o
 .debug_info    0x0000000000008db4      0xba6 Drivers/STM32F7xx_HAL_Driver/Src/stm32f7xx_hal_rcc.o
 .debug_info    0x000000000000995a      0x8c9 Drivers/STM32F7xx_HAL_Driver/Src/stm32f7xx_hal_rcc_ex.o
 .debug_info    0x000000000000a223     0x36ac Drivers/STM32F7xx_HAL_Driver/Src/stm32f7xx_hal_tim.o
 .debug_info    0x000000000000d8cf     0x14fe Drivers/STM32F7xx_HAL_Driver/Src/stm32f7xx_hal_tim_ex.o
 .debug_info    0x000000000000edcd     0x1bf6 Drivers/STM32F7xx_HAL_Driver/Src/stm32f7xx_hal_uart.o
 .debug_info    0x00000000000109c3      0x8db Src/SCCB.o
 .debug_info    0x000000000001129e      0x39d Src/dwt_delay.o
 .debug_info    0x000000000001163b      0xf1a Src/funciones.o
 .debug_info    0x0000000000012555     0x405c Src/main.o
 .debug_info    0x00000000000165b1     0x1d6f Src/ov7670.o
 .debug_info    0x0000000000018320     0x1a97 Src/stm32f7xx_hal_msp.o
 .debug_info    0x0000000000019db7      0xa1e Src/stm32f7xx_it.o
 .debug_info    0x000000000001a7d5     0x104d Src/syscalls.o
 .debug_info    0x000000000001b822      0x744 Src/system_stm32f7xx.o
 .debug_info    0x000000000001bf66       0x84 startup/startup_stm32f767xx.o

.debug_abbrev   0x0000000000000000     0x373f
 .debug_abbrev  0x0000000000000000      0x239 Drivers/STM32F7xx_HAL_Driver/Src/stm32f7xx_hal.o
 .debug_abbrev  0x0000000000000239      0x314 Drivers/STM32F7xx_HAL_Driver/Src/stm32f7xx_hal_cortex.o
 .debug_abbrev  0x000000000000054d      0x284 Drivers/STM32F7xx_HAL_Driver/Src/stm32f7xx_hal_dcmi.o
 .debug_abbrev  0x00000000000007d1      0x2e8 Drivers/STM32F7xx_HAL_Driver/Src/stm32f7xx_hal_dma.o
 .debug_abbrev  0x0000000000000ab9      0x1ad Drivers/STM32F7xx_HAL_Driver/Src/stm32f7xx_hal_dma_ex.o
 .debug_abbrev  0x0000000000000c66      0x1ef Drivers/STM32F7xx_HAL_Driver/Src/stm32f7xx_hal_gpio.o
 .debug_abbrev  0x0000000000000e55      0x362 Drivers/STM32F7xx_HAL_Driver/Src/stm32f7xx_hal_i2c.o
 .debug_abbrev  0x00000000000011b7      0x1a3 Drivers/STM32F7xx_HAL_Driver/Src/stm32f7xx_hal_i2c_ex.o
 .debug_abbrev  0x000000000000135a      0x1c4 Drivers/STM32F7xx_HAL_Driver/Src/stm32f7xx_hal_pwr_ex.o
 .debug_abbrev  0x000000000000151e      0x2d6 Drivers/STM32F7xx_HAL_Driver/Src/stm32f7xx_hal_rcc.o
 .debug_abbrev  0x00000000000017f4      0x1c8 Drivers/STM32F7xx_HAL_Driver/Src/stm32f7xx_hal_rcc_ex.o
 .debug_abbrev  0x00000000000019bc      0x324 Drivers/STM32F7xx_HAL_Driver/Src/stm32f7xx_hal_tim.o
 .debug_abbrev  0x0000000000001ce0      0x29c Drivers/STM32F7xx_HAL_Driver/Src/stm32f7xx_hal_tim_ex.o
 .debug_abbrev  0x0000000000001f7c      0x31d Drivers/STM32F7xx_HAL_Driver/Src/stm32f7xx_hal_uart.o
 .debug_abbrev  0x0000000000002299      0x1c1 Src/SCCB.o
 .debug_abbrev  0x000000000000245a      0x12f Src/dwt_delay.o
 .debug_abbrev  0x0000000000002589      0x290 Src/funciones.o
 .debug_abbrev  0x0000000000002819      0x3ef Src/main.o
 .debug_abbrev  0x0000000000002c08      0x2f3 Src/ov7670.o
 .debug_abbrev  0x0000000000002efb      0x23f Src/stm32f7xx_hal_msp.o
 .debug_abbrev  0x000000000000313a      0x1b5 Src/stm32f7xx_it.o
 .debug_abbrev  0x00000000000032ef      0x2fc Src/syscalls.o
 .debug_abbrev  0x00000000000035eb      0x142 Src/system_stm32f7xx.o
 .debug_abbrev  0x000000000000372d       0x12 startup/startup_stm32f767xx.o

.debug_loc      0x0000000000000000     0xd000
 .debug_loc     0x0000000000000000      0x11b Drivers/STM32F7xx_HAL_Driver/Src/stm32f7xx_hal.o
 .debug_loc     0x000000000000011b      0x57e Drivers/STM32F7xx_HAL_Driver/Src/stm32f7xx_hal_cortex.o
 .debug_loc     0x0000000000000699      0x59b Drivers/STM32F7xx_HAL_Driver/Src/stm32f7xx_hal_dcmi.o
 .debug_loc     0x0000000000000c34      0x7ed Drivers/STM32F7xx_HAL_Driver/Src/stm32f7xx_hal_dma.o
 .debug_loc     0x0000000000001421      0x494 Drivers/STM32F7xx_HAL_Driver/Src/stm32f7xx_hal_dma_ex.o
 .debug_loc     0x00000000000018b5      0x36d Drivers/STM32F7xx_HAL_Driver/Src/stm32f7xx_hal_gpio.o
 .debug_loc     0x0000000000001c22     0x3b80 Drivers/STM32F7xx_HAL_Driver/Src/stm32f7xx_hal_i2c.o
 .debug_loc     0x00000000000057a2      0x12c Drivers/STM32F7xx_HAL_Driver/Src/stm32f7xx_hal_i2c_ex.o
 .debug_loc     0x00000000000058ce      0x1c2 Drivers/STM32F7xx_HAL_Driver/Src/stm32f7xx_hal_pwr_ex.o
 .debug_loc     0x0000000000005a90      0x3fe Drivers/STM32F7xx_HAL_Driver/Src/stm32f7xx_hal_rcc.o
 .debug_loc     0x0000000000005e8e      0x5dc Drivers/STM32F7xx_HAL_Driver/Src/stm32f7xx_hal_rcc_ex.o
 .debug_loc     0x000000000000646a     0x32c7 Drivers/STM32F7xx_HAL_Driver/Src/stm32f7xx_hal_tim.o
 .debug_loc     0x0000000000009731      0xe88 Drivers/STM32F7xx_HAL_Driver/Src/stm32f7xx_hal_tim_ex.o
 .debug_loc     0x000000000000a5b9     0x13e8 Drivers/STM32F7xx_HAL_Driver/Src/stm32f7xx_hal_uart.o
 .debug_loc     0x000000000000b9a1       0xad Src/SCCB.o
 .debug_loc     0x000000000000ba4e       0x21 Src/dwt_delay.o
 .debug_loc     0x000000000000ba6f      0x796 Src/funciones.o
 .debug_loc     0x000000000000c205      0x5ce Src/main.o
 .debug_loc     0x000000000000c7d3      0x237 Src/ov7670.o
 .debug_loc     0x000000000000ca0a      0x197 Src/stm32f7xx_hal_msp.o
 .debug_loc     0x000000000000cba1      0x34e Src/syscalls.o
 .debug_loc     0x000000000000ceef      0x111 Src/system_stm32f7xx.o

.debug_aranges  0x0000000000000000      0xf90
 .debug_aranges
                0x0000000000000000      0x108 Drivers/STM32F7xx_HAL_Driver/Src/stm32f7xx_hal.o
 .debug_aranges
                0x0000000000000108       0xa8 Drivers/STM32F7xx_HAL_Driver/Src/stm32f7xx_hal_cortex.o
 .debug_aranges
                0x00000000000001b0       0x90 Drivers/STM32F7xx_HAL_Driver/Src/stm32f7xx_hal_dcmi.o
 .debug_aranges
                0x0000000000000240       0x80 Drivers/STM32F7xx_HAL_Driver/Src/stm32f7xx_hal_dma.o
 .debug_aranges
                0x00000000000002c0       0x30 Drivers/STM32F7xx_HAL_Driver/Src/stm32f7xx_hal_dma_ex.o
 .debug_aranges
                0x00000000000002f0       0x58 Drivers/STM32F7xx_HAL_Driver/Src/stm32f7xx_hal_gpio.o
 .debug_aranges
                0x0000000000000348      0x238 Drivers/STM32F7xx_HAL_Driver/Src/stm32f7xx_hal_i2c.o
 .debug_aranges
                0x0000000000000580       0x38 Drivers/STM32F7xx_HAL_Driver/Src/stm32f7xx_hal_i2c_ex.o
 .debug_aranges
                0x00000000000005b8       0x80 Drivers/STM32F7xx_HAL_Driver/Src/stm32f7xx_hal_pwr_ex.o
 .debug_aranges
                0x0000000000000638       0x88 Drivers/STM32F7xx_HAL_Driver/Src/stm32f7xx_hal_rcc.o
 .debug_aranges
                0x00000000000006c0       0x50 Drivers/STM32F7xx_HAL_Driver/Src/stm32f7xx_hal_rcc_ex.o
 .debug_aranges
                0x0000000000000710      0x288 Drivers/STM32F7xx_HAL_Driver/Src/stm32f7xx_hal_tim.o
 .debug_aranges
                0x0000000000000998      0x108 Drivers/STM32F7xx_HAL_Driver/Src/stm32f7xx_hal_tim_ex.o
 .debug_aranges
                0x0000000000000aa0      0x1a0 Drivers/STM32F7xx_HAL_Driver/Src/stm32f7xx_hal_uart.o
 .debug_aranges
                0x0000000000000c40       0x58 Src/SCCB.o
 .debug_aranges
                0x0000000000000c98       0x28 Src/dwt_delay.o
 .debug_aranges
                0x0000000000000cc0       0x70 Src/funciones.o
 .debug_aranges
                0x0000000000000d30       0x50 Src/main.o
 .debug_aranges
                0x0000000000000d80       0x48 Src/ov7670.o
 .debug_aranges
                0x0000000000000dc8       0x68 Src/stm32f7xx_hal_msp.o
 .debug_aranges
                0x0000000000000e30       0x60 Src/stm32f7xx_it.o
 .debug_aranges
                0x0000000000000e90       0xb0 Src/syscalls.o
 .debug_aranges
                0x0000000000000f40       0x28 Src/system_stm32f7xx.o
 .debug_aranges
                0x0000000000000f68       0x28 startup/startup_stm32f767xx.o

.debug_ranges   0x0000000000000000     0x1560
 .debug_ranges  0x0000000000000000       0xf8 Drivers/STM32F7xx_HAL_Driver/Src/stm32f7xx_hal.o
 .debug_ranges  0x00000000000000f8      0x138 Drivers/STM32F7xx_HAL_Driver/Src/stm32f7xx_hal_cortex.o
 .debug_ranges  0x0000000000000230       0x80 Drivers/STM32F7xx_HAL_Driver/Src/stm32f7xx_hal_dcmi.o
 .debug_ranges  0x00000000000002b0       0xd0 Drivers/STM32F7xx_HAL_Driver/Src/stm32f7xx_hal_dma.o
 .debug_ranges  0x0000000000000380       0x60 Drivers/STM32F7xx_HAL_Driver/Src/stm32f7xx_hal_dma_ex.o
 .debug_ranges  0x00000000000003e0       0x70 Drivers/STM32F7xx_HAL_Driver/Src/stm32f7xx_hal_gpio.o
 .debug_ranges  0x0000000000000450      0x2a0 Drivers/STM32F7xx_HAL_Driver/Src/stm32f7xx_hal_i2c.o
 .debug_ranges  0x00000000000006f0       0x68 Drivers/STM32F7xx_HAL_Driver/Src/stm32f7xx_hal_i2c_ex.o
 .debug_ranges  0x0000000000000758       0xe8 Drivers/STM32F7xx_HAL_Driver/Src/stm32f7xx_hal_pwr_ex.o
 .debug_ranges  0x0000000000000840       0xf0 Drivers/STM32F7xx_HAL_Driver/Src/stm32f7xx_hal_rcc.o
 .debug_ranges  0x0000000000000930       0x58 Drivers/STM32F7xx_HAL_Driver/Src/stm32f7xx_hal_rcc_ex.o
 .debug_ranges  0x0000000000000988      0x358 Drivers/STM32F7xx_HAL_Driver/Src/stm32f7xx_hal_tim.o
 .debug_ranges  0x0000000000000ce0       0xf8 Drivers/STM32F7xx_HAL_Driver/Src/stm32f7xx_hal_tim_ex.o
 .debug_ranges  0x0000000000000dd8      0x190 Drivers/STM32F7xx_HAL_Driver/Src/stm32f7xx_hal_uart.o
 .debug_ranges  0x0000000000000f68       0x48 Src/SCCB.o
 .debug_ranges  0x0000000000000fb0       0x18 Src/dwt_delay.o
 .debug_ranges  0x0000000000000fc8      0x130 Src/funciones.o
 .debug_ranges  0x00000000000010f8      0x1f8 Src/main.o
 .debug_ranges  0x00000000000012f0       0x38 Src/ov7670.o
 .debug_ranges  0x0000000000001328      0x110 Src/stm32f7xx_hal_msp.o
 .debug_ranges  0x0000000000001438       0x50 Src/stm32f7xx_it.o
 .debug_ranges  0x0000000000001488       0xa0 Src/syscalls.o
 .debug_ranges  0x0000000000001528       0x18 Src/system_stm32f7xx.o
 .debug_ranges  0x0000000000001540       0x20 startup/startup_stm32f767xx.o

.debug_line     0x0000000000000000     0x921a
 .debug_line    0x0000000000000000      0x435 Drivers/STM32F7xx_HAL_Driver/Src/stm32f7xx_hal.o
 .debug_line    0x0000000000000435      0x45d Drivers/STM32F7xx_HAL_Driver/Src/stm32f7xx_hal_cortex.o
 .debug_line    0x0000000000000892      0x54a Drivers/STM32F7xx_HAL_Driver/Src/stm32f7xx_hal_dcmi.o
 .debug_line    0x0000000000000ddc      0x561 Drivers/STM32F7xx_HAL_Driver/Src/stm32f7xx_hal_dma.o
 .debug_line    0x000000000000133d      0x570 Drivers/STM32F7xx_HAL_Driver/Src/stm32f7xx_hal_dma_ex.o
 .debug_line    0x00000000000018ad      0x411 Drivers/STM32F7xx_HAL_Driver/Src/stm32f7xx_hal_gpio.o
 .debug_line    0x0000000000001cbe     0x192d Drivers/STM32F7xx_HAL_Driver/Src/stm32f7xx_hal_i2c.o
 .debug_line    0x00000000000035eb      0x2dd Drivers/STM32F7xx_HAL_Driver/Src/stm32f7xx_hal_i2c_ex.o
 .debug_line    0x00000000000038c8      0x375 Drivers/STM32F7xx_HAL_Driver/Src/stm32f7xx_hal_pwr_ex.o
 .debug_line    0x0000000000003c3d      0x5aa Drivers/STM32F7xx_HAL_Driver/Src/stm32f7xx_hal_rcc.o
 .debug_line    0x00000000000041e7      0x462 Drivers/STM32F7xx_HAL_Driver/Src/stm32f7xx_hal_rcc_ex.o
 .debug_line    0x0000000000004649     0x13a2 Drivers/STM32F7xx_HAL_Driver/Src/stm32f7xx_hal_tim.o
 .debug_line    0x00000000000059eb      0x7ee Drivers/STM32F7xx_HAL_Driver/Src/stm32f7xx_hal_tim_ex.o
 .debug_line    0x00000000000061d9      0xd53 Drivers/STM32F7xx_HAL_Driver/Src/stm32f7xx_hal_uart.o
 .debug_line    0x0000000000006f2c      0x2b6 Src/SCCB.o
 .debug_line    0x00000000000071e2      0x1d3 Src/dwt_delay.o
 .debug_line    0x00000000000073b5      0x458 Src/funciones.o
 .debug_line    0x000000000000780d      0x8ad Src/main.o
 .debug_line    0x00000000000080ba      0x3b9 Src/ov7670.o
 .debug_line    0x0000000000008473      0x406 Src/stm32f7xx_hal_msp.o
 .debug_line    0x0000000000008879      0x2a8 Src/stm32f7xx_it.o
 .debug_line    0x0000000000008b21      0x47f Src/syscalls.o
 .debug_line    0x0000000000008fa0      0x1fb Src/system_stm32f7xx.o
 .debug_line    0x000000000000919b       0x7f startup/startup_stm32f767xx.o

.debug_str      0x0000000000000000     0x6500
 .debug_str     0x0000000000000000      0xd2c Drivers/STM32F7xx_HAL_Driver/Src/stm32f7xx_hal.o
                                        0xd95 (size before relaxing)
 .debug_str     0x0000000000000d2c      0x560 Drivers/STM32F7xx_HAL_Driver/Src/stm32f7xx_hal_cortex.o
                                        0xf29 (size before relaxing)
 .debug_str     0x000000000000128c      0x681 Drivers/STM32F7xx_HAL_Driver/Src/stm32f7xx_hal_dcmi.o
                                        0x9be (size before relaxing)
 .debug_str     0x000000000000190d      0x2d9 Drivers/STM32F7xx_HAL_Driver/Src/stm32f7xx_hal_dma.o
                                        0x856 (size before relaxing)
 .debug_str     0x0000000000001be6       0xae Drivers/STM32F7xx_HAL_Driver/Src/stm32f7xx_hal_dma_ex.o
                                        0x64b (size before relaxing)
 .debug_str     0x0000000000001c94      0x1ad Drivers/STM32F7xx_HAL_Driver/Src/stm32f7xx_hal_gpio.o
                                        0x5ed (size before relaxing)
 .debug_str     0x0000000000001e41      0xad0 Drivers/STM32F7xx_HAL_Driver/Src/stm32f7xx_hal_i2c.o
                                       0x10cc (size before relaxing)
 .debug_str     0x0000000000002911       0xc4 Drivers/STM32F7xx_HAL_Driver/Src/stm32f7xx_hal_i2c_ex.o
                                        0x9f1 (size before relaxing)
 .debug_str     0x00000000000029d5      0x20e Drivers/STM32F7xx_HAL_Driver/Src/stm32f7xx_hal_pwr_ex.o
                                        0x73c (size before relaxing)
 .debug_str     0x0000000000002be3      0x301 Drivers/STM32F7xx_HAL_Driver/Src/stm32f7xx_hal_rcc.o
                                        0x7d4 (size before relaxing)
 .debug_str     0x0000000000002ee4      0x3fb Drivers/STM32F7xx_HAL_Driver/Src/stm32f7xx_hal_rcc_ex.o
                                        0x829 (size before relaxing)
 .debug_str     0x00000000000032df     0x107e Drivers/STM32F7xx_HAL_Driver/Src/stm32f7xx_hal_tim.o
                                       0x162c (size before relaxing)
 .debug_str     0x000000000000435d      0x644 Drivers/STM32F7xx_HAL_Driver/Src/stm32f7xx_hal_tim_ex.o
                                        0xf3e (size before relaxing)
 .debug_str     0x00000000000049a1      0x85a Drivers/STM32F7xx_HAL_Driver/Src/stm32f7xx_hal_uart.o
                                        0xfb8 (size before relaxing)
 .debug_str     0x00000000000051fb       0x94 Src/SCCB.o
                                        0x3f5 (size before relaxing)
 .debug_str     0x000000000000528f       0xeb Src/dwt_delay.o
                                        0x3b0 (size before relaxing)
 .debug_str     0x000000000000537a      0x48c Src/funciones.o
                                        0x7a1 (size before relaxing)
 .debug_str     0x0000000000005806      0x922 Src/main.o
                                       0x2b4f (size before relaxing)
 .debug_str     0x0000000000006128       0x9c Src/ov7670.o
                                        0x850 (size before relaxing)
 .debug_str     0x00000000000061c4       0x25 Src/stm32f7xx_hal_msp.o
                                       0x16fb (size before relaxing)
 .debug_str     0x00000000000061e9       0xce Src/stm32f7xx_it.o
                                        0xa4f (size before relaxing)
 .debug_str     0x00000000000062b7      0x204 Src/syscalls.o
                                        0x951 (size before relaxing)
 .debug_str     0x00000000000064bb       0x45 Src/system_stm32f7xx.o
                                        0x51a (size before relaxing)

.comment        0x0000000000000000       0x7c
 .comment       0x0000000000000000       0x7c Drivers/STM32F7xx_HAL_Driver/Src/stm32f7xx_hal.o
                                         0x7d (size before relaxing)
 .comment       0x000000000000007c       0x7d Drivers/STM32F7xx_HAL_Driver/Src/stm32f7xx_hal_cortex.o
 .comment       0x000000000000007c       0x7d Drivers/STM32F7xx_HAL_Driver/Src/stm32f7xx_hal_dcmi.o
 .comment       0x000000000000007c       0x7d Drivers/STM32F7xx_HAL_Driver/Src/stm32f7xx_hal_dma.o
 .comment       0x000000000000007c       0x7d Drivers/STM32F7xx_HAL_Driver/Src/stm32f7xx_hal_dma_ex.o
 .comment       0x000000000000007c       0x7d Drivers/STM32F7xx_HAL_Driver/Src/stm32f7xx_hal_gpio.o
 .comment       0x000000000000007c       0x7d Drivers/STM32F7xx_HAL_Driver/Src/stm32f7xx_hal_i2c.o
 .comment       0x000000000000007c       0x7d Drivers/STM32F7xx_HAL_Driver/Src/stm32f7xx_hal_i2c_ex.o
 .comment       0x000000000000007c       0x7d Drivers/STM32F7xx_HAL_Driver/Src/stm32f7xx_hal_pwr_ex.o
 .comment       0x000000000000007c       0x7d Drivers/STM32F7xx_HAL_Driver/Src/stm32f7xx_hal_rcc.o
 .comment       0x000000000000007c       0x7d Drivers/STM32F7xx_HAL_Driver/Src/stm32f7xx_hal_rcc_ex.o
 .comment       0x000000000000007c       0x7d Drivers/STM32F7xx_HAL_Driver/Src/stm32f7xx_hal_tim.o
 .comment       0x000000000000007c       0x7d Drivers/STM32F7xx_HAL_Driver/Src/stm32f7xx_hal_tim_ex.o
 .comment       0x000000000000007c       0x7d Drivers/STM32F7xx_HAL_Driver/Src/stm32f7xx_hal_uart.o
 .comment       0x000000000000007c       0x7d Src/SCCB.o
 .comment       0x000000000000007c       0x7d Src/dwt_delay.o
 .comment       0x000000000000007c       0x7d Src/funciones.o
 .comment       0x000000000000007c       0x7d Src/main.o
 .comment       0x000000000000007c       0x7d Src/ov7670.o
 .comment       0x000000000000007c       0x7d Src/stm32f7xx_hal_msp.o
 .comment       0x000000000000007c       0x7d Src/stm32f7xx_it.o
 .comment       0x000000000000007c       0x7d Src/syscalls.o
 .comment       0x000000000000007c       0x7d Src/system_stm32f7xx.o

.debug_frame    0x0000000000000000     0x3658
 .debug_frame   0x0000000000000000      0x230 Drivers/STM32F7xx_HAL_Driver/Src/stm32f7xx_hal.o
 .debug_frame   0x0000000000000230      0x158 Drivers/STM32F7xx_HAL_Driver/Src/stm32f7xx_hal_cortex.o
 .debug_frame   0x0000000000000388      0x1ac Drivers/STM32F7xx_HAL_Driver/Src/stm32f7xx_hal_dcmi.o
 .debug_frame   0x0000000000000534      0x150 Drivers/STM32F7xx_HAL_Driver/Src/stm32f7xx_hal_dma.o
 .debug_frame   0x0000000000000684       0x58 Drivers/STM32F7xx_HAL_Driver/Src/stm32f7xx_hal_dma_ex.o
 .debug_frame   0x00000000000006dc       0xd8 Drivers/STM32F7xx_HAL_Driver/Src/stm32f7xx_hal_gpio.o
 .debug_frame   0x00000000000007b4      0x8fc Drivers/STM32F7xx_HAL_Driver/Src/stm32f7xx_hal_i2c.o
 .debug_frame   0x00000000000010b0       0x70 Drivers/STM32F7xx_HAL_Driver/Src/stm32f7xx_hal_i2c_ex.o
 .debug_frame   0x0000000000001120      0x13c Drivers/STM32F7xx_HAL_Driver/Src/stm32f7xx_hal_pwr_ex.o
 .debug_frame   0x000000000000125c      0x148 Drivers/STM32F7xx_HAL_Driver/Src/stm32f7xx_hal_rcc.o
 .debug_frame   0x00000000000013a4       0xcc Drivers/STM32F7xx_HAL_Driver/Src/stm32f7xx_hal_rcc_ex.o
 .debug_frame   0x0000000000001470      0x95c Drivers/STM32F7xx_HAL_Driver/Src/stm32f7xx_hal_tim.o
 .debug_frame   0x0000000000001dcc      0x3a8 Drivers/STM32F7xx_HAL_Driver/Src/stm32f7xx_hal_tim_ex.o
 .debug_frame   0x0000000000002174      0x54c Drivers/STM32F7xx_HAL_Driver/Src/stm32f7xx_hal_uart.o
 .debug_frame   0x00000000000026c0       0xe4 Src/SCCB.o
 .debug_frame   0x00000000000027a4       0x38 Src/dwt_delay.o
 .debug_frame   0x00000000000027dc      0x168 Src/funciones.o
 .debug_frame   0x0000000000002944       0xe0 Src/main.o
 .debug_frame   0x0000000000002a24       0xcc Src/ov7670.o
 .debug_frame   0x0000000000002af0      0x118 Src/stm32f7xx_hal_msp.o
 .debug_frame   0x0000000000002c08       0xd0 Src/stm32f7xx_it.o
 .debug_frame   0x0000000000002cd8      0x168 Src/syscalls.o
 .debug_frame   0x0000000000002e40       0x38 Src/system_stm32f7xx.o
 .debug_frame   0x0000000000002e78       0x2c /opt/Atollic_TrueSTUDIO_for_STM32_x86_64_9.3.0/ARMTools/bin/../lib/gcc/arm-atollic-eabi/6.3.1/../../../../arm-atollic-eabi/lib/armv7e-m/fpu/fpv5-d16/libc_nano.a(lib_a-init.o)
 .debug_frame   0x0000000000002ea4       0x30 /opt/Atollic_TrueSTUDIO_for_STM32_x86_64_9.3.0/ARMTools/bin/../lib/gcc/arm-atollic-eabi/6.3.1/../../../../arm-atollic-eabi/lib/armv7e-m/fpu/fpv5-d16/libc_nano.a(lib_a-malloc.o)
 .debug_frame   0x0000000000002ed4       0x20 /opt/Atollic_TrueSTUDIO_for_STM32_x86_64_9.3.0/ARMTools/bin/../lib/gcc/arm-atollic-eabi/6.3.1/../../../../arm-atollic-eabi/lib/armv7e-m/fpu/fpv5-d16/libc_nano.a(lib_a-memset.o)
 .debug_frame   0x0000000000002ef4       0x38 /opt/Atollic_TrueSTUDIO_for_STM32_x86_64_9.3.0/ARMTools/bin/../lib/gcc/arm-atollic-eabi/6.3.1/../../../../arm-atollic-eabi/lib/armv7e-m/fpu/fpv5-d16/libc_nano.a(lib_a-nano-freer.o)
 .debug_frame   0x0000000000002f2c       0x2c /opt/Atollic_TrueSTUDIO_for_STM32_x86_64_9.3.0/ARMTools/bin/../lib/gcc/arm-atollic-eabi/6.3.1/../../../../arm-atollic-eabi/lib/armv7e-m/fpu/fpv5-d16/libc_nano.a(lib_a-nano-mallocr.o)
 .debug_frame   0x0000000000002f58       0x74 /opt/Atollic_TrueSTUDIO_for_STM32_x86_64_9.3.0/ARMTools/bin/../lib/gcc/arm-atollic-eabi/6.3.1/../../../../arm-atollic-eabi/lib/armv7e-m/fpu/fpv5-d16/libc_nano.a(lib_a-printf.o)