Archive member included to satisfy reference by file (symbol)

/opt/Atollic_TrueSTUDIO_for_STM32_x86_64_9.3.0/ARMTools/bin/../lib/gcc/arm-atollic-eabi/6.3.1/../../../../arm-atollic-eabi/lib/armv7e-m/fpu/fpv5-d16/libc_nano.a(lib_a-init.o)
                              startup/startup_stm32f767xx.o (__libc_init_array)
/opt/Atollic_TrueSTUDIO_for_STM32_x86_64_9.3.0/ARMTools/bin/../lib/gcc/arm-atollic-eabi/6.3.1/../../../../arm-atollic-eabi/lib/armv7e-m/fpu/fpv5-d16/libc_nano.a(lib_a-malloc.o)
                              Src/funciones.o (malloc)
/opt/Atollic_TrueSTUDIO_for_STM32_x86_64_9.3.0/ARMTools/bin/../lib/gcc/arm-atollic-eabi/6.3.1/../../../../arm-atollic-eabi/lib/armv7e-m/fpu/fpv5-d16/libc_nano.a(lib_a-memcmp.o)
                              Middlewares/Third_Party/LwIP/src/netif/ethernet.o (memcmp)
/opt/Atollic_TrueSTUDIO_for_STM32_x86_64_9.3.0/ARMTools/bin/../lib/gcc/arm-atollic-eabi/6.3.1/../../../../arm-atollic-eabi/lib/armv7e-m/fpu/fpv5-d16/libc_nano.a(lib_a-memcpy-stub.o)
                              Middlewares/Third_Party/LwIP/src/core/ipv4/icmp.o (memcpy)
/opt/Atollic_TrueSTUDIO_for_STM32_x86_64_9.3.0/ARMTools/bin/../lib/gcc/arm-atollic-eabi/6.3.1/../../../../arm-atollic-eabi/lib/armv7e-m/fpu/fpv5-d16/libc_nano.a(lib_a-memset.o)
                              Middlewares/Third_Party/LwIP/src/apps/mqtt/mqtt.o (memset)
/opt/Atollic_TrueSTUDIO_for_STM32_x86_64_9.3.0/ARMTools/bin/../lib/gcc/arm-atollic-eabi/6.3.1/../../../../arm-atollic-eabi/lib/armv7e-m/fpu/fpv5-d16/libc_nano.a(lib_a-nano-freer.o)
                              /opt/Atollic_TrueSTUDIO_for_STM32_x86_64_9.3.0/ARMTools/bin/../lib/gcc/arm-atollic-eabi/6.3.1/../../../../arm-atollic-eabi/lib/armv7e-m/fpu/fpv5-d16/libc_nano.a(lib_a-malloc.o) (_free_r)
/opt/Atollic_TrueSTUDIO_for_STM32_x86_64_9.3.0/ARMTools/bin/../lib/gcc/arm-atollic-eabi/6.3.1/../../../../arm-atollic-eabi/lib/armv7e-m/fpu/fpv5-d16/libc_nano.a(lib_a-nano-mallocr.o)
                              /opt/Atollic_TrueSTUDIO_for_STM32_x86_64_9.3.0/ARMTools/bin/../lib/gcc/arm-atollic-eabi/6.3.1/../../../../arm-atollic-eabi/lib/armv7e-m/fpu/fpv5-d16/libc_nano.a(lib_a-malloc.o) (_malloc_r)
/opt/Atollic_TrueSTUDIO_for_STM32_x86_64_9.3.0/ARMTools/bin/../lib/gcc/arm-atollic-eabi/6.3.1/../../../../arm-atollic-eabi/lib/armv7e-m/fpu/fpv5-d16/libc_nano.a(lib_a-printf.o)
                              Middlewares/Third_Party/LwIP/src/apps/mqtt/mqtt.o (printf)
/opt/Atollic_TrueSTUDIO_for_STM32_x86_64_9.3.0/ARMTools/bin/../lib/gcc/arm-atollic-eabi/6.3.1/../../../../arm-atollic-eabi/lib/armv7e-m/fpu/fpv5-d16/libc_nano.a(lib_a-puts.o)
                              Src/main.o (puts)
/opt/Atollic_TrueSTUDIO_for_STM32_x86_64_9.3.0/ARMTools/bin/../lib/gcc/arm-atollic-eabi/6.3.1/../../../../arm-atollic-eabi/lib/armv7e-m/fpu/fpv5-d16/libc_nano.a(lib_a-rand.o)
                              Middlewares/Third_Party/LwIP/src/core/ipv4/dhcp.o (rand)
/opt/Atollic_TrueSTUDIO_for_STM32_x86_64_9.3.0/ARMTools/bin/../lib/gcc/arm-atollic-eabi/6.3.1/../../../../arm-atollic-eabi/lib/armv7e-m/fpu/fpv5-d16/libc_nano.a(lib_a-reent.o)
                              Src/syscalls.o (errno)
/opt/Atollic_TrueSTUDIO_for_STM32_x86_64_9.3.0/ARMTools/bin/../lib/gcc/arm-atollic-eabi/6.3.1/../../../../arm-atollic-eabi/lib/armv7e-m/fpu/fpv5-d16/libc_nano.a(lib_a-sbrkr.o)
                              /opt/Atollic_TrueSTUDIO_for_STM32_x86_64_9.3.0/ARMTools/bin/../lib/gcc/arm-atollic-eabi/6.3.1/../../../../arm-atollic-eabi/lib/armv7e-m/fpu/fpv5-d16/libc_nano.a(lib_a-nano-mallocr.o) (_sbrk_r)
/opt/Atollic_TrueSTUDIO_for_STM32_x86_64_9.3.0/ARMTools/bin/../lib/gcc/arm-atollic-eabi/6.3.1/../../../../arm-atollic-eabi/lib/armv7e-m/fpu/fpv5-d16/libc_nano.a(lib_a-sprintf.o)
                              Src/main.o (sprintf)
/opt/Atollic_TrueSTUDIO_for_STM32_x86_64_9.3.0/ARMTools/bin/../lib/gcc/arm-atollic-eabi/6.3.1/../../../../arm-atollic-eabi/lib/armv7e-m/fpu/fpv5-d16/libc_nano.a(lib_a-strcmp.o)
                              Src/main.o (strcmp)
/opt/Atollic_TrueSTUDIO_for_STM32_x86_64_9.3.0/ARMTools/bin/../lib/gcc/arm-atollic-eabi/6.3.1/../../../../arm-atollic-eabi/lib/armv7e-m/fpu/fpv5-d16/libc_nano.a(lib_a-strlen.o)
                              Middlewares/Third_Party/LwIP/src/apps/mqtt/mqtt.o (strlen)
/opt/Atollic_TrueSTUDIO_for_STM32_x86_64_9.3.0/ARMTools/bin/../lib/gcc/arm-atollic-eabi/6.3.1/../../../../arm-atollic-eabi/lib/armv7e-m/fpu/fpv5-d16/libc_nano.a(lib_a-strncmp.o)
                              Middlewares/Third_Party/LwIP/src/core/def.o (strncmp)
/opt/Atollic_TrueSTUDIO_for_STM32_x86_64_9.3.0/ARMTools/bin/../lib/gcc/arm-atollic-eabi/6.3.1/../../../../arm-atollic-eabi/lib/armv7e-m/fpu/fpv5-d16/libc_nano.a(lib_a-wbuf.o)
                              /opt/Atollic_TrueSTUDIO_for_STM32_x86_64_9.3.0/ARMTools/bin/../lib/gcc/arm-atollic-eabi/6.3.1/../../../../arm-atollic-eabi/lib/armv7e-m/fpu/fpv5-d16/libc_nano.a(lib_a-puts.o) (__swbuf_r)
[...]
Memory Configuration

Name             Origin             Length             Attributes
RAM              0x0000000020000000 0x0000000000080000 xrw
FLASH            0x0000000008000000 0x0000000000200000 xr
*default*        0x0000000000000000 0xffffffffffffffff

Linker script and memory map

LOAD /opt/Atollic_TrueSTUDIO_for_STM32_x86_64_9.3.0/ARMTools/bin/../lib/gcc/arm-atollic-eabi/6.3.1/armv7e-m/fpu/fpv5-d16/crti.o
LOAD /opt/Atollic_TrueSTUDIO_for_STM32_x86_64_9.3.0/ARMTools/bin/../lib/gcc/arm-atollic-eabi/6.3.1/armv7e-m/fpu/fpv5-d16/crtbegin.o
LOAD Drivers/STM32F7xx_HAL_Driver/Src/stm32f7xx_hal.o
LOAD Drivers/STM32F7xx_HAL_Driver/Src/stm32f7xx_hal_cortex.o
LOAD Drivers/STM32F7xx_HAL_Driver/Src/stm32f7xx_hal_dcmi.o
LOAD Drivers/STM32F7xx_HAL_Driver/Src/stm32f7xx_hal_dcmi_ex.o
LOAD Drivers/STM32F7xx_HAL_Driver/Src/stm32f7xx_hal_dma.o
LOAD Drivers/STM32F7xx_HAL_Driver/Src/stm32f7xx_hal_dma_ex.o
LOAD Drivers/STM32F7xx_HAL_Driver/Src/stm32f7xx_hal_eth.o
LOAD Drivers/STM32F7xx_HAL_Driver/Src/stm32f7xx_hal_exti.o
LOAD Drivers/STM32F7xx_HAL_Driver/Src/stm32f7xx_hal_flash.o
LOAD Drivers/STM32F7xx_HAL_Driver/Src/stm32f7xx_hal_flash_ex.o
LOAD Drivers/STM32F7xx_HAL_Driver/Src/stm32f7xx_hal_gpio.o
LOAD Drivers/STM32F7xx_HAL_Driver/Src/stm32f7xx_hal_i2c.o
LOAD Drivers/STM32F7xx_HAL_Driver/Src/stm32f7xx_hal_i2c_ex.o
LOAD Drivers/STM32F7xx_HAL_Driver/Src/stm32f7xx_hal_pwr.o
LOAD Drivers/STM32F7xx_HAL_Driver/Src/stm32f7xx_hal_pwr_ex.o
LOAD Drivers/STM32F7xx_HAL_Driver/Src/stm32f7xx_hal_rcc.o
LOAD Drivers/STM32F7xx_HAL_Driver/Src/stm32f7xx_hal_rcc_ex.o
LOAD Drivers/STM32F7xx_HAL_Driver/Src/stm32f7xx_hal_tim.o
LOAD Drivers/STM32F7xx_HAL_Driver/Src/stm32f7xx_hal_tim_ex.o
LOAD Drivers/STM32F7xx_HAL_Driver/Src/stm32f7xx_hal_uart.o
LOAD Middlewares/Third_Party/LwIP/src/api/api_lib.o
LOAD Middlewares/Third_Party/LwIP/src/api/api_msg.o
LOAD Middlewares/Third_Party/LwIP/src/api/err.o
LOAD Middlewares/Third_Party/LwIP/src/api/netbuf.o
LOAD Middlewares/Third_Party/LwIP/src/api/netdb.o
LOAD Middlewares/Third_Party/LwIP/src/api/netifapi.o
LOAD Middlewares/Third_Party/LwIP/src/api/sockets.o
LOAD Middlewares/Third_Party/LwIP/src/api/tcpip.o
LOAD Middlewares/Third_Party/LwIP/src/apps/mqtt/mqtt.o
LOAD Middlewares/Third_Party/LwIP/src/core/def.o
LOAD Middlewares/Third_Party/LwIP/src/core/dns.o
LOAD Middlewares/Third_Party/LwIP/src/core/inet_chksum.o
LOAD Middlewares/Third_Party/LwIP/src/core/init.o
LOAD Middlewares/Third_Party/LwIP/src/core/ip.o
LOAD Middlewares/Third_Party/LwIP/src/core/ipv4/autoip.o
LOAD Middlewares/Third_Party/LwIP/src/core/ipv4/dhcp.o
LOAD Middlewares/Third_Party/LwIP/src/core/ipv4/etharp.o
LOAD Middlewares/Third_Party/LwIP/src/core/ipv4/icmp.o
LOAD Middlewares/Third_Party/LwIP/src/core/ipv4/igmp.o
LOAD Middlewares/Third_Party/LwIP/src/core/ipv4/ip4.o
LOAD Middlewares/Third_Party/LwIP/src/core/ipv4/ip4_addr.o
LOAD Middlewares/Third_Party/LwIP/src/core/ipv4/ip4_frag.o
LOAD Middlewares/Third_Party/LwIP/src/core/ipv6/dhcp6.o
LOAD Middlewares/Third_Party/LwIP/src/core/ipv6/ethip6.o
LOAD Middlewares/Third_Party/LwIP/src/core/ipv6/icmp6.o
LOAD Middlewares/Third_Party/LwIP/src/core/ipv6/inet6.o
LOAD Middlewares/Third_Party/LwIP/src/core/ipv6/ip6.o
LOAD Middlewares/Third_Party/LwIP/src/core/ipv6/ip6_addr.o
LOAD Middlewares/Third_Party/LwIP/src/core/ipv6/ip6_frag.o
LOAD Middlewares/Third_Party/LwIP/src/core/ipv6/mld6.o
LOAD Middlewares/Third_Party/LwIP/src/core/ipv6/nd6.o
LOAD Middlewares/Third_Party/LwIP/src/core/mem.o
LOAD Middlewares/Third_Party/LwIP/src/core/memp.o
LOAD Middlewares/Third_Party/LwIP/src/core/netif.o
LOAD Middlewares/Third_Party/LwIP/src/core/pbuf.o
LOAD Middlewares/Third_Party/LwIP/src/core/raw.o
LOAD Middlewares/Third_Party/LwIP/src/core/stats.o
LOAD Middlewares/Third_Party/LwIP/src/core/sys.o
LOAD Middlewares/Third_Party/LwIP/src/core/tcp.o
LOAD Middlewares/Third_Party/LwIP/src/core/tcp_in.o
LOAD Middlewares/Third_Party/LwIP/src/core/tcp_out.o
LOAD Middlewares/Third_Party/LwIP/src/core/timeouts.o
LOAD Middlewares/Third_Party/LwIP/src/core/udp.o
LOAD Middlewares/Third_Party/LwIP/src/netif/ethernet.o
LOAD Middlewares/Third_Party/LwIP/src/netif/lowpan6.o
LOAD Middlewares/Third_Party/LwIP/src/netif/ppp/auth.o
LOAD Middlewares/Third_Party/LwIP/src/netif/ppp/ccp.o
LOAD Middlewares/Third_Party/LwIP/src/netif/ppp/chap-md5.o
LOAD Middlewares/Third_Party/LwIP/src/netif/ppp/chap-new.o
LOAD Middlewares/Third_Party/LwIP/src/netif/ppp/chap_ms.o
LOAD Middlewares/Third_Party/LwIP/src/netif/ppp/demand.o
LOAD Middlewares/Third_Party/LwIP/src/netif/ppp/eap.o
LOAD Middlewares/Third_Party/LwIP/src/netif/ppp/ecp.o
LOAD Middlewares/Third_Party/LwIP/src/netif/ppp/eui64.o
LOAD Middlewares/Third_Party/LwIP/src/netif/ppp/fsm.o
LOAD Middlewares/Third_Party/LwIP/src/netif/ppp/ipcp.o
LOAD Middlewares/Third_Party/LwIP/src/netif/ppp/ipv6cp.o
LOAD Middlewares/Third_Party/LwIP/src/netif/ppp/lcp.o
LOAD Middlewares/Third_Party/LwIP/src/netif/ppp/magic.o
LOAD Middlewares/Third_Party/LwIP/src/netif/ppp/mppe.o
LOAD Middlewares/Third_Party/LwIP/src/netif/ppp/multilink.o
LOAD Middlewares/Third_Party/LwIP/src/netif/ppp/ppp.o
LOAD Middlewares/Third_Party/LwIP/src/netif/ppp/pppapi.o
LOAD Middlewares/Third_Party/LwIP/src/netif/ppp/pppcrypt.o
LOAD Middlewares/Third_Party/LwIP/src/netif/ppp/pppoe.o
LOAD Middlewares/Third_Party/LwIP/src/netif/ppp/pppol2tp.o
LOAD Middlewares/Third_Party/LwIP/src/netif/ppp/pppos.o
LOAD Middlewares/Third_Party/LwIP/src/netif/ppp/upap.o
LOAD Middlewares/Third_Party/LwIP/src/netif/ppp/utils.o
LOAD Middlewares/Third_Party/LwIP/src/netif/ppp/vj.o
LOAD Middlewares/Third_Party/LwIP/src/netif/slipif.o
LOAD Src/SCCB.o
LOAD Src/dwt_delay.o
LOAD Src/ethernetif.o
LOAD Src/funciones.o
LOAD Src/lwip.o
LOAD Src/main.o
LOAD Src/ov7670.o
LOAD Src/ov7670_config.o
LOAD Src/stm32f7xx_hal_msp.o
LOAD Src/stm32f7xx_it.o
LOAD Src/syscalls.o
LOAD Src/system_stm32f7xx.o
LOAD startup/startup_stm32f767xx.o
                0x0000000000000080                malloc_getpagesize_P = 0x80
START GROUP
LOAD /opt/Atollic_TrueSTUDIO_for_STM32_x86_64_9.3.0/ARMTools/bin/../lib/gcc/arm-atollic-eabi/6.3.1/../../../../arm-atollic-eabi/lib/armv7e-m/fpu/fpv5-d16/libc_nano.a
LOAD /opt/Atollic_TrueSTUDIO_for_STM32_x86_64_9.3.0/ARMTools/bin/../lib/gcc/arm-atollic-eabi/6.3.1/../../../../arm-atollic-eabi/lib/armv7e-m/fpu/fpv5-d16/libm.a
END GROUP
START GROUP
LOAD /opt/Atollic_TrueSTUDIO_for_STM32_x86_64_9.3.0/ARMTools/bin/../lib/gcc/arm-atollic-eabi/6.3.1/armv7e-m/fpu/fpv5-d16/libgcc.a
LOAD /opt/Atollic_TrueSTUDIO_for_STM32_x86_64_9.3.0/ARMTools/bin/../lib/gcc/arm-atollic-eabi/6.3.1/../../../../arm-atollic-eabi/lib/armv7e-m/fpu/fpv5-d16/libc_nano.a
END GROUP
START GROUP
LOAD /opt/Atollic_TrueSTUDIO_for_STM32_x86_64_9.3.0/ARMTools/bin/../lib/gcc/arm-atollic-eabi/6.3.1/armv7e-m/fpu/fpv5-d16/libgcc.a
LOAD /opt/Atollic_TrueSTUDIO_for_STM32_x86_64_9.3.0/ARMTools/bin/../lib/gcc/arm-atollic-eabi/6.3.1/../../../../arm-atollic-eabi/lib/armv7e-m/fpu/fpv5-d16/libc_nano.a
LOAD /opt/Atollic_TrueSTUDIO_for_STM32_x86_64_9.3.0/ARMTools/bin/../lib/gcc/arm-atollic-eabi/6.3.1/../../../../arm-atollic-eabi/lib/armv7e-m/fpu/fpv5-d16/libnosys.a
END GROUP
START GROUP
LOAD /opt/Atollic_TrueSTUDIO_for_STM32_x86_64_9.3.0/ARMTools/bin/../lib/gcc/arm-atollic-eabi/6.3.1/armv7e-m/fpu/fpv5-d16/libgcc.a
LOAD /opt/Atollic_TrueSTUDIO_for_STM32_x86_64_9.3.0/ARMTools/bin/../lib/gcc/arm-atollic-eabi/6.3.1/../../../../arm-atollic-eabi/lib/armv7e-m/fpu/fpv5-d16/libc_nano.a
LOAD /opt/Atollic_TrueSTUDIO_for_STM32_x86_64_9.3.0/ARMTools/bin/../lib/gcc/arm-atollic-eabi/6.3.1/../../../../arm-atollic-eabi/lib/armv7e-m/fpu/fpv5-d16/libnosys.a
END GROUP
LOAD /opt/Atollic_TrueSTUDIO_for_STM32_x86_64_9.3.0/ARMTools/bin/../lib/gcc/arm-atollic-eabi/6.3.1/armv7e-m/fpu/fpv5-d16/crtend.o
LOAD /opt/Atollic_TrueSTUDIO_for_STM32_x86_64_9.3.0/ARMTools/bin/../lib/gcc/arm-atollic-eabi/6.3.1/armv7e-m/fpu/fpv5-d16/crtn.o
                0x0000000020080000                _estack = 0x20080000
                0x0000000000000200                _Min_Heap_Size = 0x200
                0x0000000000000400                _Min_Stack_Size = 0x400

.isr_vector     0x0000000008000000      0x1f8
                0x0000000008000000                . = ALIGN (0x4)
 *(.isr_vector)
 .isr_vector    0x0000000008000000      0x1f8 startup/startup_stm32f767xx.o
                0x0000000008000000                g_pfnVectors
                0x00000000080001f8                . = ALIGN (0x4)

.text           0x0000000008000200     0xc488
                0x0000000008000200                . = ALIGN (0x4)
 *(.text)
 .text          0x0000000008000200       0x40 /opt/Atollic_TrueSTUDIO_for_STM32_x86_64_9.3.0/ARMTools/bin/../lib/gcc/arm-atollic-eabi/6.3.1/armv7e-m/fpu/fpv5-d16/crtbegin.o
 .text          0x0000000008000240       0x14 /opt/Atollic_TrueSTUDIO_for_STM32_x86_64_9.3.0/ARMTools/bin/../lib/gcc/arm-atollic-eabi/6.3.1/../../../../arm-atollic-eabi/lib/armv7e-m/fpu/fpv5-d16/libc_nano.a(lib_a-strcmp.o)
                0x0000000008000240                strcmp
 .text          0x0000000008000254       0x10 /opt/Atollic_TrueSTUDIO_for_STM32_x86_64_9.3.0/ARMTools/bin/../lib/gcc/arm-atollic-eabi/6.3.1/../../../../arm-atollic-eabi/lib/armv7e-m/fpu/fpv5-d16/libc_nano.a(lib_a-strlen.o)
                0x0000000008000254                strlen
 *fill*         0x0000000008000264        0xc 
 .text          0x0000000008000270       0xa0 /opt/Atollic_TrueSTUDIO_for_STM32_x86_64_9.3.0/ARMTools/bin/../lib/gcc/arm-atollic-eabi/6.3.1/../../../../arm-atollic-eabi/lib/armv7e-m/fpu/fpv5-d16/libc_nano.a(lib_a-memchr.o)
                0x0000000008000270                memchr
 .text          0x0000000008000310       0x30 /opt/Atollic_TrueSTUDIO_for_STM32_x86_64_9.3.0/ARMTools/bin/../lib/gcc/arm-atollic-eabi/6.3.1/armv7e-m/fpu/fpv5-d16/libgcc.a(_aeabi_uldivmod.o)
                0x0000000008000310                __aeabi_uldivmod
 .text          0x0000000008000340      0x2dc /opt/Atollic_TrueSTUDIO_for_STM32_x86_64_9.3.0/ARMTools/bin/../lib/gcc/arm-atollic-eabi/6.3.1/armv7e-m/fpu/fpv5-d16/libgcc.a(_udivmoddi4.o)
                0x0000000008000340                __udivmoddi4
 .text          0x000000000800061c        0x4 /opt/Atollic_TrueSTUDIO_for_STM32_x86_64_9.3.0/ARMTools/bin/../lib/gcc/arm-atollic-eabi/6.3.1/armv7e-m/fpu/fpv5-d16/libgcc.a(_dvmd_tls.o)
                0x000000000800061c                __aeabi_ldiv0
                0x000000000800061c                __aeabi_idiv0
 *(.text*)
 .text.HAL_InitTick
                0x0000000008000620       0x48 Drivers/STM32F7xx_HAL_Driver/Src/stm32f7xx_hal.o
                0x0000000008000620                HAL_InitTick
 .text.HAL_Init
                0x0000000008000668       0x16 Drivers/STM32F7xx_HAL_Driver/Src/stm32f7xx_hal.o
                0x0000000008000668                HAL_Init
 *fill*         0x000000000800067e        0x2 
 .text.HAL_IncTick
                0x0000000008000680       0x18 Drivers/STM32F7xx_HAL_Driver/Src/stm32f7xx_hal.o
                0x0000000008000680                HAL_IncTick
 .text.HAL_GetTick
                0x0000000008000698        0xc Drivers/STM32F7xx_HAL_Driver/Src/stm32f7xx_hal.o
                0x0000000008000698                HAL_GetTick
 .text.HAL_Delay
                0x00000000080006a4       0x24 Drivers/STM32F7xx_HAL_Driver/Src/stm32f7xx_hal.o
                0x00000000080006a4                HAL_Delay
 .text.HAL_NVIC_SetPriorityGrouping
                0x00000000080006c8       0x24 Drivers/STM32F7xx_HAL_Driver/Src/stm32f7xx_hal_cortex.o
                0x00000000080006c8                HAL_NVIC_SetPriorityGrouping
 .text.HAL_NVIC_SetPriority
                0x00000000080006ec       0x70 Drivers/STM32F7xx_HAL_Driver/Src/stm32f7xx_hal_cortex.o
                0x00000000080006ec                HAL_NVIC_SetPriority
 .text.HAL_NVIC_EnableIRQ
                0x000000000800075c       0x1c Drivers/STM32F7xx_HAL_Driver/Src/stm32f7xx_hal_cortex.o
                0x000000000800075c                HAL_NVIC_EnableIRQ
 .text.HAL_SYSTICK_Config
                0x0000000008000778       0x2c Drivers/STM32F7xx_HAL_Driver/Src/stm32f7xx_hal_cortex.o
                0x0000000008000778                HAL_SYSTICK_Config
 .text.DCMI_DMAXferCplt
                0x00000000080007a4       0x7c Drivers/STM32F7xx_HAL_Driver/Src/stm32f7xx_hal_dcmi.o
 .text.HAL_DCMI_Init
                0x0000000008000820       0x8c Drivers/STM32F7xx_HAL_Driver/Src/stm32f7xx_hal_dcmi.o
                0x0000000008000820                HAL_DCMI_Init
 .text.HAL_DCMI_Start_DMA
                0x00000000080008ac       0xbc Drivers/STM32F7xx_HAL_Driver/Src/stm32f7xx_hal_dcmi.o
                0x00000000080008ac                HAL_DCMI_Start_DMA
 .text.HAL_DCMI_Suspend
                0x0000000008000968       0x6c Drivers/STM32F7xx_HAL_Driver/Src/stm32f7xx_hal_dcmi.o
                0x0000000008000968                HAL_DCMI_Suspend
 .text.HAL_DCMI_Resume
                0x00000000080009d4       0x34 Drivers/STM32F7xx_HAL_Driver/Src/stm32f7xx_hal_dcmi.o
                0x00000000080009d4                HAL_DCMI_Resume
 .text.HAL_DCMI_ErrorCallback
                0x0000000008000a08        0x2 Drivers/STM32F7xx_HAL_Driver/Src/stm32f7xx_hal_dcmi.o
                0x0000000008000a08                HAL_DCMI_ErrorCallback
 .text.DCMI_DMAError
                0x0000000008000a0a       0x20 Drivers/STM32F7xx_HAL_Driver/Src/stm32f7xx_hal_dcmi.o
 .text.HAL_DCMI_LineEventCallback
                0x0000000008000a2a        0x2 Drivers/STM32F7xx_HAL_Driver/Src/stm32f7xx_hal_dcmi.o
                0x0000000008000a2a                HAL_DCMI_LineEventCallback
 .text.HAL_DCMI_VsyncEventCallback
                0x0000000008000a2c        0x2 Drivers/STM32F7xx_HAL_Driver/Src/stm32f7xx_hal_dcmi.o
                0x0000000008000a2c                HAL_DCMI_VsyncEventCallback
 *fill*         0x0000000008000a2e        0x2 
 .text.HAL_DCMI_IRQHandler
                0x0000000008000a30       0x94 Drivers/STM32F7xx_HAL_Driver/Src/stm32f7xx_hal_dcmi.o
                0x0000000008000a30                HAL_DCMI_IRQHandler
 .text.HAL_DCMI_GetState
                0x0000000008000ac4        0x6 Drivers/STM32F7xx_HAL_Driver/Src/stm32f7xx_hal_dcmi.o
                0x0000000008000ac4                HAL_DCMI_GetState
 *fill*         0x0000000008000aca        0x2 
 .text.DMA_CalcBaseAndBitshift
                0x0000000008000acc       0x2c Drivers/STM32F7xx_HAL_Driver/Src/stm32f7xx_hal_dma.o
 .text.HAL_DMA_Init
                0x0000000008000af8       0xfc Drivers/STM32F7xx_HAL_Driver/Src/stm32f7xx_hal_dma.o
                0x0000000008000af8                HAL_DMA_Init
 .text.HAL_DMA_Start_IT
                0x0000000008000bf4       0x7a Drivers/STM32F7xx_HAL_Driver/Src/stm32f7xx_hal_dma.o
                0x0000000008000bf4                HAL_DMA_Start_IT
 .text.HAL_DMA_Abort_IT
                0x0000000008000c6e       0x24 Drivers/STM32F7xx_HAL_Driver/Src/stm32f7xx_hal_dma.o
                0x0000000008000c6e                HAL_DMA_Abort_IT
 *fill*         0x0000000008000c92        0x2 
 .text.HAL_DMA_IRQHandler
                0x0000000008000c94      0x174 Drivers/STM32F7xx_HAL_Driver/Src/stm32f7xx_hal_dma.o
                0x0000000008000c94                HAL_DMA_IRQHandler
 .text.HAL_DMAEx_MultiBufferStart_IT
                0x0000000008000e08      0x3d8 Drivers/STM32F7xx_HAL_Driver/Src/stm32f7xx_hal_dma_ex.o
                0x0000000008000e08                HAL_DMAEx_MultiBufferStart_IT
 .text.HAL_DMAEx_ChangeMemory
                0x00000000080011e0        0xe Drivers/STM32F7xx_HAL_Driver/Src/stm32f7xx_hal_dma_ex.o
                0x00000000080011e0                HAL_DMAEx_ChangeMemory
 .text.ETH_FlushTransmitFIFO
                0x00000000080011ee       0x2a Drivers/STM32F7xx_HAL_Driver/Src/stm32f7xx_hal_eth.o
 .text.ETH_MACDMAConfig
                0x0000000008001218       0xf8 Drivers/STM32F7xx_HAL_Driver/Src/stm32f7xx_hal_eth.o
 .text.HAL_ETH_DMATxDescListInit
                0x0000000008001310       0x7a Drivers/STM32F7xx_HAL_Driver/Src/stm32f7xx_hal_eth.o
                0x0000000008001310                HAL_ETH_DMATxDescListInit
 .text.HAL_ETH_DMARxDescListInit
                0x000000000800138a       0x78 Drivers/STM32F7xx_HAL_Driver/Src/stm32f7xx_hal_eth.o
                0x000000000800138a                HAL_ETH_DMARxDescListInit
 *fill*         0x0000000008001402        0x2 
 .text.HAL_ETH_TransmitFrame
                0x0000000008001404       0xe4 Drivers/STM32F7xx_HAL_Driver/Src/stm32f7xx_hal_eth.o
                0x0000000008001404                HAL_ETH_TransmitFrame
 .text.HAL_ETH_GetReceivedFrame
                0x00000000080014e8       0x7e Drivers/STM32F7xx_HAL_Driver/Src/stm32f7xx_hal_eth.o
                0x00000000080014e8                HAL_ETH_GetReceivedFrame
 .text.HAL_ETH_ReadPHYRegister
                0x0000000008001566       0x74 Drivers/STM32F7xx_HAL_Driver/Src/stm32f7xx_hal_eth.o
                0x0000000008001566                HAL_ETH_ReadPHYRegister
 .text.HAL_ETH_WritePHYRegister
                0x00000000080015da       0x6e Drivers/STM32F7xx_HAL_Driver/Src/stm32f7xx_hal_eth.o
                0x00000000080015da                HAL_ETH_WritePHYRegister
 .text.HAL_ETH_Init
                0x0000000008001648      0x1f4 Drivers/STM32F7xx_HAL_Driver/Src/stm32f7xx_hal_eth.o
                0x0000000008001648                HAL_ETH_Init
 .text.HAL_ETH_Start
                0x000000000800183c       0x7c Drivers/STM32F7xx_HAL_Driver/Src/stm32f7xx_hal_eth.o
                0x000000000800183c                HAL_ETH_Start
 .text.HAL_GPIO_Init
                0x00000000080018b8      0x1d4 Drivers/STM32F7xx_HAL_Driver/Src/stm32f7xx_hal_gpio.o
                0x00000000080018b8                HAL_GPIO_Init
 .text.HAL_GPIO_ReadPin
                0x0000000008001a8c        0xc Drivers/STM32F7xx_HAL_Driver/Src/stm32f7xx_hal_gpio.o
                0x0000000008001a8c                HAL_GPIO_ReadPin
 .text.HAL_GPIO_WritePin
                0x0000000008001a98        0xa Drivers/STM32F7xx_HAL_Driver/Src/stm32f7xx_hal_gpio.o
                0x0000000008001a98                HAL_GPIO_WritePin
 .text.HAL_GPIO_TogglePin
                0x0000000008001aa2        0xe Drivers/STM32F7xx_HAL_Driver/Src/stm32f7xx_hal_gpio.o
                0x0000000008001aa2                HAL_GPIO_TogglePin
 .text.HAL_I2C_Init
                0x0000000008001ab0       0xa2 Drivers/STM32F7xx_HAL_Driver/Src/stm32f7xx_hal_i2c.o
                0x0000000008001ab0                HAL_I2C_Init
 .text.HAL_I2CEx_ConfigAnalogFilter
                0x0000000008001b52       0x4c Drivers/STM32F7xx_HAL_Driver/Src/stm32f7xx_hal_i2c_ex.o
                0x0000000008001b52                HAL_I2CEx_ConfigAnalogFilter
 .text.HAL_I2CEx_ConfigDigitalFilter
                0x0000000008001b9e       0x4a Drivers/STM32F7xx_HAL_Driver/Src/stm32f7xx_hal_i2c_ex.o
                0x0000000008001b9e                HAL_I2CEx_ConfigDigitalFilter
 .text.HAL_PWREx_EnableOverDrive
                0x0000000008001be8       0x70 Drivers/STM32F7xx_HAL_Driver/Src/stm32f7xx_hal_pwr_ex.o
                0x0000000008001be8                HAL_PWREx_EnableOverDrive
 .text.HAL_RCC_OscConfig
                0x0000000008001c58      0x328 Drivers/STM32F7xx_HAL_Driver/Src/stm32f7xx_hal_rcc.o
                0x0000000008001c58                HAL_RCC_OscConfig
 .text.HAL_RCC_GetSysClockFreq
                0x0000000008001f80       0x4c Drivers/STM32F7xx_HAL_Driver/Src/stm32f7xx_hal_rcc.o
                0x0000000008001f80                HAL_RCC_GetSysClockFreq
 .text.HAL_RCC_ClockConfig
                0x0000000008001fcc      0x13c Drivers/STM32F7xx_HAL_Driver/Src/stm32f7xx_hal_rcc.o
                0x0000000008001fcc                HAL_RCC_ClockConfig
 .text.HAL_RCC_GetHCLKFreq
                0x0000000008002108        0xc Drivers/STM32F7xx_HAL_Driver/Src/stm32f7xx_hal_rcc.o
                0x0000000008002108                HAL_RCC_GetHCLKFreq
 .text.HAL_RCC_GetPCLK1Freq
                0x0000000008002114       0x20 Drivers/STM32F7xx_HAL_Driver/Src/stm32f7xx_hal_rcc.o
                0x0000000008002114                HAL_RCC_GetPCLK1Freq
 .text.HAL_RCC_GetPCLK2Freq
                0x0000000008002134       0x20 Drivers/STM32F7xx_HAL_Driver/Src/stm32f7xx_hal_rcc.o
                0x0000000008002134                HAL_RCC_GetPCLK2Freq
 .text.HAL_RCCEx_PeriphCLKConfig
                0x0000000008002154      0x55c Drivers/STM32F7xx_HAL_Driver/Src/stm32f7xx_hal_rcc_ex.o
                0x0000000008002154                HAL_RCCEx_PeriphCLKConfig
 .text.TIM_OC1_SetConfig
                0x00000000080026b0       0x68 Drivers/STM32F7xx_HAL_Driver/Src/stm32f7xx_hal_tim.o
 .text.TIM_OC3_SetConfig
                0x0000000008002718       0x70 Drivers/STM32F7xx_HAL_Driver/Src/stm32f7xx_hal_tim.o
 .text.TIM_OC4_SetConfig
                0x0000000008002788       0x50 Drivers/STM32F7xx_HAL_Driver/Src/stm32f7xx_hal_tim.o
 .text.TIM_OC5_SetConfig
                0x00000000080027d8       0x50 Drivers/STM32F7xx_HAL_Driver/Src/stm32f7xx_hal_tim.o
 .text.TIM_OC6_SetConfig
                0x0000000008002828       0x50 Drivers/STM32F7xx_HAL_Driver/Src/stm32f7xx_hal_tim.o
 .text.HAL_TIM_Base_Start_IT
                0x0000000008002878       0x2c Drivers/STM32F7xx_HAL_Driver/Src/stm32f7xx_hal_tim.o
                0x0000000008002878                HAL_TIM_Base_Start_IT
 .text.HAL_TIM_PWM_MspInit
                0x00000000080028a4        0x2 Drivers/STM32F7xx_HAL_Driver/Src/stm32f7xx_hal_tim.o
                0x00000000080028a4                HAL_TIM_PWM_MspInit
 .text.HAL_TIM_OC_DelayElapsedCallback
                0x00000000080028a6        0x2 Drivers/STM32F7xx_HAL_Driver/Src/stm32f7xx_hal_tim.o
                0x00000000080028a6                HAL_TIM_OC_DelayElapsedCallback
 .text.HAL_TIM_IC_CaptureCallback
                0x00000000080028a8        0x2 Drivers/STM32F7xx_HAL_Driver/Src/stm32f7xx_hal_tim.o
                0x00000000080028a8                HAL_TIM_IC_CaptureCallback
 .text.HAL_TIM_PWM_PulseFinishedCallback
                0x00000000080028aa        0x2 Drivers/STM32F7xx_HAL_Driver/Src/stm32f7xx_hal_tim.o
                0x00000000080028aa                HAL_TIM_PWM_PulseFinishedCallback
 .text.HAL_TIM_TriggerCallback
                0x00000000080028ac        0x2 Drivers/STM32F7xx_HAL_Driver/Src/stm32f7xx_hal_tim.o
                0x00000000080028ac                HAL_TIM_TriggerCallback
 .text.HAL_TIM_IRQHandler
                0x00000000080028ae      0x160 Drivers/STM32F7xx_HAL_Driver/Src/stm32f7xx_hal_tim.o
                0x00000000080028ae                HAL_TIM_IRQHandler
 *fill*         0x0000000008002a0e        0x2 
 .text.TIM_Base_SetConfig
                0x0000000008002a10       0xcc Drivers/STM32F7xx_HAL_Driver/Src/stm32f7xx_hal_tim.o
                0x0000000008002a10                TIM_Base_SetConfig
 .text.HAL_TIM_Base_Init
                0x0000000008002adc       0x34 Drivers/STM32F7xx_HAL_Driver/Src/stm32f7xx_hal_tim.o
                0x0000000008002adc                HAL_TIM_Base_Init
 .text.HAL_TIM_PWM_Init
                0x0000000008002b10       0x34 Drivers/STM32F7xx_HAL_Driver/Src/stm32f7xx_hal_tim.o
                0x0000000008002b10                HAL_TIM_PWM_Init
 .text.TIM_OC2_SetConfig
                0x0000000008002b44       0x70 Drivers/STM32F7xx_HAL_Driver/Src/stm32f7xx_hal_tim.o
                0x0000000008002b44                TIM_OC2_SetConfig
 .text.HAL_TIM_PWM_ConfigChannel
                0x0000000008002bb4      0x10a Drivers/STM32F7xx_HAL_Driver/Src/stm32f7xx_hal_tim.o
                0x0000000008002bb4                HAL_TIM_PWM_ConfigChannel
 .text.TIM_ETR_SetConfig
                0x0000000008002cbe       0x14 Drivers/STM32F7xx_HAL_Driver/Src/stm32f7xx_hal_tim.o
                0x0000000008002cbe                TIM_ETR_SetConfig
 *fill*         0x0000000008002cd2        0x2 
 .text.HAL_TIM_ConfigClockSource
                0x0000000008002cd4      0x128 Drivers/STM32F7xx_HAL_Driver/Src/stm32f7xx_hal_tim.o
                0x0000000008002cd4                HAL_TIM_ConfigClockSource
 .text.TIM_CCxChannelCmd
                0x0000000008002dfc       0x1c Drivers/STM32F7xx_HAL_Driver/Src/stm32f7xx_hal_tim.o
                0x0000000008002dfc                TIM_CCxChannelCmd
 .text.HAL_TIM_PWM_Start
                0x0000000008002e18       0x4c Drivers/STM32F7xx_HAL_Driver/Src/stm32f7xx_hal_tim.o
                0x0000000008002e18                HAL_TIM_PWM_Start
 .text.HAL_TIMEx_MasterConfigSynchronization
                0x0000000008002e64       0x58 Drivers/STM32F7xx_HAL_Driver/Src/stm32f7xx_hal_tim_ex.o
                0x0000000008002e64                HAL_TIMEx_MasterConfigSynchronization
 .text.HAL_TIMEx_CommutCallback
                0x0000000008002ebc        0x2 Drivers/STM32F7xx_HAL_Driver/Src/stm32f7xx_hal_tim_ex.o
                0x0000000008002ebc                HAL_TIMEx_CommutCallback
 .text.HAL_TIMEx_BreakCallback
                0x0000000008002ebe        0x2 Drivers/STM32F7xx_HAL_Driver/Src/stm32f7xx_hal_tim_ex.o
                0x0000000008002ebe                HAL_TIMEx_BreakCallback
 .text.HAL_TIMEx_Break2Callback
                0x0000000008002ec0        0x2 Drivers/STM32F7xx_HAL_Driver/Src/stm32f7xx_hal_tim_ex.o
                0x0000000008002ec0                HAL_TIMEx_Break2Callback
 *fill*         0x0000000008002ec2        0x2 
 .text.UART_SetConfig
                0x0000000008002ec4      0x288 Drivers/STM32F7xx_HAL_Driver/Src/stm32f7xx_hal_uart.o
                0x0000000008002ec4                UART_SetConfig
 .text.UART_AdvFeatureConfig
                0x000000000800314c       0xaa Drivers/STM32F7xx_HAL_Driver/Src/stm32f7xx_hal_uart.o
                0x000000000800314c                UART_AdvFeatureConfig
 .text.UART_WaitOnFlagUntilTimeout
                0x00000000080031f6       0x5e Drivers/STM32F7xx_HAL_Driver/Src/stm32f7xx_hal_uart.o
                0x00000000080031f6                UART_WaitOnFlagUntilTimeout
 .text.HAL_UART_Transmit
                0x0000000008003254       0xae Drivers/STM32F7xx_HAL_Driver/Src/stm32f7xx_hal_uart.o
                0x0000000008003254                HAL_UART_Transmit
 .text.UART_CheckIdleState
                0x0000000008003302       0x40 Drivers/STM32F7xx_HAL_Driver/Src/stm32f7xx_hal_uart.o
                0x0000000008003302                UART_CheckIdleState
 .text.HAL_UART_Init
                0x0000000008003342       0x5c Drivers/STM32F7xx_HAL_Driver/Src/stm32f7xx_hal_uart.o
                0x0000000008003342                HAL_UART_Init
 .text.lwip_htons
                0x000000000800339e        0x6 Middlewares/Third_Party/LwIP/src/core/def.o
                0x000000000800339e                lwip_htons
 .text.lwip_htonl
                0x00000000080033a4        0x4 Middlewares/Third_Party/LwIP/src/core/def.o
                0x00000000080033a4                lwip_htonl
 .text.lwip_init
                0x00000000080033a8       0x1e Middlewares/Third_Party/LwIP/src/core/init.o
                0x00000000080033a8                lwip_init
 .text.dhcp_set_state
                0x00000000080033c6       0x10 Middlewares/Third_Party/LwIP/src/core/ipv4/dhcp.o
 *fill*         0x00000000080033d6        0x2 
 .text.dhcp_option_short
                0x00000000080033d8       0x44 Middlewares/Third_Party/LwIP/src/core/ipv4/dhcp.o
 .text.dhcp_option
                0x000000000800341c       0x48 Middlewares/Third_Party/LwIP/src/core/ipv4/dhcp.o
 .text.dhcp_option_byte
                0x0000000008003464       0x38 Middlewares/Third_Party/LwIP/src/core/ipv4/dhcp.o
 .text.dhcp_option_long
                0x000000000800349c       0x5c Middlewares/Third_Party/LwIP/src/core/ipv4/dhcp.o
 .text.dhcp_create_msg
                0x00000000080034f8      0x1b8 Middlewares/Third_Party/LwIP/src/core/ipv4/dhcp.o
 .text.dhcp_check
                0x00000000080036b0       0x2a Middlewares/Third_Party/LwIP/src/core/ipv4/dhcp.o
 *fill*         0x00000000080036da        0x2 
 .text.dhcp_bind
                0x00000000080036dc      0x100 Middlewares/Third_Party/LwIP/src/core/ipv4/dhcp.o
 .text.dhcp_inc_pcb_refcount
                0x00000000080037dc       0x74 Middlewares/Third_Party/LwIP/src/core/ipv4/dhcp.o
 .text.dhcp_option_trailer
                0x0000000008003850       0x78 Middlewares/Third_Party/LwIP/src/core/ipv4/dhcp.o
 .text.unlikely.dhcp_handle_ack.isra.1
                0x00000000080038c8       0x6c Middlewares/Third_Party/LwIP/src/core/ipv4/dhcp.o
 .text.dhcp_delete_msg
                0x0000000008003934       0x60 Middlewares/Third_Party/LwIP/src/core/ipv4/dhcp.o
 .text.dhcp_discover
                0x0000000008003994       0xbc Middlewares/Third_Party/LwIP/src/core/ipv4/dhcp.o
 .text.dhcp_select
                0x0000000008003a50       0xe8 Middlewares/Third_Party/LwIP/src/core/ipv4/dhcp.o
 .text.dhcp_reboot
                0x0000000008003b38       0xd4 Middlewares/Third_Party/LwIP/src/core/ipv4/dhcp.o
 .text.dhcp_dec_pcb_refcount
                0x0000000008003c0c       0x40 Middlewares/Third_Party/LwIP/src/core/ipv4/dhcp.o
 .text.dhcp_recv
                0x0000000008003c4c      0x40c Middlewares/Third_Party/LwIP/src/core/ipv4/dhcp.o
 .text.dhcp_arp_reply
                0x0000000008004058       0xb0 Middlewares/Third_Party/LwIP/src/core/ipv4/dhcp.o
                0x0000000008004058                dhcp_arp_reply
 .text.dhcp_renew
                0x0000000008004108       0xb4 Middlewares/Third_Party/LwIP/src/core/ipv4/dhcp.o
                0x0000000008004108                dhcp_renew
 .text.dhcp_stop
                0x00000000080041bc       0x54 Middlewares/Third_Party/LwIP/src/core/ipv4/dhcp.o
                0x00000000080041bc                dhcp_stop
 .text.dhcp_start
                0x0000000008004210       0xbc Middlewares/Third_Party/LwIP/src/core/ipv4/dhcp.o
                0x0000000008004210                dhcp_start
 .text.dhcp_supplied_address
                0x00000000080042cc       0x1c Middlewares/Third_Party/LwIP/src/core/ipv4/dhcp.o
                0x00000000080042cc                dhcp_supplied_address
 .text.dhcp_release
                0x00000000080042e8       0xac Middlewares/Third_Party/LwIP/src/core/ipv4/dhcp.o
                0x00000000080042e8                dhcp_release
 .text.dhcp_coarse_tmr
                0x0000000008004394      0x154 Middlewares/Third_Party/LwIP/src/core/ipv4/dhcp.o
                0x0000000008004394                dhcp_coarse_tmr
 .text.dhcp_fine_tmr
                0x00000000080044e8       0x7c Middlewares/Third_Party/LwIP/src/core/ipv4/dhcp.o
                0x00000000080044e8                dhcp_fine_tmr
 .text.etharp_free_entry
                0x0000000008004564       0x28 Middlewares/Third_Party/LwIP/src/core/ipv4/etharp.o
 .text.etharp_raw
                0x000000000800458c       0xd8 Middlewares/Third_Party/LwIP/src/core/ipv4/etharp.o
 .text.etharp_find_entry.isra.0
                0x0000000008004664      0x114 Middlewares/Third_Party/LwIP/src/core/ipv4/etharp.o
 .text.etharp_cleanup_netif
                0x0000000008004778       0x28 Middlewares/Third_Party/LwIP/src/core/ipv4/etharp.o
                0x0000000008004778                etharp_cleanup_netif
 .text.etharp_input
                0x00000000080047a0      0x14c Middlewares/Third_Party/LwIP/src/core/ipv4/etharp.o
                0x00000000080047a0                etharp_input
 .text.etharp_request
                0x00000000080048ec       0x2c Middlewares/Third_Party/LwIP/src/core/ipv4/etharp.o
                0x00000000080048ec                etharp_request
 .text.etharp_tmr
                0x0000000008004918       0x54 Middlewares/Third_Party/LwIP/src/core/ipv4/etharp.o
                0x0000000008004918                etharp_tmr
 .text.etharp_output_to_arp_index
                0x000000000800496c       0xb8 Middlewares/Third_Party/LwIP/src/core/ipv4/etharp.o
 .text.etharp_query
                0x0000000008004a24      0x150 Middlewares/Third_Party/LwIP/src/core/ipv4/etharp.o
                0x0000000008004a24                etharp_query
 .text.etharp_output
                0x0000000008004b74      0x128 Middlewares/Third_Party/LwIP/src/core/ipv4/etharp.o
                0x0000000008004b74                etharp_output
 .text.icmp_send_response.isra.0
                0x0000000008004c9c       0x94 Middlewares/Third_Party/LwIP/src/core/ipv4/icmp.o
 .text.icmp_input
                0x0000000008004d30      0x130 Middlewares/Third_Party/LwIP/src/core/ipv4/icmp.o
                0x0000000008004d30                icmp_input
 .text.icmp_dest_unreach
                0x0000000008004e60        0xa Middlewares/Third_Party/LwIP/src/core/ipv4/icmp.o
                0x0000000008004e60                icmp_dest_unreach
 .text.icmp_time_exceeded
                0x0000000008004e6a        0xa Middlewares/Third_Party/LwIP/src/core/ipv4/icmp.o
                0x0000000008004e6a                icmp_time_exceeded
 .text.ip4_route
                0x0000000008004e74       0x58 Middlewares/Third_Party/LwIP/src/core/ipv4/ip4.o
                0x0000000008004e74                ip4_route
 .text.ip4_input
                0x0000000008004ecc      0x19c Middlewares/Third_Party/LwIP/src/core/ipv4/ip4.o
                0x0000000008004ecc                ip4_input
 .text.ip4_output_if_src
                0x0000000008005068       0xf0 Middlewares/Third_Party/LwIP/src/core/ipv4/ip4.o
                0x0000000008005068                ip4_output_if_src
 .text.ip4_output_if
                0x0000000008005158       0x22 Middlewares/Third_Party/LwIP/src/core/ipv4/ip4.o
                0x0000000008005158                ip4_output_if
 .text.ip4_addr_isbroadcast_u32
                0x000000000800517a       0x32 Middlewares/Third_Party/LwIP/src/core/ipv4/ip4_addr.o
                0x000000000800517a                ip4_addr_isbroadcast_u32
 .text.ip_reass_dequeue_datagram
                0x00000000080051ac       0x44 Middlewares/Third_Party/LwIP/src/core/ipv4/ip4_frag.o
 .text.ip_reass_free_complete_datagram
                0x00000000080051f0       0xe8 Middlewares/Third_Party/LwIP/src/core/ipv4/ip4_frag.o
 .text.ip_reass_remove_oldest_datagram
                0x00000000080052d8       0x78 Middlewares/Third_Party/LwIP/src/core/ipv4/ip4_frag.o
 .text.ip_frag_free_pbuf_custom_ref
                0x0000000008005350       0x2c Middlewares/Third_Party/LwIP/src/core/ipv4/ip4_frag.o
 .text.ipfrag_free_pbuf_custom
                0x000000000800537c       0x34 Middlewares/Third_Party/LwIP/src/core/ipv4/ip4_frag.o
 .text.ip_reass_tmr
                0x00000000080053b0       0x28 Middlewares/Third_Party/LwIP/src/core/ipv4/ip4_frag.o
                0x00000000080053b0                ip_reass_tmr
 .text.ip4_reass
                0x00000000080053d8      0x354 Middlewares/Third_Party/LwIP/src/core/ipv4/ip4_frag.o
                0x00000000080053d8                ip4_reass
 .text.ip4_frag
                0x000000000800572c      0x1b4 Middlewares/Third_Party/LwIP/src/core/ipv4/ip4_frag.o
                0x000000000800572c                ip4_frag
 .text.mem_init
                0x00000000080058e0       0x40 Middlewares/Third_Party/LwIP/src/core/mem.o
                0x00000000080058e0                mem_init
 .text.mem_free
                0x0000000008005920      0x154 Middlewares/Third_Party/LwIP/src/core/mem.o
                0x0000000008005920                mem_free
 .text.mem_trim
                0x0000000008005a74       0xf0 Middlewares/Third_Party/LwIP/src/core/mem.o
                0x0000000008005a74                mem_trim
 .text.mem_malloc
                0x0000000008005b64      0x124 Middlewares/Third_Party/LwIP/src/core/mem.o
                0x0000000008005b64                mem_malloc
 .text.do_memp_malloc_pool.isra.0
                0x0000000008005c88       0x2c Middlewares/Third_Party/LwIP/src/core/memp.o
 .text.do_memp_free_pool.isra.1
                0x0000000008005cb4       0x30 Middlewares/Third_Party/LwIP/src/core/memp.o
 .text.memp_init_pool
                0x0000000008005ce4       0x26 Middlewares/Third_Party/LwIP/src/core/memp.o
                0x0000000008005ce4                memp_init_pool
 *fill*         0x0000000008005d0a        0x2 
 .text.memp_init
                0x0000000008005d0c       0x1c Middlewares/Third_Party/LwIP/src/core/memp.o
                0x0000000008005d0c                memp_init
 .text.memp_malloc
                0x0000000008005d28       0x38 Middlewares/Third_Party/LwIP/src/core/memp.o
                0x0000000008005d28                memp_malloc
 .text.memp_free
                0x0000000008005d60       0x34 Middlewares/Third_Party/LwIP/src/core/memp.o
                0x0000000008005d60                memp_free
 .text.netif_issue_reports.part.0
                0x0000000008005d94       0x12 Middlewares/Third_Party/LwIP/src/core/netif.o
 .text.netif_init
                0x0000000008005da6        0x2 Middlewares/Third_Party/LwIP/src/core/netif.o
                0x0000000008005da6                netif_init
 .text.netif_set_ipaddr
                0x0000000008005da8       0x44 Middlewares/Third_Party/LwIP/src/core/netif.o
                0x0000000008005da8                netif_set_ipaddr
 .text.netif_set_addr
                0x0000000008005dec       0x38 Middlewares/Third_Party/LwIP/src/core/netif.o
                0x0000000008005dec                netif_set_addr
 .text.netif_add
                0x0000000008005e24       0x7c Middlewares/Third_Party/LwIP/src/core/netif.o
                0x0000000008005e24                netif_add
 .text.netif_set_default
                0x0000000008005ea0        0xc Middlewares/Third_Party/LwIP/src/core/netif.o
                0x0000000008005ea0                netif_set_default
 .text.netif_set_up
                0x0000000008005eac       0x1e Middlewares/Third_Party/LwIP/src/core/netif.o
                0x0000000008005eac                netif_set_up
 .text.netif_set_down
                0x0000000008005eca       0x1a Middlewares/Third_Party/LwIP/src/core/netif.o
                0x0000000008005eca                netif_set_down
 .text.pbuf_header_impl
                0x0000000008005ee4       0x9c Middlewares/Third_Party/LwIP/src/core/pbuf.o
 .text.pbuf_free_ooseq
                0x0000000008005f80       0x2c Middlewares/Third_Party/LwIP/src/core/pbuf.o
                0x0000000008005f80                pbuf_free_ooseq
 .text.pbuf_alloced_custom
                0x0000000008005fac       0x70 Middlewares/Third_Party/LwIP/src/core/pbuf.o
                0x0000000008005fac                pbuf_alloced_custom
 .text.pbuf_header
                0x000000000800601c        0x6 Middlewares/Third_Party/LwIP/src/core/pbuf.o
                0x000000000800601c                pbuf_header
 .text.pbuf_header_force
                0x0000000008006022        0x6 Middlewares/Third_Party/LwIP/src/core/pbuf.o
                0x0000000008006022                pbuf_header_force
 .text.pbuf_free
                0x0000000008006028       0xc4 Middlewares/Third_Party/LwIP/src/core/pbuf.o
                0x0000000008006028                pbuf_free
 .text.pbuf_alloc
                0x00000000080060ec      0x1c0 Middlewares/Third_Party/LwIP/src/core/pbuf.o
                0x00000000080060ec                pbuf_alloc
 .text.pbuf_realloc
                0x00000000080062ac       0xe0 Middlewares/Third_Party/LwIP/src/core/pbuf.o
                0x00000000080062ac                pbuf_realloc
 .text.pbuf_clen
                0x000000000800638c       0x10 Middlewares/Third_Party/LwIP/src/core/pbuf.o
                0x000000000800638c                pbuf_clen
 .text.pbuf_ref
                0x000000000800639c       0x28 Middlewares/Third_Party/LwIP/src/core/pbuf.o
                0x000000000800639c                pbuf_ref
 .text.pbuf_cat
                0x00000000080063c4       0x74 Middlewares/Third_Party/LwIP/src/core/pbuf.o
                0x00000000080063c4                pbuf_cat
 .text.pbuf_chain
                0x0000000008006438       0x12 Middlewares/Third_Party/LwIP/src/core/pbuf.o
                0x0000000008006438                pbuf_chain
 *fill*         0x000000000800644a        0x2 
 .text.pbuf_copy
                0x000000000800644c      0x114 Middlewares/Third_Party/LwIP/src/core/pbuf.o
                0x000000000800644c                pbuf_copy
 .text.pbuf_copy_partial
                0x0000000008006560       0x8c Middlewares/Third_Party/LwIP/src/core/pbuf.o
                0x0000000008006560                pbuf_copy_partial
 .text.tcp_new_port
                0x00000000080065ec       0x54 Middlewares/Third_Party/LwIP/src/core/tcp.o
 .text.tcp_close_shutdown_fin
                0x0000000008006640       0x60 Middlewares/Third_Party/LwIP/src/core/tcp.o
 .text.tcp_init
                0x00000000080066a0        0x2 Middlewares/Third_Party/LwIP/src/core/tcp.o
                0x00000000080066a0                tcp_init
 *fill*         0x00000000080066a2        0x2 
 .text.tcp_bind
                0x00000000080066a4       0x94 Middlewares/Third_Party/LwIP/src/core/tcp.o
                0x00000000080066a4                tcp_bind
 .text.tcp_listen_with_backlog_and_err
                0x0000000008006738       0xb0 Middlewares/Third_Party/LwIP/src/core/tcp.o
                0x0000000008006738                tcp_listen_with_backlog_and_err
 .text.tcp_listen_with_backlog
                0x00000000080067e8        0x6 Middlewares/Third_Party/LwIP/src/core/tcp.o
                0x00000000080067e8                tcp_listen_with_backlog
 *fill*         0x00000000080067ee        0x2 
 .text.tcp_update_rcv_ann_wnd
                0x00000000080067f0       0x58 Middlewares/Third_Party/LwIP/src/core/tcp.o
                0x00000000080067f0                tcp_update_rcv_ann_wnd
 .text.tcp_recved
                0x0000000008006848       0x80 Middlewares/Third_Party/LwIP/src/core/tcp.o
                0x0000000008006848                tcp_recved
 .text.tcp_seg_free
                0x00000000080068c8       0x1c Middlewares/Third_Party/LwIP/src/core/tcp.o
                0x00000000080068c8                tcp_seg_free
 .text.tcp_segs_free
                0x00000000080068e4       0x10 Middlewares/Third_Party/LwIP/src/core/tcp.o
                0x00000000080068e4                tcp_segs_free
 .text.tcp_seg_copy
                0x00000000080068f4       0x2c Middlewares/Third_Party/LwIP/src/core/tcp.o
                0x00000000080068f4                tcp_seg_copy
 .text.tcp_arg  0x0000000008006920        0x6 Middlewares/Third_Party/LwIP/src/core/tcp.o
                0x0000000008006920                tcp_arg
 *fill*         0x0000000008006926        0x2 
 .text.tcp_recv
                0x0000000008006928       0x30 Middlewares/Third_Party/LwIP/src/core/tcp.o
                0x0000000008006928                tcp_recv
 .text.tcp_sent
                0x0000000008006958       0x2c Middlewares/Third_Party/LwIP/src/core/tcp.o
                0x0000000008006958                tcp_sent
 .text.tcp_err  0x0000000008006984       0x30 Middlewares/Third_Party/LwIP/src/core/tcp.o
                0x0000000008006984                tcp_err
 .text.tcp_accept
                0x00000000080069b4        0xc Middlewares/Third_Party/LwIP/src/core/tcp.o
                0x00000000080069b4                tcp_accept
 .text.tcp_pcb_purge
                0x00000000080069c0       0x40 Middlewares/Third_Party/LwIP/src/core/tcp.o
                0x00000000080069c0                tcp_pcb_purge
 .text.tcp_slowtmr
                0x0000000008006a00      0x3c4 Middlewares/Third_Party/LwIP/src/core/tcp.o
                0x0000000008006a00                tcp_slowtmr
 .text.tcp_pcb_remove
                0x0000000008006dc4       0xa0 Middlewares/Third_Party/LwIP/src/core/tcp.o
                0x0000000008006dc4                tcp_pcb_remove
 .text.tcp_close_shutdown
                0x0000000008006e64      0x14c Middlewares/Third_Party/LwIP/src/core/tcp.o
 .text.tcp_close
                0x0000000008006fb0       0x14 Middlewares/Third_Party/LwIP/src/core/tcp.o
                0x0000000008006fb0                tcp_close
 .text.tcp_recv_null
                0x0000000008006fc4       0x24 Middlewares/Third_Party/LwIP/src/core/tcp.o
                0x0000000008006fc4                tcp_recv_null
 .text.tcp_process_refused_data
                0x0000000008006fe8       0x68 Middlewares/Third_Party/LwIP/src/core/tcp.o
                0x0000000008006fe8                tcp_process_refused_data
 .text.tcp_fasttmr
                0x0000000008007050       0x80 Middlewares/Third_Party/LwIP/src/core/tcp.o
                0x0000000008007050                tcp_fasttmr
 .text.tcp_tmr  0x00000000080070d0       0x24 Middlewares/Third_Party/LwIP/src/core/tcp.o
                0x00000000080070d0                tcp_tmr
 .text.tcp_abandon
                0x00000000080070f4       0xec Middlewares/Third_Party/LwIP/src/core/tcp.o
                0x00000000080070f4                tcp_abandon
 .text.tcp_abort
                0x00000000080071e0        0x6 Middlewares/Third_Party/LwIP/src/core/tcp.o
                0x00000000080071e0                tcp_abort
 .text.tcp_accept_null
                0x00000000080071e6        0xe Middlewares/Third_Party/LwIP/src/core/tcp.o
 .text.tcp_netif_ip_addr_changed_pcblist
                0x00000000080071f4       0x1c Middlewares/Third_Party/LwIP/src/core/tcp.o
 .text.tcp_kill_state
                0x0000000008007210       0x60 Middlewares/Third_Party/LwIP/src/core/tcp.o
 .text.tcp_alloc
                0x0000000008007270      0x110 Middlewares/Third_Party/LwIP/src/core/tcp.o
                0x0000000008007270                tcp_alloc
 .text.tcp_new  0x0000000008007380        0x6 Middlewares/Third_Party/LwIP/src/core/tcp.o
                0x0000000008007380                tcp_new
 *fill*         0x0000000008007386        0x2 
 .text.tcp_next_iss
                0x0000000008007388       0x18 Middlewares/Third_Party/LwIP/src/core/tcp.o
                0x0000000008007388                tcp_next_iss
 .text.tcp_eff_send_mss_impl
                0x00000000080073a0       0x1e Middlewares/Third_Party/LwIP/src/core/tcp.o
                0x00000000080073a0                tcp_eff_send_mss_impl
 *fill*         0x00000000080073be        0x2 
 .text.tcp_netif_ip_addr_changed
                0x00000000080073c0       0x4c Middlewares/Third_Party/LwIP/src/core/tcp.o
                0x00000000080073c0                tcp_netif_ip_addr_changed
 .text.tcp_oos_insert_segment
                0x000000000800740c       0x7c Middlewares/Third_Party/LwIP/src/core/tcp_in.o
 .text.tcp_receive
                0x0000000008007488      0x9a8 Middlewares/Third_Party/LwIP/src/core/tcp_in.o
 .text.tcp_getoptbyte
                0x0000000008007e30       0x40 Middlewares/Third_Party/LwIP/src/core/tcp_in.o
 .text.tcp_parseopt.isra.1.part.2
                0x0000000008007e70       0x78 Middlewares/Third_Party/LwIP/src/core/tcp_in.o
 .text.tcp_input_delayed_close
                0x0000000008007ee8       0x40 Middlewares/Third_Party/LwIP/src/core/tcp_in.o
 .text.tcp_input
                0x0000000008007f28      0x9fc Middlewares/Third_Party/LwIP/src/core/tcp_in.o
                0x0000000008007f28                tcp_input
 .text.tcp_trigger_input_pcb_close
                0x0000000008008924       0x10 Middlewares/Third_Party/LwIP/src/core/tcp_in.o
                0x0000000008008924                tcp_trigger_input_pcb_close
 .text.tcp_pbuf_prealloc
                0x0000000008008934       0x74 Middlewares/Third_Party/LwIP/src/core/tcp_out.o
 .text.tcp_create_segment
                0x00000000080089a8       0xcc Middlewares/Third_Party/LwIP/src/core/tcp_out.o
 .text.tcp_output_alloc_header.constprop.0
                0x0000000008008a74       0x78 Middlewares/Third_Party/LwIP/src/core/tcp_out.o
 .text.tcp_write
                0x0000000008008aec      0x52c Middlewares/Third_Party/LwIP/src/core/tcp_out.o
                0x0000000008008aec                tcp_write
 .text.tcp_enqueue_flags
                0x0000000008009018      0x12c Middlewares/Third_Party/LwIP/src/core/tcp_out.o
                0x0000000008009018                tcp_enqueue_flags
 .text.tcp_send_fin
                0x0000000008009144       0x44 Middlewares/Third_Party/LwIP/src/core/tcp_out.o
                0x0000000008009144                tcp_send_fin
 .text.tcp_send_empty_ack
                0x0000000008009188       0x6a Middlewares/Third_Party/LwIP/src/core/tcp_out.o
                0x0000000008009188                tcp_send_empty_ack
 *fill*         0x00000000080091f2        0x2 
 .text.tcp_output
                0x00000000080091f4      0x2fc Middlewares/Third_Party/LwIP/src/core/tcp_out.o
                0x00000000080091f4                tcp_output
 .text.tcp_rst  0x00000000080094f0       0xb4 Middlewares/Third_Party/LwIP/src/core/tcp_out.o
                0x00000000080094f0                tcp_rst
 .text.tcp_rexmit_rto
                0x00000000080095a4       0x38 Middlewares/Third_Party/LwIP/src/core/tcp_out.o
                0x00000000080095a4                tcp_rexmit_rto
 .text.tcp_rexmit
                0x00000000080095dc       0x52 Middlewares/Third_Party/LwIP/src/core/tcp_out.o
                0x00000000080095dc                tcp_rexmit
 .text.tcp_rexmit_fast
                0x000000000800962e       0x4e Middlewares/Third_Party/LwIP/src/core/tcp_out.o
                0x000000000800962e                tcp_rexmit_fast
 .text.tcp_keepalive
                0x000000000800967c       0x54 Middlewares/Third_Party/LwIP/src/core/tcp_out.o
                0x000000000800967c                tcp_keepalive
 .text.tcp_zero_window_probe
                0x00000000080096d0       0xbe Middlewares/Third_Party/LwIP/src/core/tcp_out.o
                0x00000000080096d0                tcp_zero_window_probe
 *fill*         0x000000000800978e        0x2 
 .text.sys_timeout
                0x0000000008009790       0xa4 Middlewares/Third_Party/LwIP/src/core/timeouts.o
                0x0000000008009790                sys_timeout
 .text.tcp_timer_needed
                0x0000000008009834       0x34 Middlewares/Third_Party/LwIP/src/core/timeouts.o
                0x0000000008009834                tcp_timer_needed
 .text.tcpip_tcp_timer
                0x0000000008009868       0x38 Middlewares/Third_Party/LwIP/src/core/timeouts.o
 .text.sys_timeouts_init
                0x00000000080098a0       0x54 Middlewares/Third_Party/LwIP/src/core/timeouts.o
                0x00000000080098a0                sys_timeouts_init
 .text.cyclic_timer
                0x00000000080098f4       0x1c Middlewares/Third_Party/LwIP/src/core/timeouts.o
 .text.sys_check_timeouts
                0x0000000008009910       0x60 Middlewares/Third_Party/LwIP/src/core/timeouts.o
                0x0000000008009910                sys_check_timeouts
 .text.udp_init
                0x0000000008009970        0x2 Middlewares/Third_Party/LwIP/src/core/udp.o
                0x0000000008009970                udp_init
 *fill*         0x0000000008009972        0x2 
 .text.udp_input
                0x0000000008009974      0x130 Middlewares/Third_Party/LwIP/src/core/udp.o
                0x0000000008009974                udp_input
 .text.udp_bind
                0x0000000008009aa4       0xa8 Middlewares/Third_Party/LwIP/src/core/udp.o
                0x0000000008009aa4                udp_bind
 .text.udp_sendto_if_src
                0x0000000008009b4c       0xcc Middlewares/Third_Party/LwIP/src/core/udp.o
                0x0000000008009b4c                udp_sendto_if_src
 .text.udp_sendto_if
                0x0000000008009c18       0x38 Middlewares/Third_Party/LwIP/src/core/udp.o
                0x0000000008009c18                udp_sendto_if
 .text.udp_connect
                0x0000000008009c50       0x50 Middlewares/Third_Party/LwIP/src/core/udp.o
                0x0000000008009c50                udp_connect
 .text.udp_recv
                0x0000000008009ca0        0x6 Middlewares/Third_Party/LwIP/src/core/udp.o
                0x0000000008009ca0                udp_recv
 *fill*         0x0000000008009ca6        0x2 
 .text.udp_remove
                0x0000000008009ca8       0x30 Middlewares/Third_Party/LwIP/src/core/udp.o
                0x0000000008009ca8                udp_remove
 .text.udp_new  0x0000000008009cd8       0x1c Middlewares/Third_Party/LwIP/src/core/udp.o
                0x0000000008009cd8                udp_new
 .text.udp_netif_ip_addr_changed
                0x0000000008009cf4       0x2c Middlewares/Third_Party/LwIP/src/core/udp.o
                0x0000000008009cf4                udp_netif_ip_addr_changed
 .text.ethernet_input
                0x0000000008009d20       0x98 Middlewares/Third_Party/LwIP/src/netif/ethernet.o
                0x0000000008009d20                ethernet_input
 .text.ethernet_output
                0x0000000008009db8       0x70 Middlewares/Third_Party/LwIP/src/netif/ethernet.o
                0x0000000008009db8                ethernet_output
 .text.SCCB_GPIO_Config
                0x0000000008009e28       0x2c Src/SCCB.o
                0x0000000008009e28                SCCB_GPIO_Config
 .text.SCCB_SID_GPIO_OUTPUT
                0x0000000008009e54       0x2c Src/SCCB.o
                0x0000000008009e54                SCCB_SID_GPIO_OUTPUT
 .text.SCCB_SID_GPIO_INPUT
                0x0000000008009e80       0x24 Src/SCCB.o
                0x0000000008009e80                SCCB_SID_GPIO_INPUT
 .text.startSCCB
                0x0000000008009ea4       0x58 Src/SCCB.o
                0x0000000008009ea4                startSCCB
 .text.stopSCCB
                0x0000000008009efc       0x48 Src/SCCB.o
                0x0000000008009efc                stopSCCB
 .text.SCCBwriteByte
                0x0000000008009f44       0x98 Src/SCCB.o
                0x0000000008009f44                SCCBwriteByte
 .text.DWT_Init
                0x0000000008009fdc       0x34 Src/dwt_delay.o
                0x0000000008009fdc                DWT_Init
 .text.DWT_Delay
                0x000000000800a010       0x28 Src/dwt_delay.o
                0x000000000800a010                DWT_Delay
 .text.low_level_output
                0x000000000800a038       0xa0 Src/ethernetif.o
 .text.HAL_ETH_MspInit
                0x000000000800a0d8      0x104 Src/ethernetif.o
                0x000000000800a0d8                HAL_ETH_MspInit
 .text.ethernetif_input
                0x000000000800a1dc       0xdc Src/ethernetif.o
                0x000000000800a1dc                ethernetif_input
 .text.ethernetif_init
                0x000000000800a2b8      0x130 Src/ethernetif.o
                0x000000000800a2b8                ethernetif_init
 .text.sys_now  0x000000000800a3e8        0x4 Src/ethernetif.o
                0x000000000800a3e8                sys_now
 .text.MX_LWIP_Init
                0x000000000800a3ec       0x68 Src/lwip.o
                0x000000000800a3ec                MX_LWIP_Init
 .text.MX_LWIP_Process
                0x000000000800a454       0x14 Src/lwip.o
                0x000000000800a454                MX_LWIP_Process
 .text.tcp_echoserver_error
                0x000000000800a468        0xc Src/main.o
                0x000000000800a468                tcp_echoserver_error
 .text.tcp_echoserver_recv
                0x000000000800a474       0x84 Src/main.o
                0x000000000800a474                tcp_echoserver_recv
 .text.tcp_echoserver_accept
                0x000000000800a4f8       0x50 Src/main.o
 .text.tcp_echoserver_sent
                0x000000000800a548       0x90 Src/main.o
                0x000000000800a548                tcp_echoserver_sent
 .text.__io_putchar
                0x000000000800a5d8       0x20 Src/main.o
                0x000000000800a5d8                __io_putchar
 .text.HAL_DCMI_FrameEventCallback
                0x000000000800a5f8       0x1c Src/main.o
                0x000000000800a5f8                HAL_DCMI_FrameEventCallback
 .text.HAL_TIM_PeriodElapsedCallback
                0x000000000800a614      0x118 Src/main.o
                0x000000000800a614                HAL_TIM_PeriodElapsedCallback
 .text.getTiempoMS
                0x000000000800a72c       0x1c Src/main.o
                0x000000000800a72c                getTiempoMS
 .text.enviarIMG
                0x000000000800a748       0x44 Src/main.o
                0x000000000800a748                enviarIMG
 .text.SystemClock_Config
                0x000000000800a78c       0xb8 Src/main.o
                0x000000000800a78c                SystemClock_Config
 .text.startup.main
                0x000000000800a844      0x5c0 Src/main.o
                0x000000000800a844                main
 .text.Error_Handler
                0x000000000800ae04        0x2 Src/main.o
                0x000000000800ae04                Error_Handler
 .text.wrOV7670Reg
                0x000000000800ae06       0x42 Src/ov7670.o
                0x000000000800ae06                wrOV7670Reg
 .text.OV7670_init
                0x000000000800ae48       0x2c Src/ov7670.o
                0x000000000800ae48                OV7670_init
 .text.OV7670_config
                0x000000000800ae74       0x38 Src/ov7670.o
                0x000000000800ae74                OV7670_config
 .text.HAL_MspInit
                0x000000000800aeac       0x30 Src/stm32f7xx_hal_msp.o
                0x000000000800aeac                HAL_MspInit
 .text.HAL_DCMI_MspInit
                0x000000000800aedc      0x174 Src/stm32f7xx_hal_msp.o
                0x000000000800aedc                HAL_DCMI_MspInit
 .text.HAL_I2C_MspInit
                0x000000000800b050       0x6c Src/stm32f7xx_hal_msp.o
                0x000000000800b050                HAL_I2C_MspInit
 .text.HAL_TIM_Base_MspInit
                0x000000000800b0bc       0x5c Src/stm32f7xx_hal_msp.o
                0x000000000800b0bc                HAL_TIM_Base_MspInit
 .text.HAL_TIM_MspPostInit
                0x000000000800b118       0x4c Src/stm32f7xx_hal_msp.o
                0x000000000800b118                HAL_TIM_MspPostInit
 .text.HAL_UART_MspInit
                0x000000000800b164       0x6c Src/stm32f7xx_hal_msp.o
                0x000000000800b164                HAL_UART_MspInit
 .text.NMI_Handler
                0x000000000800b1d0        0x2 Src/stm32f7xx_it.o
                0x000000000800b1d0                NMI_Handler
 .text.HardFault_Handler
                0x000000000800b1d2        0x2 Src/stm32f7xx_it.o
                0x000000000800b1d2                HardFault_Handler
 .text.MemManage_Handler
                0x000000000800b1d4        0x2 Src/stm32f7xx_it.o
                0x000000000800b1d4                MemManage_Handler
 .text.BusFault_Handler
                0x000000000800b1d6        0x2 Src/stm32f7xx_it.o
                0x000000000800b1d6                BusFault_Handler
 .text.UsageFault_Handler
                0x000000000800b1d8        0x2 Src/stm32f7xx_it.o
                0x000000000800b1d8                UsageFault_Handler
 .text.SVC_Handler
                0x000000000800b1da        0x2 Src/stm32f7xx_it.o
                0x000000000800b1da                SVC_Handler
 .text.DebugMon_Handler
                0x000000000800b1dc        0x2 Src/stm32f7xx_it.o
                0x000000000800b1dc                DebugMon_Handler
 .text.PendSV_Handler
                0x000000000800b1de        0x2 Src/stm32f7xx_it.o
                0x000000000800b1de                PendSV_Handler
 .text.SysTick_Handler
                0x000000000800b1e0        0x4 Src/stm32f7xx_it.o
                0x000000000800b1e0                SysTick_Handler
 .text.TIM2_IRQHandler
                0x000000000800b1e4        0xc Src/stm32f7xx_it.o
                0x000000000800b1e4                TIM2_IRQHandler
 .text.DMA2_Stream1_IRQHandler
                0x000000000800b1f0        0xc Src/stm32f7xx_it.o
                0x000000000800b1f0                DMA2_Stream1_IRQHandler
 .text.DCMI_IRQHandler
                0x000000000800b1fc        0xc Src/stm32f7xx_it.o
                0x000000000800b1fc                DCMI_IRQHandler
 .text._read    0x000000000800b208       0x1c Src/syscalls.o
                0x000000000800b208                _read
 .text._write   0x000000000800b224       0x1c Src/syscalls.o
                0x000000000800b224                _write
 .text._sbrk    0x000000000800b240       0x34 Src/syscalls.o
                0x000000000800b240                _sbrk
 .text._close   0x000000000800b274        0x6 Src/syscalls.o
                0x000000000800b274                _close
 .text._fstat   0x000000000800b27a        0xa Src/syscalls.o
                0x000000000800b27a                _fstat
 .text._isatty  0x000000000800b284        0x4 Src/syscalls.o
                0x000000000800b284                _isatty
 .text._lseek   0x000000000800b288        0x4 Src/syscalls.o
                0x000000000800b288                _lseek
 .text.SystemInit
                0x000000000800b28c       0x4c Src/system_stm32f7xx.o
                0x000000000800b28c                SystemInit
 .text.Reset_Handler
                0x000000000800b2d8       0x50 startup/startup_stm32f767xx.o
                0x000000000800b2d8                Reset_Handler
 .text.Default_Handler
                0x000000000800b328        0x2 startup/startup_stm32f767xx.o
                0x000000000800b328                RTC_Alarm_IRQHandler
                0x000000000800b328                EXTI2_IRQHandler
                0x000000000800b328                TIM8_CC_IRQHandler
                0x000000000800b328                UART8_IRQHandler
                0x000000000800b328                SPI4_IRQHandler
                0x000000000800b328                TIM1_CC_IRQHandler
                0x000000000800b328                DMA2_Stream5_IRQHandler
                0x000000000800b328                JPEG_IRQHandler
                0x000000000800b328                DMA1_Stream5_IRQHandler
                0x000000000800b328                CAN3_RX1_IRQHandler
                0x000000000800b328                PVD_IRQHandler
                0x000000000800b328                TAMP_STAMP_IRQHandler
                0x000000000800b328                CAN2_RX1_IRQHandler
                0x000000000800b328                EXTI3_IRQHandler
                0x000000000800b328                TIM8_TRG_COM_TIM14_IRQHandler
                0x000000000800b328                DFSDM1_FLT1_IRQHandler
                0x000000000800b328                TIM1_UP_TIM10_IRQHandler
                0x000000000800b328                TIM8_UP_TIM13_IRQHandler
                0x000000000800b328                I2C3_ER_IRQHandler
                0x000000000800b328                DFSDM1_FLT2_IRQHandler
                0x000000000800b328                EXTI0_IRQHandler
                0x000000000800b328                I2C2_EV_IRQHandler
                0x000000000800b328                DMA1_Stream2_IRQHandler
                0x000000000800b328                CAN1_RX0_IRQHandler
                0x000000000800b328                FPU_IRQHandler
                0x000000000800b328                OTG_HS_WKUP_IRQHandler
                0x000000000800b328                CAN3_SCE_IRQHandler
                0x000000000800b328                LTDC_ER_IRQHandler
                0x000000000800b328                CAN2_SCE_IRQHandler
                0x000000000800b328                DMA2_Stream2_IRQHandler
                0x000000000800b328                SPI1_IRQHandler
                0x000000000800b328                TIM6_DAC_IRQHandler
                0x000000000800b328                TIM1_BRK_TIM9_IRQHandler
                0x000000000800b328                CAN2_RX0_IRQHandler
                0x000000000800b328                DMA2_Stream3_IRQHandler
                0x000000000800b328                SAI2_IRQHandler
                0x000000000800b328                DFSDM1_FLT3_IRQHandler
                0x000000000800b328                USART6_IRQHandler
                0x000000000800b328                CAN3_RX0_IRQHandler
                0x000000000800b328                USART3_IRQHandler
                0x000000000800b328                CAN1_RX1_IRQHandler
                0x000000000800b328                UART5_IRQHandler
                0x000000000800b328                DMA2_Stream0_IRQHandler
                0x000000000800b328                TIM4_IRQHandler
                0x000000000800b328                QUADSPI_IRQHandler
                0x000000000800b328                I2C1_EV_IRQHandler
                0x000000000800b328                DMA1_Stream6_IRQHandler
                0x000000000800b328                DMA1_Stream1_IRQHandler
                0x000000000800b328                UART4_IRQHandler
                0x000000000800b328                TIM3_IRQHandler
                0x000000000800b328                RCC_IRQHandler
                0x000000000800b328                TIM8_BRK_TIM12_IRQHandler
                0x000000000800b328                Default_Handler
                0x000000000800b328                CEC_IRQHandler
                0x000000000800b328                EXTI15_10_IRQHandler
                0x000000000800b328                ADC_IRQHandler
                0x000000000800b328                DMA1_Stream7_IRQHandler
                0x000000000800b328                SPI5_IRQHandler
                0x000000000800b328                TIM7_IRQHandler
                0x000000000800b328                SDMMC1_IRQHandler
                0x000000000800b328                CAN2_TX_IRQHandler
                0x000000000800b328                TIM5_IRQHandler
                0x000000000800b328                DMA2_Stream7_IRQHandler
                0x000000000800b328                I2C3_EV_IRQHandler
                0x000000000800b328                EXTI9_5_IRQHandler
                0x000000000800b328                RTC_WKUP_IRQHandler
                0x000000000800b328                LTDC_IRQHandler
                0x000000000800b328                ETH_WKUP_IRQHandler
                0x000000000800b328                SPDIF_RX_IRQHandler
                0x000000000800b328                SPI2_IRQHandler
                0x000000000800b328                OTG_HS_EP1_IN_IRQHandler
                0x000000000800b328                DMA1_Stream0_IRQHandler
                0x000000000800b328                CAN1_TX_IRQHandler
                0x000000000800b328                EXTI4_IRQHandler
                0x000000000800b328                RNG_IRQHandler
                0x000000000800b328                ETH_IRQHandler
                0x000000000800b328                OTG_HS_EP1_OUT_IRQHandler
                0x000000000800b328                WWDG_IRQHandler
                0x000000000800b328                SPI6_IRQHandler
                0x000000000800b328                MDIOS_IRQHandler
                0x000000000800b328                I2C4_EV_IRQHandler
                0x000000000800b328                CAN3_TX_IRQHandler
                0x000000000800b328                OTG_FS_WKUP_IRQHandler
                0x000000000800b328                TIM1_TRG_COM_TIM11_IRQHandler
                0x000000000800b328                OTG_HS_IRQHandler
                0x000000000800b328                DMA2D_IRQHandler
                0x000000000800b328                EXTI1_IRQHandler
                0x000000000800b328                SDMMC2_IRQHandler
                0x000000000800b328                UART7_IRQHandler
                0x000000000800b328                USART2_IRQHandler
                0x000000000800b328                DFSDM1_FLT0_IRQHandler
                0x000000000800b328                I2C2_ER_IRQHandler
                0x000000000800b328                CAN1_SCE_IRQHandler
                0x000000000800b328                FLASH_IRQHandler
                0x000000000800b328                DMA2_Stream4_IRQHandler
                0x000000000800b328                USART1_IRQHandler
                0x000000000800b328                OTG_FS_IRQHandler
                0x000000000800b328                SPI3_IRQHandler
                0x000000000800b328                DMA1_Stream4_IRQHandler
                0x000000000800b328                I2C1_ER_IRQHandler
                0x000000000800b328                FMC_IRQHandler
                0x000000000800b328                LPTIM1_IRQHandler
                0x000000000800b328                I2C4_ER_IRQHandler
                0x000000000800b328                DMA2_Stream6_IRQHandler
                0x000000000800b328                SAI1_IRQHandler
                0x000000000800b328                DMA1_Stream3_IRQHandler
 *fill*         0x000000000800b32a        0x2 
 .text.__libc_init_array
                0x000000000800b32c       0x48 /opt/Atollic_TrueSTUDIO_for_STM32_x86_64_9.3.0/ARMTools/bin/../lib/gcc/arm-atollic-eabi/6.3.1/../../../../arm-atollic-eabi/lib/armv7e-m/fpu/fpv5-d16/libc_nano.a(lib_a-init.o)
                0x000000000800b32c                __libc_init_array
 .text.malloc   0x000000000800b374       0x10 /opt/Atollic_TrueSTUDIO_for_STM32_x86_64_9.3.0/ARMTools/bin/../lib/gcc/arm-atollic-eabi/6.3.1/../../../../arm-atollic-eabi/lib/armv7e-m/fpu/fpv5-d16/libc_nano.a(lib_a-malloc.o)
                0x000000000800b374                malloc
 .text.memcmp   0x000000000800b384       0x1e /opt/Atollic_TrueSTUDIO_for_STM32_x86_64_9.3.0/ARMTools/bin/../lib/gcc/arm-atollic-eabi/6.3.1/../../../../arm-atollic-eabi/lib/armv7e-m/fpu/fpv5-d16/libc_nano.a(lib_a-memcmp.o)
                0x000000000800b384                memcmp
 .text.memcpy   0x000000000800b3a2       0x16 /opt/Atollic_TrueSTUDIO_for_STM32_x86_64_9.3.0/ARMTools/bin/../lib/gcc/arm-atollic-eabi/6.3.1/../../../../arm-atollic-eabi/lib/armv7e-m/fpu/fpv5-d16/libc_nano.a(lib_a-memcpy-stub.o)
                0x000000000800b3a2                memcpy
 .text.memset   0x000000000800b3b8       0x10 /opt/Atollic_TrueSTUDIO_for_STM32_x86_64_9.3.0/ARMTools/bin/../lib/gcc/arm-atollic-eabi/6.3.1/../../../../arm-atollic-eabi/lib/armv7e-m/fpu/fpv5-d16/libc_nano.a(lib_a-memset.o)
                0x000000000800b3b8                memset
 .text._free_r  0x000000000800b3c8       0x9c /opt/Atollic_TrueSTUDIO_for_STM32_x86_64_9.3.0/ARMTools/bin/../lib/gcc/arm-atollic-eabi/6.3.1/../../../../arm-atollic-eabi/lib/armv7e-m/fpu/fpv5-d16/libc_nano.a(lib_a-nano-freer.o)
                0x000000000800b3c8                _free_r
 .text._malloc_r
                0x000000000800b464       0xbc /opt/Atollic_TrueSTUDIO_for_STM32_x86_64_9.3.0/ARMTools/bin/../lib/gcc/arm-atollic-eabi/6.3.1/../../../../arm-atollic-eabi/lib/armv7e-m/fpu/fpv5-d16/libc_nano.a(lib_a-nano-mallocr.o)
                0x000000000800b464                _malloc_r
 .text.printf   0x000000000800b520       0x30 /opt/Atollic_TrueSTUDIO_for_STM32_x86_64_9.3.0/ARMTools/bin/../lib/gcc/arm-atollic-eabi/6.3.1/../../../../arm-atollic-eabi/lib/armv7e-m/fpu/fpv5-d16/libc_nano.a(lib_a-printf.o)
                0x000000000800b520                printf
                0x000000000800b520                iprintf
 .text._puts_r  0x000000000800b550       0xb8 /opt/Atollic_TrueSTUDIO_for_STM32_x86_64_9.3.0/ARMTools/bin/../lib/gcc/arm-atollic-eabi/6.3.1/../../../../arm-atollic-eabi/lib/armv7e-m/fpu/fpv5-d16/libc_nano.a(lib_a-puts.o)
                0x000000000800b550                _puts_r
 .text.puts     0x000000000800b608       0x10 /opt/Atollic_TrueSTUDIO_for_STM32_x86_64_9.3.0/ARMTools/bin/../lib/gcc/arm-atollic-eabi/6.3.1/../../../../arm-atollic-eabi/lib/armv7e-m/fpu/fpv5-d16/libc_nano.a(lib_a-puts.o)
                0x000000000800b608                puts
 .text.rand     0x000000000800b618       0x74 /opt/Atollic_TrueSTUDIO_for_STM32_x86_64_9.3.0/ARMTools/bin/../lib/gcc/arm-atollic-eabi/6.3.1/../../../../arm-atollic-eabi/lib/armv7e-m/fpu/fpv5-d16/libc_nano.a(lib_a-rand.o)
                0x000000000800b618                rand
 .text._sbrk_r  0x000000000800b68c       0x20 /opt/Atollic_TrueSTUDIO_for_STM32_x86_64_9.3.0/ARMTools/bin/../lib/gcc/arm-atollic-eabi/6.3.1/../../../../arm-atollic-eabi/lib/armv7e-m/fpu/fpv5-d16/libc_nano.a(lib_a-sbrkr.o)
                0x000000000800b68c                _sbrk_r
 .text.sprintf  0x000000000800b6ac       0x48 /opt/Atollic_TrueSTUDIO_for_STM32_x86_64_9.3.0/ARMTools/bin/../lib/gcc/arm-atollic-eabi/6.3.1/../../../../arm-atollic-eabi/lib/armv7e-m/fpu/fpv5-d16/libc_nano.a(lib_a-sprintf.o)
                0x000000000800b6ac                sprintf
                0x000000000800b6ac                siprintf
 .text.__swbuf_r
                0x000000000800b6f4       0xa4 /opt/Atollic_TrueSTUDIO_for_STM32_x86_64_9.3.0/ARMTools/bin/../lib/gcc/arm-atollic-eabi/6.3.1/../../../../arm-atollic-eabi/lib/armv7e-m/fpu/fpv5-d16/libc_nano.a(lib_a-wbuf.o)
                0x000000000800b6f4                __swbuf_r
 .text.__swsetup_r
                0x000000000800b798       0xdc /opt/Atollic_TrueSTUDIO_for_STM32_x86_64_9.3.0/ARMTools/bin/../lib/gcc/arm-atollic-eabi/6.3.1/../../../../arm-atollic-eabi/lib/armv7e-m/fpu/fpv5-d16/libc_nano.a(lib_a-wsetup.o)
                0x000000000800b798                __swsetup_r
 .text.__sflush_r
                0x000000000800b874      0x110 /opt/Atollic_TrueSTUDIO_for_STM32_x86_64_9.3.0/ARMTools/bin/../lib/gcc/arm-atollic-eabi/6.3.1/../../../../arm-atollic-eabi/lib/armv7e-m/fpu/fpv5-d16/libc_nano.a(lib_a-fflush.o)
                0x000000000800b874                __sflush_r
 .text._fflush_r
                0x000000000800b984       0x54 /opt/Atollic_TrueSTUDIO_for_STM32_x86_64_9.3.0/ARMTools/bin/../lib/gcc/arm-atollic-eabi/6.3.1/../../../../arm-atollic-eabi/lib/armv7e-m/fpu/fpv5-d16/libc_nano.a(lib_a-fflush.o)
                0x000000000800b984                _fflush_r
 .text._cleanup_r
                0x000000000800b9d8        0xc /opt/Atollic_TrueSTUDIO_for_STM32_x86_64_9.3.0/ARMTools/bin/../lib/gcc/arm-atollic-eabi/6.3.1/../../../../arm-atollic-eabi/lib/armv7e-m/fpu/fpv5-d16/libc_nano.a(lib_a-findfp.o)
                0x000000000800b9d8                _cleanup_r
 .text.std.isra.0
                0x000000000800b9e4       0x48 /opt/Atollic_TrueSTUDIO_for_STM32_x86_64_9.3.0/ARMTools/bin/../lib/gcc/arm-atollic-eabi/6.3.1/../../../../arm-atollic-eabi/lib/armv7e-m/fpu/fpv5-d16/libc_nano.a(lib_a-findfp.o)
 .text.__sfmoreglue
                0x000000000800ba2c       0x2c /opt/Atollic_TrueSTUDIO_for_STM32_x86_64_9.3.0/ARMTools/bin/../lib/gcc/arm-atollic-eabi/6.3.1/../../../../arm-atollic-eabi/lib/armv7e-m/fpu/fpv5-d16/libc_nano.a(lib_a-findfp.o)
                0x000000000800ba2c                __sfmoreglue
 .text.__sinit  0x000000000800ba58       0x60 /opt/Atollic_TrueSTUDIO_for_STM32_x86_64_9.3.0/ARMTools/bin/../lib/gcc/arm-atollic-eabi/6.3.1/../../../../arm-atollic-eabi/lib/armv7e-m/fpu/fpv5-d16/libc_nano.a(lib_a-findfp.o)
                0x000000000800ba58                __sinit
 .text.__sfp    0x000000000800bab8       0x78 /opt/Atollic_TrueSTUDIO_for_STM32_x86_64_9.3.0/ARMTools/bin/../lib/gcc/arm-atollic-eabi/6.3.1/../../../../arm-atollic-eabi/lib/armv7e-m/fpu/fpv5-d16/libc_nano.a(lib_a-findfp.o)
                0x000000000800bab8                __sfp
 .text._fwalk_reent
                0x000000000800bb30       0x3c /opt/Atollic_TrueSTUDIO_for_STM32_x86_64_9.3.0/ARMTools/bin/../lib/gcc/arm-atollic-eabi/6.3.1/../../../../arm-atollic-eabi/lib/armv7e-m/fpu/fpv5-d16/libc_nano.a(lib_a-fwalk.o)
                0x000000000800bb30                _fwalk_reent
 .text.__swhatbuf_r
                0x000000000800bb6c       0x48 /opt/Atollic_TrueSTUDIO_for_STM32_x86_64_9.3.0/ARMTools/bin/../lib/gcc/arm-atollic-eabi/6.3.1/../../../../arm-atollic-eabi/lib/armv7e-m/fpu/fpv5-d16/libc_nano.a(lib_a-makebuf.o)
                0x000000000800bb6c                __swhatbuf_r
 .text.__smakebuf_r
                0x000000000800bbb4       0x80 /opt/Atollic_TrueSTUDIO_for_STM32_x86_64_9.3.0/ARMTools/bin/../lib/gcc/arm-atollic-eabi/6.3.1/../../../../arm-atollic-eabi/lib/armv7e-m/fpu/fpv5-d16/libc_nano.a(lib_a-makebuf.o)
                0x000000000800bbb4                __smakebuf_r
 .text.__malloc_lock
                0x000000000800bc34        0x2 /opt/Atollic_TrueSTUDIO_for_STM32_x86_64_9.3.0/ARMTools/bin/../lib/gcc/arm-atollic-eabi/6.3.1/../../../../arm-atollic-eabi/lib/armv7e-m/fpu/fpv5-d16/libc_nano.a(lib_a-mlock.o)
                0x000000000800bc34                __malloc_lock
 .text.__malloc_unlock
                0x000000000800bc36        0x2 /opt/Atollic_TrueSTUDIO_for_STM32_x86_64_9.3.0/ARMTools/bin/../lib/gcc/arm-atollic-eabi/6.3.1/../../../../arm-atollic-eabi/lib/armv7e-m/fpu/fpv5-d16/libc_nano.a(lib_a-mlock.o)
                0x000000000800bc36                __malloc_unlock
 .text.__ssputs_r
                0x000000000800bc38       0xb6 /opt/Atollic_TrueSTUDIO_for_STM32_x86_64_9.3.0/ARMTools/bin/../lib/gcc/arm-atollic-eabi/6.3.1/../../../../arm-atollic-eabi/lib/armv7e-m/fpu/fpv5-d16/libc_nano.a(lib_a-nano-svfprintf.o)
                0x000000000800bc38                __ssputs_r
 *fill*         0x000000000800bcee        0x2 
 .text._svfprintf_r
                0x000000000800bcf0      0x1e8 /opt/Atollic_TrueSTUDIO_for_STM32_x86_64_9.3.0/ARMTools/bin/../lib/gcc/arm-atollic-eabi/6.3.1/../../../../arm-atollic-eabi/lib/armv7e-m/fpu/fpv5-d16/libc_nano.a(lib_a-nano-svfprintf.o)
                0x000000000800bcf0                _svfprintf_r
                0x000000000800bcf0                _svfiprintf_r
 .text.__sfputc_r
                0x000000000800bed8       0x30 /opt/Atollic_TrueSTUDIO_for_STM32_x86_64_9.3.0/ARMTools/bin/../lib/gcc/arm-atollic-eabi/6.3.1/../../../../arm-atollic-eabi/lib/armv7e-m/fpu/fpv5-d16/libc_nano.a(lib_a-nano-vfprintf.o)
 .text.__sfputs_r
                0x000000000800bf08       0x24 /opt/Atollic_TrueSTUDIO_for_STM32_x86_64_9.3.0/ARMTools/bin/../lib/gcc/arm-atollic-eabi/6.3.1/../../../../arm-atollic-eabi/lib/armv7e-m/fpu/fpv5-d16/libc_nano.a(lib_a-nano-vfprintf.o)
                0x000000000800bf08                __sfputs_r
 .text._vfprintf_r
                0x000000000800bf2c      0x22c /opt/Atollic_TrueSTUDIO_for_STM32_x86_64_9.3.0/ARMTools/bin/../lib/gcc/arm-atollic-eabi/6.3.1/../../../../arm-atollic-eabi/lib/armv7e-m/fpu/fpv5-d16/libc_nano.a(lib_a-nano-vfprintf.o)
                0x000000000800bf2c                _vfiprintf_r
                0x000000000800bf2c                _vfprintf_r
 .text._printf_common
                0x000000000800c158       0xec /opt/Atollic_TrueSTUDIO_for_STM32_x86_64_9.3.0/ARMTools/bin/../lib/gcc/arm-atollic-eabi/6.3.1/../../../../arm-atollic-eabi/lib/armv7e-m/fpu/fpv5-d16/libc_nano.a(lib_a-nano-vfprintf_i.o)
                0x000000000800c158                _printf_common
 .text._printf_i
                0x000000000800c244      0x240 /opt/Atollic_TrueSTUDIO_for_STM32_x86_64_9.3.0/ARMTools/bin/../lib/gcc/arm-atollic-eabi/6.3.1/../../../../arm-atollic-eabi/lib/armv7e-m/fpu/fpv5-d16/libc_nano.a(lib_a-nano-vfprintf_i.o)
                0x000000000800c244                _printf_i
 .text.__sread  0x000000000800c484       0x22 /opt/Atollic_TrueSTUDIO_for_STM32_x86_64_9.3.0/ARMTools/bin/../lib/gcc/arm-atollic-eabi/6.3.1/../../../../arm-atollic-eabi/lib/armv7e-m/fpu/fpv5-d16/libc_nano.a(lib_a-stdio.o)
                0x000000000800c484                __sread
 .text.__swrite
                0x000000000800c4a6       0x38 /opt/Atollic_TrueSTUDIO_for_STM32_x86_64_9.3.0/ARMTools/bin/../lib/gcc/arm-atollic-eabi/6.3.1/../../../../arm-atollic-eabi/lib/armv7e-m/fpu/fpv5-d16/libc_nano.a(lib_a-stdio.o)
                0x000000000800c4a6                __swrite
 .text.__sseek  0x000000000800c4de       0x24 /opt/Atollic_TrueSTUDIO_for_STM32_x86_64_9.3.0/ARMTools/bin/../lib/gcc/arm-atollic-eabi/6.3.1/../../../../arm-atollic-eabi/lib/armv7e-m/fpu/fpv5-d16/libc_nano.a(lib_a-stdio.o)
                0x000000000800c4de                __sseek
 .text.__sclose
                0x000000000800c502        0x8 /opt/Atollic_TrueSTUDIO_for_STM32_x86_64_9.3.0/ARMTools/bin/../lib/gcc/arm-atollic-eabi/6.3.1/../../../../arm-atollic-eabi/lib/armv7e-m/fpu/fpv5-d16/libc_nano.a(lib_a-stdio.o)
                0x000000000800c502                __sclose
 *fill*         0x000000000800c50a        0x2 
 .text._write_r
                0x000000000800c50c       0x24 /opt/Atollic_TrueSTUDIO_for_STM32_x86_64_9.3.0/ARMTools/bin/../lib/gcc/arm-atollic-eabi/6.3.1/../../../../arm-atollic-eabi/lib/armv7e-m/fpu/fpv5-d16/libc_nano.a(lib_a-writer.o)
                0x000000000800c50c                _write_r
 .text._close_r
                0x000000000800c530       0x20 /opt/Atollic_TrueSTUDIO_for_STM32_x86_64_9.3.0/ARMTools/bin/../lib/gcc/arm-atollic-eabi/6.3.1/../../../../arm-atollic-eabi/lib/armv7e-m/fpu/fpv5-d16/libc_nano.a(lib_a-closer.o)
                0x000000000800c530                _close_r
 .text._fstat_r
                0x000000000800c550       0x24 /opt/Atollic_TrueSTUDIO_for_STM32_x86_64_9.3.0/ARMTools/bin/../lib/gcc/arm-atollic-eabi/6.3.1/../../../../arm-atollic-eabi/lib/armv7e-m/fpu/fpv5-d16/libc_nano.a(lib_a-fstatr.o)
                0x000000000800c550                _fstat_r
 .text._isatty_r
                0x000000000800c574       0x20 /opt/Atollic_TrueSTUDIO_for_STM32_x86_64_9.3.0/ARMTools/bin/../lib/gcc/arm-atollic-eabi/6.3.1/../../../../arm-atollic-eabi/lib/armv7e-m/fpu/fpv5-d16/libc_nano.a(lib_a-isattyr.o)
                0x000000000800c574                _isatty_r
 .text._lseek_r
                0x000000000800c594       0x24 /opt/Atollic_TrueSTUDIO_for_STM32_x86_64_9.3.0/ARMTools/bin/../lib/gcc/arm-atollic-eabi/6.3.1/../../../../arm-atollic-eabi/lib/armv7e-m/fpu/fpv5-d16/libc_nano.a(lib_a-lseekr.o)
                0x000000000800c594                _lseek_r
 .text.memmove  0x000000000800c5b8       0x34 /opt/Atollic_TrueSTUDIO_for_STM32_x86_64_9.3.0/ARMTools/bin/../lib/gcc/arm-atollic-eabi/6.3.1/../../../../arm-atollic-eabi/lib/armv7e-m/fpu/fpv5-d16/libc_nano.a(lib_a-memmove.o)
                0x000000000800c5b8                memmove
 .text._realloc_r
                0x000000000800c5ec       0x4c /opt/Atollic_TrueSTUDIO_for_STM32_x86_64_9.3.0/ARMTools/bin/../lib/gcc/arm-atollic-eabi/6.3.1/../../../../arm-atollic-eabi/lib/armv7e-m/fpu/fpv5-d16/libc_nano.a(lib_a-nano-reallocr.o)
                0x000000000800c5ec                _realloc_r
 .text._read_r  0x000000000800c638       0x24 /opt/Atollic_TrueSTUDIO_for_STM32_x86_64_9.3.0/ARMTools/bin/../lib/gcc/arm-atollic-eabi/6.3.1/../../../../arm-atollic-eabi/lib/armv7e-m/fpu/fpv5-d16/libc_nano.a(lib_a-readr.o)
                0x000000000800c638                _read_r
 .text._malloc_usable_size_r
                0x000000000800c65c       0x12 /opt/Atollic_TrueSTUDIO_for_STM32_x86_64_9.3.0/ARMTools/bin/../lib/gcc/arm-atollic-eabi/6.3.1/../../../../arm-atollic-eabi/lib/armv7e-m/fpu/fpv5-d16/libc_nano.a(lib_a-nano-msizer.o)
                0x000000000800c65c                _malloc_usable_size_r
 *(.glue_7)
 .glue_7        0x000000000800c66e        0x0 linker stubs
 *(.glue_7t)
 .glue_7t       0x000000000800c66e        0x0 linker stubs
 *(.eh_frame)
 *fill*         0x000000000800c66e        0x2 
 .eh_frame      0x000000000800c670        0x0 /opt/Atollic_TrueSTUDIO_for_STM32_x86_64_9.3.0/ARMTools/bin/../lib/gcc/arm-atollic-eabi/6.3.1/armv7e-m/fpu/fpv5-d16/crtbegin.o
 *(.init)
 .init          0x000000000800c670        0x4 /opt/Atollic_TrueSTUDIO_for_STM32_x86_64_9.3.0/ARMTools/bin/../lib/gcc/arm-atollic-eabi/6.3.1/armv7e-m/fpu/fpv5-d16/crti.o
                0x000000000800c670                _init
 .init          0x000000000800c674        0x8 /opt/Atollic_TrueSTUDIO_for_STM32_x86_64_9.3.0/ARMTools/bin/../lib/gcc/arm-atollic-eabi/6.3.1/armv7e-m/fpu/fpv5-d16/crtn.o
 *(.fini)
 .fini          0x000000000800c67c        0x4 /opt/Atollic_TrueSTUDIO_for_STM32_x86_64_9.3.0/ARMTools/bin/../lib/gcc/arm-atollic-eabi/6.3.1/armv7e-m/fpu/fpv5-d16/crti.o
                0x000000000800c67c                _fini
 .fini          0x000000000800c680        0x8 /opt/Atollic_TrueSTUDIO_for_STM32_x86_64_9.3.0/ARMTools/bin/../lib/gcc/arm-atollic-eabi/6.3.1/armv7e-m/fpu/fpv5-d16/crtn.o
                0x000000000800c688                . = ALIGN (0x4)
                0x000000000800c688                _etext = .

.vfp11_veneer   0x000000000800c688        0x0
 .vfp11_veneer  0x000000000800c688        0x0 linker stubs

.v4_bx          0x000000000800c688        0x0
 .v4_bx         0x000000000800c688        0x0 linker stubs

.iplt           0x000000000800c688        0x0
 .iplt          0x000000000800c688        0x0 /opt/Atollic_TrueSTUDIO_for_STM32_x86_64_9.3.0/ARMTools/bin/../lib/gcc/arm-atollic-eabi/6.3.1/armv7e-m/fpu/fpv5-d16/crtbegin.o

.rodata         0x000000000800c688     0x1f38
                0x000000000800c688                . = ALIGN (0x4)
 *(.rodata)
 *(.rodata*)
 .rodata.flagBitshiftOffset.9016
                0x000000000800c688        0x8 Drivers/STM32F7xx_HAL_Driver/Src/stm32f7xx_hal_dma.o
 .rodata.CSWTCH.49
                0x000000000800c690        0x4 Drivers/STM32F7xx_HAL_Driver/Src/stm32f7xx_hal_uart.o
 .rodata.CSWTCH.50
                0x000000000800c694        0xd Drivers/STM32F7xx_HAL_Driver/Src/stm32f7xx_hal_uart.o
 .rodata.dhcp_bind.str1.1
                0x000000000800c6a1       0x31 Middlewares/Third_Party/LwIP/src/core/ipv4/dhcp.o
 .rodata.dhcp_create_msg.str1.1
                0x000000000800c6d2       0xc9 Middlewares/Third_Party/LwIP/src/core/ipv4/dhcp.o
 .rodata.dhcp_dec_pcb_refcount.str1.1
                0x000000000800c79b       0x24 Middlewares/Third_Party/LwIP/src/core/ipv4/dhcp.o
 .rodata.dhcp_delete_msg.str1.1
                0x000000000800c7bf       0x6a Middlewares/Third_Party/LwIP/src/core/ipv4/dhcp.o
 .rodata.dhcp_inc_pcb_refcount.str1.1
                0x000000000800c829       0x25 Middlewares/Third_Party/LwIP/src/core/ipv4/dhcp.o
 .rodata.dhcp_option.str1.1
                0x000000000800c84e       0x48 Middlewares/Third_Party/LwIP/src/core/ipv4/dhcp.o
 .rodata.dhcp_option_byte.str1.1
                0x000000000800c896       0x3b Middlewares/Third_Party/LwIP/src/core/ipv4/dhcp.o
 .rodata.dhcp_option_long.str1.1
                0x000000000800c8d1       0x40 Middlewares/Third_Party/LwIP/src/core/ipv4/dhcp.o
 .rodata.dhcp_option_short.str1.1
                0x000000000800c911       0x9e Middlewares/Third_Party/LwIP/src/core/ipv4/dhcp.o
 .rodata.dhcp_option_trailer.str1.1
                0x000000000800c9af       0x8d Middlewares/Third_Party/LwIP/src/core/ipv4/dhcp.o
 .rodata.dhcp_recv.str1.1
                0x000000000800ca3c       0x85 Middlewares/Third_Party/LwIP/src/core/ipv4/dhcp.o
 .rodata.dhcp_set_struct.str1.1
                0x000000000800cac1       0x24 Middlewares/Third_Party/LwIP/src/core/ipv4/dhcp.o
                                         0x3f (size before relaxing)
 .rodata.dhcp_start.str1.1
                0x000000000800cae5       0x39 Middlewares/Third_Party/LwIP/src/core/ipv4/dhcp.o
 .rodata.dhcp_stop.str1.1
                0x000000000800cb1e       0x19 Middlewares/Third_Party/LwIP/src/core/ipv4/dhcp.o
 .rodata.etharp_find_entry.isra.0.str1.1
                0x000000000800cb37       0x40 Middlewares/Third_Party/LwIP/src/core/ipv4/etharp.o
 .rodata.etharp_get_entry.str1.1
                0x000000000800cb77       0x1f Middlewares/Third_Party/LwIP/src/core/ipv4/etharp.o
 .rodata.etharp_input.str1.1
                0x000000000800cb96       0x24 Middlewares/Third_Party/LwIP/src/core/ipv4/etharp.o
 .rodata.etharp_output.str1.1
                0x000000000800cbba       0x24 Middlewares/Third_Party/LwIP/src/core/ipv4/etharp.o
                                          0xa (size before relaxing)
 .rodata.etharp_output_to_arp_index.str1.1
                0x000000000800cbba       0x30 Middlewares/Third_Party/LwIP/src/core/ipv4/etharp.o
 .rodata.etharp_query.str1.1
                0x000000000800cbea       0x42 Middlewares/Third_Party/LwIP/src/core/ipv4/etharp.o
 .rodata.etharp_raw.str1.1
                0x000000000800cc2c       0xa9 Middlewares/Third_Party/LwIP/src/core/ipv4/etharp.o
                                         0xdf (size before relaxing)
 .rodata.icmp_input.str1.1
                0x000000000800ccd5       0x67 Middlewares/Third_Party/LwIP/src/core/ipv4/icmp.o
 .rodata.icmp_send_response.isra.0.str1.1
                0x000000000800cd3c       0x61 Middlewares/Third_Party/LwIP/src/core/ipv4/icmp.o
                                         0x89 (size before relaxing)
 .rodata.ip4_output_if_src.str1.1
                0x000000000800cd9d       0x6d Middlewares/Third_Party/LwIP/src/core/ipv4/ip4.o
                                         0x95 (size before relaxing)
 *fill*         0x000000000800ce0a        0x2 
 .rodata.ip_addr_any
                0x000000000800ce0c        0x4 Middlewares/Third_Party/LwIP/src/core/ipv4/ip4_addr.o
                0x000000000800ce0c                ip_addr_any
 .rodata.ip_addr_broadcast
                0x000000000800ce10        0x4 Middlewares/Third_Party/LwIP/src/core/ipv4/ip4_addr.o
                0x000000000800ce10                ip_addr_broadcast
 .rodata.ip4_frag.str1.1
                0x000000000800ce14       0x61 Middlewares/Third_Party/LwIP/src/core/ipv4/ip4_frag.o
 .rodata.ip4_reass.str1.1
                0x000000000800ce75       0x84 Middlewares/Third_Party/LwIP/src/core/ipv4/ip4_frag.o
 .rodata.ip_frag_free_pbuf_custom_ref.str1.1
                0x000000000800cef9       0x84 Middlewares/Third_Party/LwIP/src/core/ipv4/ip4_frag.o
                                          0xa (size before relaxing)
 .rodata.ip_reass_dequeue_datagram.str1.1
                0x000000000800cef9       0x52 Middlewares/Third_Party/LwIP/src/core/ipv4/ip4_frag.o
                                         0x7a (size before relaxing)
 .rodata.ip_reass_free_complete_datagram.str1.1
                0x000000000800cf4b       0x56 Middlewares/Third_Party/LwIP/src/core/ipv4/ip4_frag.o
 .rodata.ipfrag_free_pbuf_custom.str1.1
                0x000000000800cfa1        0xc Middlewares/Third_Party/LwIP/src/core/ipv4/ip4_frag.o
 .rodata.mem_free.str1.1
                0x000000000800cfad       0xf1 Middlewares/Third_Party/LwIP/src/core/mem.o
                                        0x119 (size before relaxing)
 .rodata.mem_malloc.str1.1
                0x000000000800d09e       0x9b Middlewares/Third_Party/LwIP/src/core/mem.o
 .rodata.mem_trim.str1.1
                0x000000000800d139       0x37 Middlewares/Third_Party/LwIP/src/core/mem.o
 .rodata.do_memp_free_pool.isra.1.str1.1
                0x000000000800d170       0x20 Middlewares/Third_Party/LwIP/src/core/memp.o
 .rodata.do_memp_malloc_pool.isra.0.str1.1
                0x000000000800d190       0x53 Middlewares/Third_Party/LwIP/src/core/memp.o
                                         0x7b (size before relaxing)
 *fill*         0x000000000800d1e3        0x1 
 .rodata.memp_FRAG_PBUF
                0x000000000800d1e4        0xc Middlewares/Third_Party/LwIP/src/core/memp.o
                0x000000000800d1e4                memp_FRAG_PBUF
 .rodata.memp_PBUF
                0x000000000800d1f0        0xc Middlewares/Third_Party/LwIP/src/core/memp.o
                0x000000000800d1f0                memp_PBUF
 .rodata.memp_PBUF_POOL
                0x000000000800d1fc        0xc Middlewares/Third_Party/LwIP/src/core/memp.o
                0x000000000800d1fc                memp_PBUF_POOL
 .rodata.memp_REASSDATA
                0x000000000800d208        0xc Middlewares/Third_Party/LwIP/src/core/memp.o
                0x000000000800d208                memp_REASSDATA
 .rodata.memp_SYS_TIMEOUT
                0x000000000800d214        0xc Middlewares/Third_Party/LwIP/src/core/memp.o
                0x000000000800d214                memp_SYS_TIMEOUT
 .rodata.memp_TCP_PCB
                0x000000000800d220        0xc Middlewares/Third_Party/LwIP/src/core/memp.o
                0x000000000800d220                memp_TCP_PCB
 .rodata.memp_TCP_PCB_LISTEN
                0x000000000800d22c        0xc Middlewares/Third_Party/LwIP/src/core/memp.o
                0x000000000800d22c                memp_TCP_PCB_LISTEN
 .rodata.memp_TCP_SEG
                0x000000000800d238        0xc Middlewares/Third_Party/LwIP/src/core/memp.o
                0x000000000800d238                memp_TCP_SEG
 .rodata.memp_UDP_PCB
                0x000000000800d244        0xc Middlewares/Third_Party/LwIP/src/core/memp.o
                0x000000000800d244                memp_UDP_PCB
 .rodata.memp_free.str1.1
                0x000000000800d250       0x1b Middlewares/Third_Party/LwIP/src/core/memp.o
 .rodata.memp_malloc.str1.1
                0x000000000800d26b       0x1d Middlewares/Third_Party/LwIP/src/core/memp.o
 .rodata.memp_pools
                0x000000000800d288       0x24 Middlewares/Third_Party/LwIP/src/core/memp.o
                0x000000000800d288                memp_pools
 .rodata.netif_add.str1.1
                0x000000000800d2ac       0x48 Middlewares/Third_Party/LwIP/src/core/netif.o
                                         0x70 (size before relaxing)
 .rodata.pbuf_alloc.str1.1
                0x000000000800d2f4       0xa8 Middlewares/Third_Party/LwIP/src/core/pbuf.o
 .rodata.pbuf_alloced_custom.str1.1
                0x000000000800d39c       0x24 Middlewares/Third_Party/LwIP/src/core/pbuf.o
 .rodata.pbuf_cat.str1.1
                0x000000000800d3c0       0x72 Middlewares/Third_Party/LwIP/src/core/pbuf.o
 .rodata.pbuf_copy.str1.1
                0x000000000800d432       0x99 Middlewares/Third_Party/LwIP/src/core/pbuf.o
 .rodata.pbuf_copy_partial.str1.1
                0x000000000800d4cb       0x42 Middlewares/Third_Party/LwIP/src/core/pbuf.o
 .rodata.pbuf_free.str1.1
                0x000000000800d50d       0x4c Middlewares/Third_Party/LwIP/src/core/pbuf.o
 .rodata.pbuf_header_impl.str1.1
                0x000000000800d559       0x5c Middlewares/Third_Party/LwIP/src/core/pbuf.o
                                         0x8e (size before relaxing)
 .rodata.pbuf_realloc.str1.1
                0x000000000800d5b5       0x78 Middlewares/Third_Party/LwIP/src/core/pbuf.o
 .rodata.pbuf_ref.str1.1
                0x000000000800d62d       0x12 Middlewares/Third_Party/LwIP/src/core/pbuf.o
 .rodata.tcp_abandon.str1.1
                0x000000000800d63f       0x31 Middlewares/Third_Party/LwIP/src/core/tcp.o
 .rodata.tcp_backoff
                0x000000000800d670        0xd Middlewares/Third_Party/LwIP/src/core/tcp.o
 .rodata.tcp_bind.str1.1
                0x000000000800d67d       0x28 Middlewares/Third_Party/LwIP/src/core/tcp.o
 .rodata.tcp_close_shutdown.str1.1
                0x000000000800d6a5       0x19 Middlewares/Third_Party/LwIP/src/core/tcp.o
 .rodata.tcp_close_shutdown_fin.str1.1
                0x000000000800d6be       0x3b Middlewares/Third_Party/LwIP/src/core/tcp.o
                                         0x63 (size before relaxing)
 .rodata.tcp_err.str1.1
                0x000000000800d6f9       0x26 Middlewares/Third_Party/LwIP/src/core/tcp.o
 .rodata.tcp_kill_state.str1.1
                0x000000000800d71f        0xe Middlewares/Third_Party/LwIP/src/core/tcp.o